../Core/Src/fmcw_stream.c:113:6:FMCWStream_Init	24	static
../Core/Src/fmcw_stream.c:154:9:FMCWStream_Start	24	static
../Core/Src/fmcw_stream.c:199:6:FMCWStream_Task	72	static,ignoring_inline_asm
../Core/Src/fmcw_stream.c:258:9:FMCWStream_DMA_IRQHandler	32	static
../Core/Src/fmcw_stream.c:338:6:FMCWStream_MuxoutIRQHandler	8	static
../Core/Src/fmcw_stream.c:348:9:FMCWStream_USBNextBuffer	24	static,ignoring_inline_asm
../Core/Src/fmcw_stream.c:369:6:FMCWStream_USBTxDone	24	static,ignoring_inline_asm
../Core/Src/fmcw_stream.c:388:13:FMCWStream_ResetQueues	16	static
../Core/Src/fmcw_stream.c:403:16:FMCWStream_PopFree	16	static
../Core/Src/fmcw_stream.c:416:13:FMCWStream_PushFree	16	static
../Core/Src/fmcw_stream.c:428:16:FMCWStream_PeekReady	16	static
../Core/Src/fmcw_stream.c:439:16:FMCWStream_PopReady	16	static
../Core/Src/fmcw_stream.c:452:13:FMCWStream_PushReady	16	static
../Core/Src/fmcw_stream.c:464:13:FMCWStream_FillHeader	32	static
../Core/Src/fmcw_stream.c:493:13:FMCWStream_ConfigureGain	32	static
../Core/Src/fmcw_stream.c:509:13:FMCWStream_ConfigureHsyncDrive	32	static
../Core/Src/fmcw_stream.c:525:13:FMCWStream_PrepareVsyncStart	32	static
../Core/Src/fmcw_stream.c:539:13:FMCWStream_ReleaseVsyncToDcmi	32	static
../Core/Src/fmcw_stream.c:551:13:FMCWStream_ShortDelay	16	static
../Core/Src/fmcw_stream.c:558:13:FMCWStream_ConfigureDcmiPins	48	static
../Core/Src/fmcw_stream.c:588:13:FMCWStream_ConfigureMuxoutExti	40	static
../Core/Src/fmcw_stream.c:604:13:FMCWStream_ConfigureDcmi	16	static
../Core/Src/fmcw_stream.c:619:13:FMCWStream_ConfigureDma	16	static
../Core/Src/fmcw_stream.c:656:13:FMCWStream_StartCaptureFromMuxout	8	static
../Core/Src/fmcw_stream.c:677:17:FMCWStream_ReadAdcBus	16	static
../Core/Src/fmcw_stream.c:697:17:FMCWStream_CountPixclkEdges	32	static
../Core/Src/fmcw_stream.c:716:13:FMCWStream_PrintCapturePins	40	static
