../Drivers/CMSIS/Include/core_cm4.h:2064:26:ITM_SendChar	16	static,ignoring_inline_asm
../Core/Src/main.c:41:5:__io_putchar	16	static
../Core/Src/main.c:47:5:main	8	static
../Core/Src/main.c:86:6:SystemClock_Config	88	static
../Core/Src/main.c:137:13:Clock_Failure	16	static
../Core/Src/main.c:149:13:MX_DCMI_Init	8	static
../Core/Src/main.c:167:13:MX_USB_OTG_HS_PCD_Init	8	static
../Core/Src/main.c:188:13:MX_DMA_Init	16	static
../Core/Src/main.c:199:13:MX_GPIO_Init	56	static
../Core/Src/main.c:280:6:Error_Handler	4	static,ignoring_inline_asm
