../Drivers/CMSIS/Include/core_cm4.h:2064:26:ITM_SendChar	16	static,ignoring_inline_asm
../Core/Src/main.c:42:5:__io_putchar	16	static
../Core/Src/main.c:48:5:main	8	static
../Core/Src/main.c:119:6:SystemClock_Config	88	static
../Core/Src/main.c:170:13:Clock_Failure	16	static
../Core/Src/main.c:182:13:MX_DCMI_Init	8	static
../Core/Src/main.c:200:13:MX_USB_OTG_HS_PCD_Init	8	static
../Core/Src/main.c:221:13:MX_DMA_Init	16	static
../Core/Src/main.c:232:13:MX_GPIO_Init	56	static
../Core/Src/main.c:314:6:Error_Handler	4	static,ignoring_inline_asm
