Archive member included to satisfy reference by file (symbol)

C:/ST/STM32CubeIDE_2.0.0/STM32CubeIDE/plugins/com.st.stm32cube.ide.mcu.externaltools.gnu-tools-for-stm32.13.3.rel1.win32_1.0.100.202509120712/tools/bin/../lib/gcc/arm-none-eabi/13.3.1/../../../../arm-none-eabi/lib/thumb/v7e-m+fp/hard\libc_nano.a(libc_a-exit.o)
                              C:/ST/STM32CubeIDE_2.0.0/STM32CubeIDE/plugins/com.st.stm32cube.ide.mcu.externaltools.gnu-tools-for-stm32.13.3.rel1.win32_1.0.100.202509120712/tools/bin/../lib/gcc/arm-none-eabi/13.3.1/../../../../arm-none-eabi/lib/thumb/v7e-m+fp/hard/crt0.o (exit)
C:/ST/STM32CubeIDE_2.0.0/STM32CubeIDE/plugins/com.st.stm32cube.ide.mcu.externaltools.gnu-tools-for-stm32.13.3.rel1.win32_1.0.100.202509120712/tools/bin/../lib/gcc/arm-none-eabi/13.3.1/../../../../arm-none-eabi/lib/thumb/v7e-m+fp/hard\libc_nano.a(libc_a-findfp.o)
                              C:/ST/STM32CubeIDE_2.0.0/STM32CubeIDE/plugins/com.st.stm32cube.ide.mcu.externaltools.gnu-tools-for-stm32.13.3.rel1.win32_1.0.100.202509120712/tools/bin/../lib/gcc/arm-none-eabi/13.3.1/../../../../arm-none-eabi/lib/thumb/v7e-m+fp/hard\libc_nano.a(libc_a-exit.o) (__stdio_exit_handler)
C:/ST/STM32CubeIDE_2.0.0/STM32CubeIDE/plugins/com.st.stm32cube.ide.mcu.externaltools.gnu-tools-for-stm32.13.3.rel1.win32_1.0.100.202509120712/tools/bin/../lib/gcc/arm-none-eabi/13.3.1/../../../../arm-none-eabi/lib/thumb/v7e-m+fp/hard\libc_nano.a(libc_a-fwalk.o)
                              C:/ST/STM32CubeIDE_2.0.0/STM32CubeIDE/plugins/com.st.stm32cube.ide.mcu.externaltools.gnu-tools-for-stm32.13.3.rel1.win32_1.0.100.202509120712/tools/bin/../lib/gcc/arm-none-eabi/13.3.1/../../../../arm-none-eabi/lib/thumb/v7e-m+fp/hard\libc_nano.a(libc_a-findfp.o) (_fwalk_sglue)
C:/ST/STM32CubeIDE_2.0.0/STM32CubeIDE/plugins/com.st.stm32cube.ide.mcu.externaltools.gnu-tools-for-stm32.13.3.rel1.win32_1.0.100.202509120712/tools/bin/../lib/gcc/arm-none-eabi/13.3.1/../../../../arm-none-eabi/lib/thumb/v7e-m+fp/hard\libc_nano.a(libc_a-printf.o)
                              ./Core/Src/adf4158.o (printf)
C:/ST/STM32CubeIDE_2.0.0/STM32CubeIDE/plugins/com.st.stm32cube.ide.mcu.externaltools.gnu-tools-for-stm32.13.3.rel1.win32_1.0.100.202509120712/tools/bin/../lib/gcc/arm-none-eabi/13.3.1/../../../../arm-none-eabi/lib/thumb/v7e-m+fp/hard\libc_nano.a(libc_a-puts.o)
                              ./Core/Src/adf4158.o (puts)
C:/ST/STM32CubeIDE_2.0.0/STM32CubeIDE/plugins/com.st.stm32cube.ide.mcu.externaltools.gnu-tools-for-stm32.13.3.rel1.win32_1.0.100.202509120712/tools/bin/../lib/gcc/arm-none-eabi/13.3.1/../../../../arm-none-eabi/lib/thumb/v7e-m+fp/hard\libc_nano.a(libc_a-stdio.o)
                              C:/ST/STM32CubeIDE_2.0.0/STM32CubeIDE/plugins/com.st.stm32cube.ide.mcu.externaltools.gnu-tools-for-stm32.13.3.rel1.win32_1.0.100.202509120712/tools/bin/../lib/gcc/arm-none-eabi/13.3.1/../../../../arm-none-eabi/lib/thumb/v7e-m+fp/hard\libc_nano.a(libc_a-findfp.o) (__sread)
C:/ST/STM32CubeIDE_2.0.0/STM32CubeIDE/plugins/com.st.stm32cube.ide.mcu.externaltools.gnu-tools-for-stm32.13.3.rel1.win32_1.0.100.202509120712/tools/bin/../lib/gcc/arm-none-eabi/13.3.1/../../../../arm-none-eabi/lib/thumb/v7e-m+fp/hard\libc_nano.a(libc_a-wbuf.o)
                              C:/ST/STM32CubeIDE_2.0.0/STM32CubeIDE/plugins/com.st.stm32cube.ide.mcu.externaltools.gnu-tools-for-stm32.13.3.rel1.win32_1.0.100.202509120712/tools/bin/../lib/gcc/arm-none-eabi/13.3.1/../../../../arm-none-eabi/lib/thumb/v7e-m+fp/hard\libc_nano.a(libc_a-puts.o) (__swbuf_r)
C:/ST/STM32CubeIDE_2.0.0/STM32CubeIDE/plugins/com.st.stm32cube.ide.mcu.externaltools.gnu-tools-for-stm32.13.3.rel1.win32_1.0.100.202509120712/tools/bin/../lib/gcc/arm-none-eabi/13.3.1/../../../../arm-none-eabi/lib/thumb/v7e-m+fp/hard\libc_nano.a(libc_a-wsetup.o)
                              C:/ST/STM32CubeIDE_2.0.0/STM32CubeIDE/plugins/com.st.stm32cube.ide.mcu.externaltools.gnu-tools-for-stm32.13.3.rel1.win32_1.0.100.202509120712/tools/bin/../lib/gcc/arm-none-eabi/13.3.1/../../../../arm-none-eabi/lib/thumb/v7e-m+fp/hard\libc_nano.a(libc_a-puts.o) (__swsetup_r)
C:/ST/STM32CubeIDE_2.0.0/STM32CubeIDE/plugins/com.st.stm32cube.ide.mcu.externaltools.gnu-tools-for-stm32.13.3.rel1.win32_1.0.100.202509120712/tools/bin/../lib/gcc/arm-none-eabi/13.3.1/../../../../arm-none-eabi/lib/thumb/v7e-m+fp/hard\libc_nano.a(libc_a-memset.o)
                              C:/ST/STM32CubeIDE_2.0.0/STM32CubeIDE/plugins/com.st.stm32cube.ide.mcu.externaltools.gnu-tools-for-stm32.13.3.rel1.win32_1.0.100.202509120712/tools/bin/../lib/gcc/arm-none-eabi/13.3.1/../../../../arm-none-eabi/lib/thumb/v7e-m+fp/hard/crt0.o (memset)
C:/ST/STM32CubeIDE_2.0.0/STM32CubeIDE/plugins/com.st.stm32cube.ide.mcu.externaltools.gnu-tools-for-stm32.13.3.rel1.win32_1.0.100.202509120712/tools/bin/../lib/gcc/arm-none-eabi/13.3.1/../../../../arm-none-eabi/lib/thumb/v7e-m+fp/hard\libc_nano.a(libc_a-closer.o)
[...]
Memory Configuration

Name             Origin             Length             Attributes
CCMRAM           0x10000000         0x00010000         xrw
RAM              0x20000000         0x00030000         xrw
FLASH            0x08000000         0x00080000         xr
*default*        0x00000000         0xffffffff

Linker script and memory map

LOAD C:/ST/STM32CubeIDE_2.0.0/STM32CubeIDE/plugins/com.st.stm32cube.ide.mcu.externaltools.gnu-tools-for-stm32.13.3.rel1.win32_1.0.100.202509120712/tools/bin/../lib/gcc/arm-none-eabi/13.3.1/thumb/v7e-m+fp/hard/crti.o
LOAD C:/ST/STM32CubeIDE_2.0.0/STM32CubeIDE/plugins/com.st.stm32cube.ide.mcu.externaltools.gnu-tools-for-stm32.13.3.rel1.win32_1.0.100.202509120712/tools/bin/../lib/gcc/arm-none-eabi/13.3.1/thumb/v7e-m+fp/hard/crtbegin.o
LOAD C:/ST/STM32CubeIDE_2.0.0/STM32CubeIDE/plugins/com.st.stm32cube.ide.mcu.externaltools.gnu-tools-for-stm32.13.3.rel1.win32_1.0.100.202509120712/tools/bin/../lib/gcc/arm-none-eabi/13.3.1/../../../../arm-none-eabi/lib/thumb/v7e-m+fp/hard/crt0.o
LOAD ./Core/Src/adf4158.o
LOAD ./Core/Src/fmcw_stream.o
LOAD ./Core/Src/ltc1420_debug.o
LOAD ./Core/Src/main.o
LOAD ./Core/Src/pdet.o
LOAD ./Core/Src/rf_control.o
LOAD ./Core/Src/stm32f4xx_hal_msp.o
LOAD ./Core/Src/stm32f4xx_it.o
LOAD ./Core/Src/syscalls.o
LOAD ./Core/Src/sysmem.o
LOAD ./Core/Src/system_stm32f4xx.o
LOAD ./Core/Src/usb_hs_debug.o
LOAD ./Core/Startup/startup_stm32f429vetx.o
LOAD ./Drivers/STM32F4xx_HAL_Driver/Src/stm32f4xx_hal.o
LOAD ./Drivers/STM32F4xx_HAL_Driver/Src/stm32f4xx_hal_cortex.o
LOAD ./Drivers/STM32F4xx_HAL_Driver/Src/stm32f4xx_hal_dcmi.o
LOAD ./Drivers/STM32F4xx_HAL_Driver/Src/stm32f4xx_hal_dcmi_ex.o
LOAD ./Drivers/STM32F4xx_HAL_Driver/Src/stm32f4xx_hal_dma.o
LOAD ./Drivers/STM32F4xx_HAL_Driver/Src/stm32f4xx_hal_dma_ex.o
LOAD ./Drivers/STM32F4xx_HAL_Driver/Src/stm32f4xx_hal_exti.o
LOAD ./Drivers/STM32F4xx_HAL_Driver/Src/stm32f4xx_hal_flash.o
LOAD ./Drivers/STM32F4xx_HAL_Driver/Src/stm32f4xx_hal_flash_ex.o
LOAD ./Drivers/STM32F4xx_HAL_Driver/Src/stm32f4xx_hal_flash_ramfunc.o
LOAD ./Drivers/STM32F4xx_HAL_Driver/Src/stm32f4xx_hal_gpio.o
LOAD ./Drivers/STM32F4xx_HAL_Driver/Src/stm32f4xx_hal_pcd.o
LOAD ./Drivers/STM32F4xx_HAL_Driver/Src/stm32f4xx_hal_pcd_ex.o
LOAD ./Drivers/STM32F4xx_HAL_Driver/Src/stm32f4xx_hal_pwr.o
LOAD ./Drivers/STM32F4xx_HAL_Driver/Src/stm32f4xx_hal_pwr_ex.o
LOAD ./Drivers/STM32F4xx_HAL_Driver/Src/stm32f4xx_hal_rcc.o
LOAD ./Drivers/STM32F4xx_HAL_Driver/Src/stm32f4xx_hal_rcc_ex.o
LOAD ./Drivers/STM32F4xx_HAL_Driver/Src/stm32f4xx_hal_spi.o
LOAD ./Drivers/STM32F4xx_HAL_Driver/Src/stm32f4xx_ll_usb.o
START GROUP
LOAD C:/ST/STM32CubeIDE_2.0.0/STM32CubeIDE/plugins/com.st.stm32cube.ide.mcu.externaltools.gnu-tools-for-stm32.13.3.rel1.win32_1.0.100.202509120712/tools/bin/../lib/gcc/arm-none-eabi/13.3.1/../../../../arm-none-eabi/lib/thumb/v7e-m+fp/hard\libc_nano.a
LOAD C:/ST/STM32CubeIDE_2.0.0/STM32CubeIDE/plugins/com.st.stm32cube.ide.mcu.externaltools.gnu-tools-for-stm32.13.3.rel1.win32_1.0.100.202509120712/tools/bin/../lib/gcc/arm-none-eabi/13.3.1/../../../../arm-none-eabi/lib/thumb/v7e-m+fp/hard\libm.a
END GROUP
START GROUP
LOAD C:/ST/STM32CubeIDE_2.0.0/STM32CubeIDE/plugins/com.st.stm32cube.ide.mcu.externaltools.gnu-tools-for-stm32.13.3.rel1.win32_1.0.100.202509120712/tools/bin/../lib/gcc/arm-none-eabi/13.3.1/thumb/v7e-m+fp/hard\libgcc.a
LOAD C:/ST/STM32CubeIDE_2.0.0/STM32CubeIDE/plugins/com.st.stm32cube.ide.mcu.externaltools.gnu-tools-for-stm32.13.3.rel1.win32_1.0.100.202509120712/tools/bin/../lib/gcc/arm-none-eabi/13.3.1/../../../../arm-none-eabi/lib/thumb/v7e-m+fp/hard\libc_nano.a
END GROUP
START GROUP
LOAD C:/ST/STM32CubeIDE_2.0.0/STM32CubeIDE/plugins/com.st.stm32cube.ide.mcu.externaltools.gnu-tools-for-stm32.13.3.rel1.win32_1.0.100.202509120712/tools/bin/../lib/gcc/arm-none-eabi/13.3.1/thumb/v7e-m+fp/hard\libgcc.a
LOAD C:/ST/STM32CubeIDE_2.0.0/STM32CubeIDE/plugins/com.st.stm32cube.ide.mcu.externaltools.gnu-tools-for-stm32.13.3.rel1.win32_1.0.100.202509120712/tools/bin/../lib/gcc/arm-none-eabi/13.3.1/../../../../arm-none-eabi/lib/thumb/v7e-m+fp/hard\libc_nano.a
LOAD C:/ST/STM32CubeIDE_2.0.0/STM32CubeIDE/plugins/com.st.stm32cube.ide.mcu.externaltools.gnu-tools-for-stm32.13.3.rel1.win32_1.0.100.202509120712/tools/bin/../lib/gcc/arm-none-eabi/13.3.1/../../../../arm-none-eabi/lib/thumb/v7e-m+fp/hard\libnosys.a
END GROUP
START GROUP
LOAD C:/ST/STM32CubeIDE_2.0.0/STM32CubeIDE/plugins/com.st.stm32cube.ide.mcu.externaltools.gnu-tools-for-stm32.13.3.rel1.win32_1.0.100.202509120712/tools/bin/../lib/gcc/arm-none-eabi/13.3.1/thumb/v7e-m+fp/hard\libgcc.a
LOAD C:/ST/STM32CubeIDE_2.0.0/STM32CubeIDE/plugins/com.st.stm32cube.ide.mcu.externaltools.gnu-tools-for-stm32.13.3.rel1.win32_1.0.100.202509120712/tools/bin/../lib/gcc/arm-none-eabi/13.3.1/../../../../arm-none-eabi/lib/thumb/v7e-m+fp/hard\libc_nano.a
LOAD C:/ST/STM32CubeIDE_2.0.0/STM32CubeIDE/plugins/com.st.stm32cube.ide.mcu.externaltools.gnu-tools-for-stm32.13.3.rel1.win32_1.0.100.202509120712/tools/bin/../lib/gcc/arm-none-eabi/13.3.1/../../../../arm-none-eabi/lib/thumb/v7e-m+fp/hard\libnosys.a
END GROUP
LOAD C:/ST/STM32CubeIDE_2.0.0/STM32CubeIDE/plugins/com.st.stm32cube.ide.mcu.externaltools.gnu-tools-for-stm32.13.3.rel1.win32_1.0.100.202509120712/tools/bin/../lib/gcc/arm-none-eabi/13.3.1/thumb/v7e-m+fp/hard/crtend.o
LOAD C:/ST/STM32CubeIDE_2.0.0/STM32CubeIDE/plugins/com.st.stm32cube.ide.mcu.externaltools.gnu-tools-for-stm32.13.3.rel1.win32_1.0.100.202509120712/tools/bin/../lib/gcc/arm-none-eabi/13.3.1/thumb/v7e-m+fp/hard/crtn.o
                0x20030000                        _estack = (ORIGIN (RAM) + LENGTH (RAM))
                0x00000200                        _Min_Heap_Size = 0x200
                0x00001000                        _Min_Stack_Size = 0x1000

.isr_vector     0x08000000      0x1ac
                0x08000000                        . = ALIGN (0x4)
 *(.isr_vector)
 .isr_vector    0x08000000      0x1ac ./Core/Startup/startup_stm32f429vetx.o
                0x08000000                g_pfnVectors
                0x080001ac                        . = ALIGN (0x4)

.text           0x080001b0     0x8df0
                0x080001b0                        . = ALIGN (0x4)
 *(.text)
 .text          0x080001b0       0x40 C:/ST/STM32CubeIDE_2.0.0/STM32CubeIDE/plugins/com.st.stm32cube.ide.mcu.externaltools.gnu-tools-for-stm32.13.3.rel1.win32_1.0.100.202509120712/tools/bin/../lib/gcc/arm-none-eabi/13.3.1/thumb/v7e-m+fp/hard/crtbegin.o
 .text          0x080001f0       0xa0 C:/ST/STM32CubeIDE_2.0.0/STM32CubeIDE/plugins/com.st.stm32cube.ide.mcu.externaltools.gnu-tools-for-stm32.13.3.rel1.win32_1.0.100.202509120712/tools/bin/../lib/gcc/arm-none-eabi/13.3.1/../../../../arm-none-eabi/lib/thumb/v7e-m+fp/hard\libc_nano.a(libc_a-memchr.o)
                0x080001f0                memchr
 .text          0x08000290       0x30 C:/ST/STM32CubeIDE_2.0.0/STM32CubeIDE/plugins/com.st.stm32cube.ide.mcu.externaltools.gnu-tools-for-stm32.13.3.rel1.win32_1.0.100.202509120712/tools/bin/../lib/gcc/arm-none-eabi/13.3.1/thumb/v7e-m+fp/hard\libgcc.a(_aeabi_uldivmod.o)
                0x08000290                __aeabi_uldivmod
 .text          0x080002c0      0x2f8 C:/ST/STM32CubeIDE_2.0.0/STM32CubeIDE/plugins/com.st.stm32cube.ide.mcu.externaltools.gnu-tools-for-stm32.13.3.rel1.win32_1.0.100.202509120712/tools/bin/../lib/gcc/arm-none-eabi/13.3.1/thumb/v7e-m+fp/hard\libgcc.a(_udivmoddi4.o)
                0x080002c0                __udivmoddi4
 .text          0x080005b8        0x4 C:/ST/STM32CubeIDE_2.0.0/STM32CubeIDE/plugins/com.st.stm32cube.ide.mcu.externaltools.gnu-tools-for-stm32.13.3.rel1.win32_1.0.100.202509120712/tools/bin/../lib/gcc/arm-none-eabi/13.3.1/thumb/v7e-m+fp/hard\libgcc.a(_dvmd_tls.o)
                0x080005b8                __aeabi_idiv0
                0x080005b8                __aeabi_ldiv0
 *(.text*)
 .text.ADF4158_Init
                0x080005bc      0x1f0 ./Core/Src/adf4158.o
                0x080005bc                ADF4158_Init
 .text.ADF4158_Program
                0x080007ac       0x6c ./Core/Src/adf4158.o
                0x080007ac                ADF4158_Program
 .text.ADF4158_EnableRfOutput
                0x08000818       0x60 ./Core/Src/adf4158.o
                0x08000818                ADF4158_EnableRfOutput
 .text.ADF4158_Write32
                0x08000878       0x88 ./Core/Src/adf4158.o
 .text.ADF4158_Failure
                0x08000900       0x34 ./Core/Src/adf4158.o
 .text.FMCWStream_Init
                0x08000934       0xfc ./Core/Src/fmcw_stream.o
                0x08000934                FMCWStream_Init
 .text.FMCWStream_Start
                0x08000a30       0xe8 ./Core/Src/fmcw_stream.o
                0x08000a30                FMCWStream_Start
 .text.FMCWStream_Task
                0x08000b18      0x150 ./Core/Src/fmcw_stream.o
                0x08000b18                FMCWStream_Task
 .text.FMCWStream_DMA_IRQHandler
                0x08000c68      0x170 ./Core/Src/fmcw_stream.o
                0x08000c68                FMCWStream_DMA_IRQHandler
 .text.FMCWStream_MuxoutIRQHandler
                0x08000dd8       0x3c ./Core/Src/fmcw_stream.o
                0x08000dd8                FMCWStream_MuxoutIRQHandler
 .text.FMCWStream_USBNextBuffer
                0x08000e14       0x64 ./Core/Src/fmcw_stream.o
                0x08000e14                FMCWStream_USBNextBuffer
 .text.FMCWStream_USBTxDone
                0x08000e78       0x6c ./Core/Src/fmcw_stream.o
                0x08000e78                FMCWStream_USBTxDone
 .text.FMCWStream_ResetQueues
                0x08000ee4       0x68 ./Core/Src/fmcw_stream.o
 .text.FMCWStream_PopFree
                0x08000f4c       0x68 ./Core/Src/fmcw_stream.o
 .text.FMCWStream_PushFree
                0x08000fb4       0x60 ./Core/Src/fmcw_stream.o
 .text.FMCWStream_PeekReady
                0x08001014       0x48 ./Core/Src/fmcw_stream.o
 .text.FMCWStream_PopReady
                0x0800105c       0x68 ./Core/Src/fmcw_stream.o
 .text.FMCWStream_PushReady
                0x080010c4       0x60 ./Core/Src/fmcw_stream.o
 .text.FMCWStream_FillHeader
                0x08001124      0x178 ./Core/Src/fmcw_stream.o
 .text.FMCWStream_ConfigureGain
                0x0800129c       0x74 ./Core/Src/fmcw_stream.o
 .text.FMCWStream_ConfigureHsyncDrive
                0x08001310       0x64 ./Core/Src/fmcw_stream.o
 .text.FMCWStream_PrepareVsyncStart
                0x08001374       0x64 ./Core/Src/fmcw_stream.o
 .text.FMCWStream_ReleaseVsyncToDcmi
                0x080013d8       0x40 ./Core/Src/fmcw_stream.o
 .text.FMCWStream_ShortDelay
                0x08001418       0x28 ./Core/Src/fmcw_stream.o
 .text.FMCWStream_ConfigureDcmiPins
                0x08001440      0x104 ./Core/Src/fmcw_stream.o
 .text.FMCWStream_ConfigureMuxoutExti
                0x08001544       0x88 ./Core/Src/fmcw_stream.o
 .text.FMCWStream_ConfigureDcmi
                0x080015cc       0x68 ./Core/Src/fmcw_stream.o
 .text.FMCWStream_ConfigureDma
                0x08001634       0xd0 ./Core/Src/fmcw_stream.o
 .text.FMCWStream_StartCaptureFromMuxout
                0x08001704       0x64 ./Core/Src/fmcw_stream.o
 .text.FMCWStream_ReadAdcBus
                0x08001768      0x18c ./Core/Src/fmcw_stream.o
 .text.FMCWStream_CountPixclkEdges
                0x080018f4       0x5c ./Core/Src/fmcw_stream.o
 .text.FMCWStream_PrintCapturePins
                0x08001950       0x64 ./Core/Src/fmcw_stream.o
 .text.ITM_SendChar
                0x080019b4       0x4e ./Core/Src/main.o
 .text.__io_putchar
                0x08001a02       0x1a ./Core/Src/main.o
                0x08001a02                __io_putchar
 .text.main     0x08001a1c       0xac ./Core/Src/main.o
                0x08001a1c                main
 .text.SystemClock_Config
                0x08001ac8      0x148 ./Core/Src/main.o
                0x08001ac8                SystemClock_Config
 .text.Clock_Failure
                0x08001c10       0x40 ./Core/Src/main.o
 .text.Error_Handler
                0x08001c50        0xc ./Core/Src/main.o
                0x08001c50                Error_Handler
 .text.PDET_Init
                0x08001c5c       0xdc ./Core/Src/pdet.o
                0x08001c5c                PDET_Init
 .text.PDET_ReadRaw
                0x08001d38       0x70 ./Core/Src/pdet.o
                0x08001d38                PDET_ReadRaw
 .text.PDET_PrintOnce
                0x08001da8       0x60 ./Core/Src/pdet.o
                0x08001da8                PDET_PrintOnce
 .text.HAL_MspInit
                0x08001e08       0x50 ./Core/Src/stm32f4xx_hal_msp.o
                0x08001e08                HAL_MspInit
 .text.HAL_PCD_MspInit
                0x08001e58      0x12c ./Core/Src/stm32f4xx_hal_msp.o
                0x08001e58                HAL_PCD_MspInit
 .text.NMI_Handler
                0x08001f84        0x8 ./Core/Src/stm32f4xx_it.o
                0x08001f84                NMI_Handler
 .text.HardFault_Handler
                0x08001f8c        0x8 ./Core/Src/stm32f4xx_it.o
                0x08001f8c                HardFault_Handler
 .text.MemManage_Handler
                0x08001f94        0x8 ./Core/Src/stm32f4xx_it.o
                0x08001f94                MemManage_Handler
 .text.BusFault_Handler
                0x08001f9c        0x8 ./Core/Src/stm32f4xx_it.o
                0x08001f9c                BusFault_Handler
 .text.UsageFault_Handler
                0x08001fa4        0x8 ./Core/Src/stm32f4xx_it.o
                0x08001fa4                UsageFault_Handler
 .text.SVC_Handler
                0x08001fac        0xe ./Core/Src/stm32f4xx_it.o
                0x08001fac                SVC_Handler
 .text.DebugMon_Handler
                0x08001fba        0xe ./Core/Src/stm32f4xx_it.o
                0x08001fba                DebugMon_Handler
 .text.PendSV_Handler
                0x08001fc8        0xe ./Core/Src/stm32f4xx_it.o
                0x08001fc8                PendSV_Handler
 .text.SysTick_Handler
                0x08001fd6        0xc ./Core/Src/stm32f4xx_it.o
                0x08001fd6                SysTick_Handler
 *fill*         0x08001fe2        0x2 
 .text.DMA2_Stream1_IRQHandler
                0x08001fe4       0x20 ./Core/Src/stm32f4xx_it.o
                0x08001fe4                DMA2_Stream1_IRQHandler
 .text.EXTI9_5_IRQHandler
                0x08002004       0x24 ./Core/Src/stm32f4xx_it.o
                0x08002004                EXTI9_5_IRQHandler
 .text.OTG_HS_IRQHandler
                0x08002028       0x14 ./Core/Src/stm32f4xx_it.o
                0x08002028                OTG_HS_IRQHandler
 .text._read    0x0800203c       0x3a ./Core/Src/syscalls.o
                0x0800203c                _read
 .text._write   0x08002076       0x38 ./Core/Src/syscalls.o
                0x08002076                _write
 .text._close   0x080020ae       0x18 ./Core/Src/syscalls.o
                0x080020ae                _close
 .text._fstat   0x080020c6       0x20 ./Core/Src/syscalls.o
                0x080020c6                _fstat
 .text._isatty  0x080020e6       0x16 ./Core/Src/syscalls.o
                0x080020e6                _isatty
 .text._lseek   0x080020fc       0x1a ./Core/Src/syscalls.o
                0x080020fc                _lseek
 *fill*         0x08002116        0x2 
 .text._sbrk    0x08002118       0x6c ./Core/Src/sysmem.o
                0x08002118                _sbrk
 .text.SystemInit
                0x08002184       0x2c ./Core/Src/system_stm32f4xx.o
                0x08002184                SystemInit
 .text.USBHSDebug_Init
                0x080021b0      0x13c ./Core/Src/usb_hs_debug.o
                0x080021b0                USBHSDebug_Init
 .text.USBHSDebug_SetTxCallbacks
                0x080022ec       0x2c ./Core/Src/usb_hs_debug.o
                0x080022ec                USBHSDebug_SetTxCallbacks
 .text.USBHSDebug_IsConfigured
                0x08002318       0x20 ./Core/Src/usb_hs_debug.o
                0x08002318                USBHSDebug_IsConfigured
 .text.USBHSDebug_ClearStreamStartRequest
                0x08002338       0x18 ./Core/Src/usb_hs_debug.o
                0x08002338                USBHSDebug_ClearStreamStartRequest
 .text.USBHSDebug_IsStreamStartRequested
                0x08002350       0x24 ./Core/Src/usb_hs_debug.o
                0x08002350                USBHSDebug_IsStreamStartRequested
 .text.USBHSDebug_Task
                0x08002374      0x188 ./Core/Src/usb_hs_debug.o
                0x08002374                USBHSDebug_Task
 .text.USBHSDebug_StartDevice
                0x080024fc      0x184 ./Core/Src/usb_hs_debug.o
 .text.USBHSDebug_PreparePhyPinsForReset
                0x08002680       0xec ./Core/Src/usb_hs_debug.o
 .text.USBHSDebug_ResetPhy
                0x0800276c       0x8c ./Core/Src/usb_hs_debug.o
 .text.USBHSDebug_BringUpPhyClock
                0x080027f8       0xac ./Core/Src/usb_hs_debug.o
 .text.USBHSDebug_PulseStpWake
                0x080028a4       0x28 ./Core/Src/usb_hs_debug.o
 .text.USBHSDebug_CountUlpiClockTransitions
                0x080028cc       0xb4 ./Core/Src/usb_hs_debug.o
 .text.USBHSDebug_ReadUlpiDataBus
                0x08002980      0x104 ./Core/Src/usb_hs_debug.o
 .text.USBHSDebug_PrintUlpiPins
                0x08002a84       0x7c ./Core/Src/usb_hs_debug.o
 .text.USBHSDebug_PrintUlpiActivity
                0x08002b00      0x110 ./Core/Src/usb_hs_debug.o
 .text.USBHSDebug_WaitUlpiReady
                0x08002c10       0x40 ./Core/Src/usb_hs_debug.o
 .text.USBHSDebug_WaitUlpiDone
                0x08002c50       0x68 ./Core/Src/usb_hs_debug.o
 .text.USBHSDebug_ReadUlpiRegister
                0x08002cb8       0x54 ./Core/Src/usb_hs_debug.o
 .text.USBHSDebug_WriteUlpiRegister
                0x08002d0c       0x4c ./Core/Src/usb_hs_debug.o
 .text.USBHSDebug_ConfigureUsb3317DeviceMode
                0x08002d58       0xbc ./Core/Src/usb_hs_debug.o
 .text.USBHSDebug_PrintUlpiRegisters
                0x08002e14      0x208 ./Core/Src/usb_hs_debug.o
 .text.USBHSDebug_PrintUlpiRuntimeStatus
                0x0800301c       0xf0 ./Core/Src/usb_hs_debug.o
 .text.USBHSDebug_ResetUsbCorePeripheral
                0x0800310c       0x30 ./Core/Src/usb_hs_debug.o
 .text.USBHSDebug_PrintUsbCorePreflight
                0x0800313c       0x54 ./Core/Src/usb_hs_debug.o
 .text.USBHSDebug_PrintCoreStatus
                0x08003190       0x94 ./Core/Src/usb_hs_debug.o
 .text.USBHSDebug_ParseSetup
                0x08003224       0x58 ./Core/Src/usb_hs_debug.o
 .text.USBHSDebug_HandleStandardRequest
                0x0800327c      0x29c ./Core/Src/usb_hs_debug.o
 .text.USBHSDebug_HandleVendorRequest
                0x08003518       0x78 ./Core/Src/usb_hs_debug.o
 .text.USBHSDebug_SendControlData
                0x08003590       0x7c ./Core/Src/usb_hs_debug.o
 .text.USBHSDebug_SendStatus
                0x0800360c       0x2c ./Core/Src/usb_hs_debug.o
 .text.USBHSDebug_ReceiveStatusOut
                0x08003638       0x2c ./Core/Src/usb_hs_debug.o
 .text.USBHSDebug_StallControl
                0x08003664       0x2c ./Core/Src/usb_hs_debug.o
 .text.USBHSDebug_BulkMps
                0x08003690       0x24 ./Core/Src/usb_hs_debug.o
 .text.USBHSDebug_BuildConfigDescriptor
                0x080036b4       0xc0 ./Core/Src/usb_hs_debug.o
 .text.USBHSDebug_OpenBulkIn
                0x08003774       0x3c ./Core/Src/usb_hs_debug.o
 .text.USBHSDebug_CloseBulkIn
                0x080037b0       0x18 ./Core/Src/usb_hs_debug.o
 .text.USBHSDebug_PrepareTxBuffer
                0x080037c8       0x3c ./Core/Src/usb_hs_debug.o
 .text.USBHSDebug_QueueNextPacket
                0x08003804       0xd4 ./Core/Src/usb_hs_debug.o
 .text.USBHSDebug_SpeedName
                0x080038d8       0x48 ./Core/Src/usb_hs_debug.o
 .text.HAL_PCD_SetupStageCallback
                0x08003920       0xa8 ./Core/Src/usb_hs_debug.o
                0x08003920                HAL_PCD_SetupStageCallback
 .text.HAL_PCD_ResetCallback
                0x080039c8       0xbc ./Core/Src/usb_hs_debug.o
                0x080039c8                HAL_PCD_ResetCallback
 .text.HAL_PCD_DataInStageCallback
                0x08003a84      0x118 ./Core/Src/usb_hs_debug.o
                0x08003a84                HAL_PCD_DataInStageCallback
 .text.HAL_PCD_DataOutStageCallback
                0x08003b9c       0x74 ./Core/Src/usb_hs_debug.o
                0x08003b9c                HAL_PCD_DataOutStageCallback
 .text.HAL_PCD_ConnectCallback
                0x08003c10       0x28 ./Core/Src/usb_hs_debug.o
                0x08003c10                HAL_PCD_ConnectCallback
 .text.HAL_PCD_DisconnectCallback
                0x08003c38       0x70 ./Core/Src/usb_hs_debug.o
                0x08003c38                HAL_PCD_DisconnectCallback
 .text.HAL_PCD_SuspendCallback
                0x08003ca8       0x28 ./Core/Src/usb_hs_debug.o
                0x08003ca8                HAL_PCD_SuspendCallback
 .text.HAL_PCD_ResumeCallback
                0x08003cd0       0x28 ./Core/Src/usb_hs_debug.o
                0x08003cd0                HAL_PCD_ResumeCallback
 .text.Reset_Handler
                0x08003cf8       0x50 ./Core/Startup/startup_stm32f429vetx.o
                0x08003cf8                Reset_Handler
 .text.Default_Handler
                0x08003d48        0x2 ./Core/Startup/startup_stm32f429vetx.o
                0x08003d48                RTC_Alarm_IRQHandler
                0x08003d48                HASH_RNG_IRQHandler
                0x08003d48                EXTI2_IRQHandler
                0x08003d48                TIM8_CC_IRQHandler
                0x08003d48                UART8_IRQHandler
                0x08003d48                SPI4_IRQHandler
                0x08003d48                TIM1_CC_IRQHandler
                0x08003d48                DMA2_Stream5_IRQHandler
                0x08003d48                DMA1_Stream5_IRQHandler
                0x08003d48                PVD_IRQHandler
                0x08003d48                SDIO_IRQHandler
                0x08003d48                TAMP_STAMP_IRQHandler
                0x08003d48                CAN2_RX1_IRQHandler
                0x08003d48                EXTI3_IRQHandler
                0x08003d48                TIM8_TRG_COM_TIM14_IRQHandler
                0x08003d48                TIM1_UP_TIM10_IRQHandler
                0x08003d48                TIM8_UP_TIM13_IRQHandler
                0x08003d48                I2C3_ER_IRQHandler
                0x08003d48                EXTI0_IRQHandler
                0x08003d48                I2C2_EV_IRQHandler
                0x08003d48                DMA1_Stream2_IRQHandler
                0x08003d48                CAN1_RX0_IRQHandler
                0x08003d48                FPU_IRQHandler
                0x08003d48                OTG_HS_WKUP_IRQHandler
                0x08003d48                LTDC_ER_IRQHandler
                0x08003d48                CAN2_SCE_IRQHandler
                0x08003d48                DMA2_Stream2_IRQHandler
                0x08003d48                SPI1_IRQHandler
                0x08003d48                TIM6_DAC_IRQHandler
                0x08003d48                TIM1_BRK_TIM9_IRQHandler
                0x08003d48                DCMI_IRQHandler
                0x08003d48                CAN2_RX0_IRQHandler
                0x08003d48                DMA2_Stream3_IRQHandler
                0x08003d48                USART6_IRQHandler
                0x08003d48                USART3_IRQHandler
                0x08003d48                CAN1_RX1_IRQHandler
                0x08003d48                UART5_IRQHandler
                0x08003d48                DMA2_Stream0_IRQHandler
                0x08003d48                TIM4_IRQHandler
                0x08003d48                I2C1_EV_IRQHandler
                0x08003d48                DMA1_Stream6_IRQHandler
                0x08003d48                DMA1_Stream1_IRQHandler
                0x08003d48                UART4_IRQHandler
                0x08003d48                TIM3_IRQHandler
                0x08003d48                RCC_IRQHandler
                0x08003d48                TIM8_BRK_TIM12_IRQHandler
                0x08003d48                Default_Handler
                0x08003d48                EXTI15_10_IRQHandler
                0x08003d48                ADC_IRQHandler
                0x08003d48                DMA1_Stream7_IRQHandler
                0x08003d48                SPI5_IRQHandler
                0x08003d48                TIM7_IRQHandler
                0x08003d48                CAN2_TX_IRQHandler
                0x08003d48                TIM5_IRQHandler
                0x08003d48                DMA2_Stream7_IRQHandler
                0x08003d48                I2C3_EV_IRQHandler
                0x08003d48                RTC_WKUP_IRQHandler
                0x08003d48                LTDC_IRQHandler
                0x08003d48                ETH_WKUP_IRQHandler
                0x08003d48                SPI2_IRQHandler
                0x08003d48                OTG_HS_EP1_IN_IRQHandler
                0x08003d48                DMA1_Stream0_IRQHandler
                0x08003d48                CAN1_TX_IRQHandler
                0x08003d48                EXTI4_IRQHandler
                0x08003d48                ETH_IRQHandler
                0x08003d48                OTG_HS_EP1_OUT_IRQHandler
                0x08003d48                WWDG_IRQHandler
                0x08003d48                SPI6_IRQHandler
                0x08003d48                TIM2_IRQHandler
                0x08003d48                OTG_FS_WKUP_IRQHandler
                0x08003d48                TIM1_TRG_COM_TIM11_IRQHandler
                0x08003d48                DMA2D_IRQHandler
                0x08003d48                EXTI1_IRQHandler
                0x08003d48                UART7_IRQHandler
                0x08003d48                USART2_IRQHandler
                0x08003d48                I2C2_ER_IRQHandler
                0x08003d48                CAN1_SCE_IRQHandler
                0x08003d48                FLASH_IRQHandler
                0x08003d48                DMA2_Stream4_IRQHandler
                0x08003d48                USART1_IRQHandler
                0x08003d48                OTG_FS_IRQHandler
                0x08003d48                SPI3_IRQHandler
                0x08003d48                DMA1_Stream4_IRQHandler
                0x08003d48                I2C1_ER_IRQHandler
                0x08003d48                FMC_IRQHandler
                0x08003d48                DMA2_Stream6_IRQHandler
                0x08003d48                SAI1_IRQHandler
                0x08003d48                DMA1_Stream3_IRQHandler
 *fill*         0x08003d4a        0x2 
 .text.HAL_Init
                0x08003d4c       0x44 ./Drivers/STM32F4xx_HAL_Driver/Src/stm32f4xx_hal.o
                0x08003d4c                HAL_Init
 .text.HAL_InitTick
                0x08003d90       0x60 ./Drivers/STM32F4xx_HAL_Driver/Src/stm32f4xx_hal.o
                0x08003d90                HAL_InitTick
 .text.HAL_IncTick
                0x08003df0       0x28 ./Drivers/STM32F4xx_HAL_Driver/Src/stm32f4xx_hal.o
                0x08003df0                HAL_IncTick
 .text.HAL_GetTick
                0x08003e18       0x18 ./Drivers/STM32F4xx_HAL_Driver/Src/stm32f4xx_hal.o
                0x08003e18                HAL_GetTick
 .text.HAL_Delay
                0x08003e30       0x48 ./Drivers/STM32F4xx_HAL_Driver/Src/stm32f4xx_hal.o
                0x08003e30                HAL_Delay
 .text.__NVIC_SetPriorityGrouping
                0x08003e78       0x48 ./Drivers/STM32F4xx_HAL_Driver/Src/stm32f4xx_hal_cortex.o
 .text.__NVIC_GetPriorityGrouping
                0x08003ec0       0x1c ./Drivers/STM32F4xx_HAL_Driver/Src/stm32f4xx_hal_cortex.o
 .text.__NVIC_EnableIRQ
                0x08003edc       0x3c ./Drivers/STM32F4xx_HAL_Driver/Src/stm32f4xx_hal_cortex.o
 .text.__NVIC_SetPriority
                0x08003f18       0x54 ./Drivers/STM32F4xx_HAL_Driver/Src/stm32f4xx_hal_cortex.o
 .text.NVIC_EncodePriority
                0x08003f6c       0x66 ./Drivers/STM32F4xx_HAL_Driver/Src/stm32f4xx_hal_cortex.o
 *fill*         0x08003fd2        0x2 
 .text.SysTick_Config
                0x08003fd4       0x44 ./Drivers/STM32F4xx_HAL_Driver/Src/stm32f4xx_hal_cortex.o
 .text.HAL_NVIC_SetPriorityGrouping
                0x08004018       0x16 ./Drivers/STM32F4xx_HAL_Driver/Src/stm32f4xx_hal_cortex.o
                0x08004018                HAL_NVIC_SetPriorityGrouping
 .text.HAL_NVIC_SetPriority
                0x0800402e       0x38 ./Drivers/STM32F4xx_HAL_Driver/Src/stm32f4xx_hal_cortex.o
                0x0800402e                HAL_NVIC_SetPriority
 .text.HAL_NVIC_EnableIRQ
                0x08004066       0x1c ./Drivers/STM32F4xx_HAL_Driver/Src/stm32f4xx_hal_cortex.o
                0x08004066                HAL_NVIC_EnableIRQ
 .text.HAL_SYSTICK_Config
                0x08004082       0x18 ./Drivers/STM32F4xx_HAL_Driver/Src/stm32f4xx_hal_cortex.o
                0x08004082                HAL_SYSTICK_Config
 *fill*         0x0800409a        0x2 
 .text.HAL_DMA_IRQHandler
                0x0800409c      0x314 ./Drivers/STM32F4xx_HAL_Driver/Src/stm32f4xx_hal_dma.o
                0x0800409c                HAL_DMA_IRQHandler
 .text.HAL_GPIO_Init
                0x080043b0      0x358 ./Drivers/STM32F4xx_HAL_Driver/Src/stm32f4xx_hal_gpio.o
                0x080043b0                HAL_GPIO_Init
 .text.HAL_GPIO_ReadPin
                0x08004708       0x30 ./Drivers/STM32F4xx_HAL_Driver/Src/stm32f4xx_hal_gpio.o
                0x08004708                HAL_GPIO_ReadPin
 .text.HAL_GPIO_WritePin
                0x08004738       0x32 ./Drivers/STM32F4xx_HAL_Driver/Src/stm32f4xx_hal_gpio.o
                0x08004738                HAL_GPIO_WritePin
 .text.HAL_PCD_Init
                0x0800476a      0x21e ./Drivers/STM32F4xx_HAL_Driver/Src/stm32f4xx_hal_pcd.o
                0x0800476a                HAL_PCD_Init
 .text.HAL_PCD_Start
                0x08004988       0x6a ./Drivers/STM32F4xx_HAL_Driver/Src/stm32f4xx_hal_pcd.o
                0x08004988                HAL_PCD_Start
 .text.HAL_PCD_IRQHandler
                0x080049f2      0x942 ./Drivers/STM32F4xx_HAL_Driver/Src/stm32f4xx_hal_pcd.o
                0x080049f2                HAL_PCD_IRQHandler
 .text.HAL_PCD_SOFCallback
                0x08005334       0x14 ./Drivers/STM32F4xx_HAL_Driver/Src/stm32f4xx_hal_pcd.o
                0x08005334                HAL_PCD_SOFCallback
 .text.HAL_PCD_ISOOUTIncompleteCallback
                0x08005348       0x18 ./Drivers/STM32F4xx_HAL_Driver/Src/stm32f4xx_hal_pcd.o
                0x08005348                HAL_PCD_ISOOUTIncompleteCallback
 .text.HAL_PCD_ISOINIncompleteCallback
                0x08005360       0x18 ./Drivers/STM32F4xx_HAL_Driver/Src/stm32f4xx_hal_pcd.o
                0x08005360                HAL_PCD_ISOINIncompleteCallback
 .text.HAL_PCD_DevDisconnect
                0x08005378       0x60 ./Drivers/STM32F4xx_HAL_Driver/Src/stm32f4xx_hal_pcd.o
                0x08005378                HAL_PCD_DevDisconnect
 .text.HAL_PCD_SetAddress
                0x080053d8       0x48 ./Drivers/STM32F4xx_HAL_Driver/Src/stm32f4xx_hal_pcd.o
                0x080053d8                HAL_PCD_SetAddress
 .text.HAL_PCD_EP_Open
                0x08005420       0xd4 ./Drivers/STM32F4xx_HAL_Driver/Src/stm32f4xx_hal_pcd.o
                0x08005420                HAL_PCD_EP_Open
 .text.HAL_PCD_EP_Close
                0x080054f4       0x94 ./Drivers/STM32F4xx_HAL_Driver/Src/stm32f4xx_hal_pcd.o
                0x080054f4                HAL_PCD_EP_Close
 .text.HAL_PCD_EP_Receive
                0x08005588       0x76 ./Drivers/STM32F4xx_HAL_Driver/Src/stm32f4xx_hal_pcd.o
                0x08005588                HAL_PCD_EP_Receive
 .text.HAL_PCD_EP_GetRxCount
                0x080055fe       0x30 ./Drivers/STM32F4xx_HAL_Driver/Src/stm32f4xx_hal_pcd.o
                0x080055fe                HAL_PCD_EP_GetRxCount
 .text.HAL_PCD_EP_Transmit
                0x0800562e       0x74 ./Drivers/STM32F4xx_HAL_Driver/Src/stm32f4xx_hal_pcd.o
                0x0800562e                HAL_PCD_EP_Transmit
 .text.HAL_PCD_EP_SetStall
                0x080056a2       0xc6 ./Drivers/STM32F4xx_HAL_Driver/Src/stm32f4xx_hal_pcd.o
                0x080056a2                HAL_PCD_EP_SetStall
 .text.HAL_PCD_EP_Abort
                0x08005768       0x62 ./Drivers/STM32F4xx_HAL_Driver/Src/stm32f4xx_hal_pcd.o
                0x08005768                HAL_PCD_EP_Abort
 .text.PCD_WriteEmptyTxFifo
                0x080057ca      0x118 ./Drivers/STM32F4xx_HAL_Driver/Src/stm32f4xx_hal_pcd.o
 *fill*         0x080058e2        0x2 
 .text.PCD_EP_OutXfrComplete_int
                0x080058e4      0x1d0 ./Drivers/STM32F4xx_HAL_Driver/Src/stm32f4xx_hal_pcd.o
 .text.PCD_EP_OutSetupPacket_int
                0x08005ab4       0x8c ./Drivers/STM32F4xx_HAL_Driver/Src/stm32f4xx_hal_pcd.o
 .text.HAL_PCDEx_SetTxFiFo
                0x08005b40       0x8e ./Drivers/STM32F4xx_HAL_Driver/Src/stm32f4xx_hal_pcd_ex.o
                0x08005b40                HAL_PCDEx_SetTxFiFo
 .text.HAL_PCDEx_SetRxFiFo
                0x08005bce       0x22 ./Drivers/STM32F4xx_HAL_Driver/Src/stm32f4xx_hal_pcd_ex.o
                0x08005bce                HAL_PCDEx_SetRxFiFo
 .text.HAL_PCDEx_LPM_Callback
                0x08005bf0       0x18 ./Drivers/STM32F4xx_HAL_Driver/Src/stm32f4xx_hal_pcd_ex.o
                0x08005bf0                HAL_PCDEx_LPM_Callback
 .text.HAL_RCC_OscConfig
                0x08005c08      0x4f0 ./Drivers/STM32F4xx_HAL_Driver/Src/stm32f4xx_hal_rcc.o
                0x08005c08                HAL_RCC_OscConfig
 .text.HAL_RCC_ClockConfig
                0x080060f8      0x1cc ./Drivers/STM32F4xx_HAL_Driver/Src/stm32f4xx_hal_rcc.o
                0x080060f8                HAL_RCC_ClockConfig
 .text.HAL_RCC_MCOConfig
                0x080062c4       0xd0 ./Drivers/STM32F4xx_HAL_Driver/Src/stm32f4xx_hal_rcc.o
                0x080062c4                HAL_RCC_MCOConfig
 .text.HAL_RCC_GetSysClockFreq
                0x08006394      0x18c ./Drivers/STM32F4xx_HAL_Driver/Src/stm32f4xx_hal_rcc.o
                0x08006394                HAL_RCC_GetSysClockFreq
 .text.HAL_RCC_GetHCLKFreq
                0x08006520       0x18 ./Drivers/STM32F4xx_HAL_Driver/Src/stm32f4xx_hal_rcc.o
                0x08006520                HAL_RCC_GetHCLKFreq
 .text.HAL_SPI_Init
                0x08006538      0x112 ./Drivers/STM32F4xx_HAL_Driver/Src/stm32f4xx_hal_spi.o
                0x08006538                HAL_SPI_Init
 .text.HAL_SPI_MspInit
                0x0800664a       0x14 ./Drivers/STM32F4xx_HAL_Driver/Src/stm32f4xx_hal_spi.o
                0x0800664a                HAL_SPI_MspInit
 .text.HAL_SPI_Transmit
                0x0800665e      0x288 ./Drivers/STM32F4xx_HAL_Driver/Src/stm32f4xx_hal_spi.o
                0x0800665e                HAL_SPI_Transmit
 *fill*         0x080068e6        0x2 
 .text.SPI_WaitFlagStateUntilTimeout
                0x080068e8      0x110 ./Drivers/STM32F4xx_HAL_Driver/Src/stm32f4xx_hal_spi.o
 .text.SPI_EndRxTxTransaction
                0x080069f8       0xa8 ./Drivers/STM32F4xx_HAL_Driver/Src/stm32f4xx_hal_spi.o
 .text.USB_CoreInit
                0x08006aa0       0xc8 ./Drivers/STM32F4xx_HAL_Driver/Src/stm32f4xx_ll_usb.o
                0x08006aa0                USB_CoreInit
 .text.USB_SetTurnaroundTime
                0x08006b68      0x144 ./Drivers/STM32F4xx_HAL_Driver/Src/stm32f4xx_ll_usb.o
                0x08006b68                USB_SetTurnaroundTime
 .text.USB_EnableGlobalInt
                0x08006cac       0x22 ./Drivers/STM32F4xx_HAL_Driver/Src/stm32f4xx_ll_usb.o
                0x08006cac                USB_EnableGlobalInt
 .text.USB_DisableGlobalInt
                0x08006cce       0x22 ./Drivers/STM32F4xx_HAL_Driver/Src/stm32f4xx_ll_usb.o
                0x08006cce                USB_DisableGlobalInt
 .text.USB_SetCurrentMode
                0x08006cf0       0x98 ./Drivers/STM32F4xx_HAL_Driver/Src/stm32f4xx_ll_usb.o
                0x08006cf0                USB_SetCurrentMode
 .text.USB_DevInit
                0x08006d88      0x2c8 ./Drivers/STM32F4xx_HAL_Driver/Src/stm32f4xx_ll_usb.o
                0x08006d88                USB_DevInit
 .text.USB_FlushTxFifo
                0x08007050       0x64 ./Drivers/STM32F4xx_HAL_Driver/Src/stm32f4xx_ll_usb.o
                0x08007050                USB_FlushTxFifo
 .text.USB_FlushRxFifo
                0x080070b4       0x5c ./Drivers/STM32F4xx_HAL_Driver/Src/stm32f4xx_ll_usb.o
                0x080070b4                USB_FlushRxFifo
 .text.USB_SetDevSpeed
                0x08007110       0x32 ./Drivers/STM32F4xx_HAL_Driver/Src/stm32f4xx_ll_usb.o
                0x08007110                USB_SetDevSpeed
 .text.USB_GetDevSpeed
                0x08007142       0x4a ./Drivers/STM32F4xx_HAL_Driver/Src/stm32f4xx_ll_usb.o
                0x08007142                USB_GetDevSpeed
 .text.USB_ActivateEndpoint
                0x0800718c      0x10e ./Drivers/STM32F4xx_HAL_Driver/Src/stm32f4xx_ll_usb.o
                0x0800718c                USB_ActivateEndpoint
 *fill*         0x0800729a        0x2 
 .text.USB_DeactivateEndpoint
                0x0800729c      0x1b8 ./Drivers/STM32F4xx_HAL_Driver/Src/stm32f4xx_ll_usb.o
                0x0800729c                USB_DeactivateEndpoint
 .text.USB_EPStartXfer
                0x08007454      0x53c ./Drivers/STM32F4xx_HAL_Driver/Src/stm32f4xx_ll_usb.o
                0x08007454                USB_EPStartXfer
 .text.USB_EPStopXfer
                0x08007990      0x154 ./Drivers/STM32F4xx_HAL_Driver/Src/stm32f4xx_ll_usb.o
                0x08007990                USB_EPStopXfer
 .text.USB_WritePacket
                0x08007ae4       0x7c ./Drivers/STM32F4xx_HAL_Driver/Src/stm32f4xx_ll_usb.o
                0x08007ae4                USB_WritePacket
 .text.USB_ReadPacket
                0x08007b60       0xb0 ./Drivers/STM32F4xx_HAL_Driver/Src/stm32f4xx_ll_usb.o
                0x08007b60                USB_ReadPacket
 .text.USB_EPSetStall
                0x08007c10       0xdc ./Drivers/STM32F4xx_HAL_Driver/Src/stm32f4xx_ll_usb.o
                0x08007c10                USB_EPSetStall
 .text.USB_SetDevAddress
                0x08007cec       0x4c ./Drivers/STM32F4xx_HAL_Driver/Src/stm32f4xx_ll_usb.o
                0x08007cec                USB_SetDevAddress
 .text.USB_DevConnect
                0x08007d38       0x42 ./Drivers/STM32F4xx_HAL_Driver/Src/stm32f4xx_ll_usb.o
                0x08007d38                USB_DevConnect
 .text.USB_DevDisconnect
                0x08007d7a       0x42 ./Drivers/STM32F4xx_HAL_Driver/Src/stm32f4xx_ll_usb.o
                0x08007d7a                USB_DevDisconnect
 .text.USB_ReadInterrupts
                0x08007dbc       0x26 ./Drivers/STM32F4xx_HAL_Driver/Src/stm32f4xx_ll_usb.o
                0x08007dbc                USB_ReadInterrupts
 .text.USB_ReadDevAllOutEpInterrupt
                0x08007de2       0x34 ./Drivers/STM32F4xx_HAL_Driver/Src/stm32f4xx_ll_usb.o
                0x08007de2                USB_ReadDevAllOutEpInterrupt
 .text.USB_ReadDevAllInEpInterrupt
                0x08007e16       0x34 ./Drivers/STM32F4xx_HAL_Driver/Src/stm32f4xx_ll_usb.o
                0x08007e16                USB_ReadDevAllInEpInterrupt
 .text.USB_ReadDevOutEPInterrupt
                0x08007e4a       0x3c ./Drivers/STM32F4xx_HAL_Driver/Src/stm32f4xx_ll_usb.o
                0x08007e4a                USB_ReadDevOutEPInterrupt
 .text.USB_ReadDevInEPInterrupt
                0x08007e86       0x5c ./Drivers/STM32F4xx_HAL_Driver/Src/stm32f4xx_ll_usb.o
                0x08007e86                USB_ReadDevInEPInterrupt
 .text.USB_GetMode
                0x08007ee2       0x1c ./Drivers/STM32F4xx_HAL_Driver/Src/stm32f4xx_ll_usb.o
                0x08007ee2                USB_GetMode
 .text.USB_ActivateSetup
                0x08007efe       0x46 ./Drivers/STM32F4xx_HAL_Driver/Src/stm32f4xx_ll_usb.o
                0x08007efe                USB_ActivateSetup
 .text.USB_EP0_OutStart
                0x08007f44       0xbc ./Drivers/STM32F4xx_HAL_Driver/Src/stm32f4xx_ll_usb.o
                0x08007f44                USB_EP0_OutStart
 .text.USB_CoreReset
                0x08008000       0x70 ./Drivers/STM32F4xx_HAL_Driver/Src/stm32f4xx_ll_usb.o
 .text.std      0x08008070       0x6c C:/ST/STM32CubeIDE_2.0.0/STM32CubeIDE/plugins/com.st.stm32cube.ide.mcu.externaltools.gnu-tools-for-stm32.13.3.rel1.win32_1.0.100.202509120712/tools/bin/../lib/gcc/arm-none-eabi/13.3.1/../../../../arm-none-eabi/lib/thumb/v7e-m+fp/hard\libc_nano.a(libc_a-findfp.o)
 .text.stdio_exit_handler
                0x080080dc       0x18 C:/ST/STM32CubeIDE_2.0.0/STM32CubeIDE/plugins/com.st.stm32cube.ide.mcu.externaltools.gnu-tools-for-stm32.13.3.rel1.win32_1.0.100.202509120712/tools/bin/../lib/gcc/arm-none-eabi/13.3.1/../../../../arm-none-eabi/lib/thumb/v7e-m+fp/hard\libc_nano.a(libc_a-findfp.o)
 .text.cleanup_stdio
                0x080080f4       0x40 C:/ST/STM32CubeIDE_2.0.0/STM32CubeIDE/plugins/com.st.stm32cube.ide.mcu.externaltools.gnu-tools-for-stm32.13.3.rel1.win32_1.0.100.202509120712/tools/bin/../lib/gcc/arm-none-eabi/13.3.1/../../../../arm-none-eabi/lib/thumb/v7e-m+fp/hard\libc_nano.a(libc_a-findfp.o)
 .text.global_stdio_init.part.0
                0x08008134       0x3c C:/ST/STM32CubeIDE_2.0.0/STM32CubeIDE/plugins/com.st.stm32cube.ide.mcu.externaltools.gnu-tools-for-stm32.13.3.rel1.win32_1.0.100.202509120712/tools/bin/../lib/gcc/arm-none-eabi/13.3.1/../../../../arm-none-eabi/lib/thumb/v7e-m+fp/hard\libc_nano.a(libc_a-findfp.o)
 .text.__sfp_lock_acquire
                0x08008170        0xc C:/ST/STM32CubeIDE_2.0.0/STM32CubeIDE/plugins/com.st.stm32cube.ide.mcu.externaltools.gnu-tools-for-stm32.13.3.rel1.win32_1.0.100.202509120712/tools/bin/../lib/gcc/arm-none-eabi/13.3.1/../../../../arm-none-eabi/lib/thumb/v7e-m+fp/hard\libc_nano.a(libc_a-findfp.o)
                0x08008170                __sfp_lock_acquire
 .text.__sfp_lock_release
                0x0800817c        0xc C:/ST/STM32CubeIDE_2.0.0/STM32CubeIDE/plugins/com.st.stm32cube.ide.mcu.externaltools.gnu-tools-for-stm32.13.3.rel1.win32_1.0.100.202509120712/tools/bin/../lib/gcc/arm-none-eabi/13.3.1/../../../../arm-none-eabi/lib/thumb/v7e-m+fp/hard\libc_nano.a(libc_a-findfp.o)
                0x0800817c                __sfp_lock_release
 .text.__sinit  0x08008188       0x30 C:/ST/STM32CubeIDE_2.0.0/STM32CubeIDE/plugins/com.st.stm32cube.ide.mcu.externaltools.gnu-tools-for-stm32.13.3.rel1.win32_1.0.100.202509120712/tools/bin/../lib/gcc/arm-none-eabi/13.3.1/../../../../arm-none-eabi/lib/thumb/v7e-m+fp/hard\libc_nano.a(libc_a-findfp.o)
                0x08008188                __sinit
 .text._fwalk_sglue
                0x080081b8       0x3c C:/ST/STM32CubeIDE_2.0.0/STM32CubeIDE/plugins/com.st.stm32cube.ide.mcu.externaltools.gnu-tools-for-stm32.13.3.rel1.win32_1.0.100.202509120712/tools/bin/../lib/gcc/arm-none-eabi/13.3.1/../../../../arm-none-eabi/lib/thumb/v7e-m+fp/hard\libc_nano.a(libc_a-fwalk.o)
                0x080081b8                _fwalk_sglue
 .text.printf   0x080081f4       0x24 C:/ST/STM32CubeIDE_2.0.0/STM32CubeIDE/plugins/com.st.stm32cube.ide.mcu.externaltools.gnu-tools-for-stm32.13.3.rel1.win32_1.0.100.202509120712/tools/bin/../lib/gcc/arm-none-eabi/13.3.1/../../../../arm-none-eabi/lib/thumb/v7e-m+fp/hard\libc_nano.a(libc_a-printf.o)
                0x080081f4                iprintf
                0x080081f4                printf
 .text._puts_r  0x08008218       0xaa C:/ST/STM32CubeIDE_2.0.0/STM32CubeIDE/plugins/com.st.stm32cube.ide.mcu.externaltools.gnu-tools-for-stm32.13.3.rel1.win32_1.0.100.202509120712/tools/bin/../lib/gcc/arm-none-eabi/13.3.1/../../../../arm-none-eabi/lib/thumb/v7e-m+fp/hard\libc_nano.a(libc_a-puts.o)
                0x08008218                _puts_r
 *fill*         0x080082c2        0x2 
 .text.puts     0x080082c4       0x10 C:/ST/STM32CubeIDE_2.0.0/STM32CubeIDE/plugins/com.st.stm32cube.ide.mcu.externaltools.gnu-tools-for-stm32.13.3.rel1.win32_1.0.100.202509120712/tools/bin/../lib/gcc/arm-none-eabi/13.3.1/../../../../arm-none-eabi/lib/thumb/v7e-m+fp/hard\libc_nano.a(libc_a-puts.o)
                0x080082c4                puts
 .text.__sread  0x080082d4       0x22 C:/ST/STM32CubeIDE_2.0.0/STM32CubeIDE/plugins/com.st.stm32cube.ide.mcu.externaltools.gnu-tools-for-stm32.13.3.rel1.win32_1.0.100.202509120712/tools/bin/../lib/gcc/arm-none-eabi/13.3.1/../../../../arm-none-eabi/lib/thumb/v7e-m+fp/hard\libc_nano.a(libc_a-stdio.o)
                0x080082d4                __sread
 .text.__swrite
                0x080082f6       0x38 C:/ST/STM32CubeIDE_2.0.0/STM32CubeIDE/plugins/com.st.stm32cube.ide.mcu.externaltools.gnu-tools-for-stm32.13.3.rel1.win32_1.0.100.202509120712/tools/bin/../lib/gcc/arm-none-eabi/13.3.1/../../../../arm-none-eabi/lib/thumb/v7e-m+fp/hard\libc_nano.a(libc_a-stdio.o)
                0x080082f6                __swrite
 .text.__sseek  0x0800832e       0x24 C:/ST/STM32CubeIDE_2.0.0/STM32CubeIDE/plugins/com.st.stm32cube.ide.mcu.externaltools.gnu-tools-for-stm32.13.3.rel1.win32_1.0.100.202509120712/tools/bin/../lib/gcc/arm-none-eabi/13.3.1/../../../../arm-none-eabi/lib/thumb/v7e-m+fp/hard\libc_nano.a(libc_a-stdio.o)
                0x0800832e                __sseek
 .text.__sclose
                0x08008352        0x8 C:/ST/STM32CubeIDE_2.0.0/STM32CubeIDE/plugins/com.st.stm32cube.ide.mcu.externaltools.gnu-tools-for-stm32.13.3.rel1.win32_1.0.100.202509120712/tools/bin/../lib/gcc/arm-none-eabi/13.3.1/../../../../arm-none-eabi/lib/thumb/v7e-m+fp/hard\libc_nano.a(libc_a-stdio.o)
                0x08008352                __sclose
 .text.__swbuf_r
                0x0800835a       0x7c C:/ST/STM32CubeIDE_2.0.0/STM32CubeIDE/plugins/com.st.stm32cube.ide.mcu.externaltools.gnu-tools-for-stm32.13.3.rel1.win32_1.0.100.202509120712/tools/bin/../lib/gcc/arm-none-eabi/13.3.1/../../../../arm-none-eabi/lib/thumb/v7e-m+fp/hard\libc_nano.a(libc_a-wbuf.o)
                0x0800835a                __swbuf_r
 *fill*         0x080083d6        0x2 
 .text.__swsetup_r
                0x080083d8       0xac C:/ST/STM32CubeIDE_2.0.0/STM32CubeIDE/plugins/com.st.stm32cube.ide.mcu.externaltools.gnu-tools-for-stm32.13.3.rel1.win32_1.0.100.202509120712/tools/bin/../lib/gcc/arm-none-eabi/13.3.1/../../../../arm-none-eabi/lib/thumb/v7e-m+fp/hard\libc_nano.a(libc_a-wsetup.o)
                0x080083d8                __swsetup_r
 .text.memset   0x08008484       0x10 C:/ST/STM32CubeIDE_2.0.0/STM32CubeIDE/plugins/com.st.stm32cube.ide.mcu.externaltools.gnu-tools-for-stm32.13.3.rel1.win32_1.0.100.202509120712/tools/bin/../lib/gcc/arm-none-eabi/13.3.1/../../../../arm-none-eabi/lib/thumb/v7e-m+fp/hard\libc_nano.a(libc_a-memset.o)
                0x08008484                memset
 .text._close_r
                0x08008494       0x20 C:/ST/STM32CubeIDE_2.0.0/STM32CubeIDE/plugins/com.st.stm32cube.ide.mcu.externaltools.gnu-tools-for-stm32.13.3.rel1.win32_1.0.100.202509120712/tools/bin/../lib/gcc/arm-none-eabi/13.3.1/../../../../arm-none-eabi/lib/thumb/v7e-m+fp/hard\libc_nano.a(libc_a-closer.o)
                0x08008494                _close_r
 .text._lseek_r
                0x080084b4       0x24 C:/ST/STM32CubeIDE_2.0.0/STM32CubeIDE/plugins/com.st.stm32cube.ide.mcu.externaltools.gnu-tools-for-stm32.13.3.rel1.win32_1.0.100.202509120712/tools/bin/../lib/gcc/arm-none-eabi/13.3.1/../../../../arm-none-eabi/lib/thumb/v7e-m+fp/hard\libc_nano.a(libc_a-lseekr.o)
                0x080084b4                _lseek_r
 .text._read_r  0x080084d8       0x24 C:/ST/STM32CubeIDE_2.0.0/STM32CubeIDE/plugins/com.st.stm32cube.ide.mcu.externaltools.gnu-tools-for-stm32.13.3.rel1.win32_1.0.100.202509120712/tools/bin/../lib/gcc/arm-none-eabi/13.3.1/../../../../arm-none-eabi/lib/thumb/v7e-m+fp/hard\libc_nano.a(libc_a-readr.o)
                0x080084d8                _read_r
 .text._write_r
                0x080084fc       0x24 C:/ST/STM32CubeIDE_2.0.0/STM32CubeIDE/plugins/com.st.stm32cube.ide.mcu.externaltools.gnu-tools-for-stm32.13.3.rel1.win32_1.0.100.202509120712/tools/bin/../lib/gcc/arm-none-eabi/13.3.1/../../../../arm-none-eabi/lib/thumb/v7e-m+fp/hard\libc_nano.a(libc_a-writer.o)
                0x080084fc                _write_r
 .text.__errno  0x08008520        0xc C:/ST/STM32CubeIDE_2.0.0/STM32CubeIDE/plugins/com.st.stm32cube.ide.mcu.externaltools.gnu-tools-for-stm32.13.3.rel1.win32_1.0.100.202509120712/tools/bin/../lib/gcc/arm-none-eabi/13.3.1/../../../../arm-none-eabi/lib/thumb/v7e-m+fp/hard\libc_nano.a(libc_a-errno.o)
                0x08008520                __errno
 .text.__libc_init_array
                0x0800852c       0x48 C:/ST/STM32CubeIDE_2.0.0/STM32CubeIDE/plugins/com.st.stm32cube.ide.mcu.externaltools.gnu-tools-for-stm32.13.3.rel1.win32_1.0.100.202509120712/tools/bin/../lib/gcc/arm-none-eabi/13.3.1/../../../../arm-none-eabi/lib/thumb/v7e-m+fp/hard\libc_nano.a(libc_a-init.o)
                0x0800852c                __libc_init_array
 .text.__retarget_lock_init_recursive
                0x08008574        0x2 C:/ST/STM32CubeIDE_2.0.0/STM32CubeIDE/plugins/com.st.stm32cube.ide.mcu.externaltools.gnu-tools-for-stm32.13.3.rel1.win32_1.0.100.202509120712/tools/bin/../lib/gcc/arm-none-eabi/13.3.1/../../../../arm-none-eabi/lib/thumb/v7e-m+fp/hard\libc_nano.a(libc_a-lock.o)
                0x08008574                __retarget_lock_init_recursive
 .text.__retarget_lock_acquire_recursive
                0x08008576        0x2 C:/ST/STM32CubeIDE_2.0.0/STM32CubeIDE/plugins/com.st.stm32cube.ide.mcu.externaltools.gnu-tools-for-stm32.13.3.rel1.win32_1.0.100.202509120712/tools/bin/../lib/gcc/arm-none-eabi/13.3.1/../../../../arm-none-eabi/lib/thumb/v7e-m+fp/hard\libc_nano.a(libc_a-lock.o)
                0x08008576                __retarget_lock_acquire_recursive
 .text.__retarget_lock_release_recursive
                0x08008578        0x2 C:/ST/STM32CubeIDE_2.0.0/STM32CubeIDE/plugins/com.st.stm32cube.ide.mcu.externaltools.gnu-tools-for-stm32.13.3.rel1.win32_1.0.100.202509120712/tools/bin/../lib/gcc/arm-none-eabi/13.3.1/../../../../arm-none-eabi/lib/thumb/v7e-m+fp/hard\libc_nano.a(libc_a-lock.o)
                0x08008578                __retarget_lock_release_recursive
 *fill*         0x0800857a        0x2 
 .text._free_r  0x0800857c       0x94 C:/ST/STM32CubeIDE_2.0.0/STM32CubeIDE/plugins/com.st.stm32cube.ide.mcu.externaltools.gnu-tools-for-stm32.13.3.rel1.win32_1.0.100.202509120712/tools/bin/../lib/gcc/arm-none-eabi/13.3.1/../../../../arm-none-eabi/lib/thumb/v7e-m+fp/hard\libc_nano.a(libc_a-freer.o)
                0x0800857c                _free_r
 .text.sbrk_aligned
                0x08008610       0x44 C:/ST/STM32CubeIDE_2.0.0/STM32CubeIDE/plugins/com.st.stm32cube.ide.mcu.externaltools.gnu-tools-for-stm32.13.3.rel1.win32_1.0.100.202509120712/tools/bin/../lib/gcc/arm-none-eabi/13.3.1/../../../../arm-none-eabi/lib/thumb/v7e-m+fp/hard\libc_nano.a(libc_a-mallocr.o)
 .text._malloc_r
                0x08008654      0x100 C:/ST/STM32CubeIDE_2.0.0/STM32CubeIDE/plugins/com.st.stm32cube.ide.mcu.externaltools.gnu-tools-for-stm32.13.3.rel1.win32_1.0.100.202509120712/tools/bin/../lib/gcc/arm-none-eabi/13.3.1/../../../../arm-none-eabi/lib/thumb/v7e-m+fp/hard\libc_nano.a(libc_a-mallocr.o)
                0x08008654                _malloc_r
 .text.__malloc_lock
                0x08008754        0xc C:/ST/STM32CubeIDE_2.0.0/STM32CubeIDE/plugins/com.st.stm32cube.ide.mcu.externaltools.gnu-tools-for-stm32.13.3.rel1.win32_1.0.100.202509120712/tools/bin/../lib/gcc/arm-none-eabi/13.3.1/../../../../arm-none-eabi/lib/thumb/v7e-m+fp/hard\libc_nano.a(libc_a-mlock.o)
                0x08008754                __malloc_lock
 .text.__malloc_unlock
                0x08008760        0xc C:/ST/STM32CubeIDE_2.0.0/STM32CubeIDE/plugins/com.st.stm32cube.ide.mcu.externaltools.gnu-tools-for-stm32.13.3.rel1.win32_1.0.100.202509120712/tools/bin/../lib/gcc/arm-none-eabi/13.3.1/../../../../arm-none-eabi/lib/thumb/v7e-m+fp/hard\libc_nano.a(libc_a-mlock.o)
                0x08008760                __malloc_unlock
 .text.__sfputc_r
                0x0800876c       0x2e C:/ST/STM32CubeIDE_2.0.0/STM32CubeIDE/plugins/com.st.stm32cube.ide.mcu.externaltools.gnu-tools-for-stm32.13.3.rel1.win32_1.0.100.202509120712/tools/bin/../lib/gcc/arm-none-eabi/13.3.1/../../../../arm-none-eabi/lib/thumb/v7e-m+fp/hard\libc_nano.a(libc_a-nano-vfprintf.o)
 .text.__sfputs_r
                0x0800879a       0x24 C:/ST/STM32CubeIDE_2.0.0/STM32CubeIDE/plugins/com.st.stm32cube.ide.mcu.externaltools.gnu-tools-for-stm32.13.3.rel1.win32_1.0.100.202509120712/tools/bin/../lib/gcc/arm-none-eabi/13.3.1/../../../../arm-none-eabi/lib/thumb/v7e-m+fp/hard\libc_nano.a(libc_a-nano-vfprintf.o)
                0x0800879a                __sfputs_r
 *fill*         0x080087be        0x2 
 .text._vfprintf_r
                0x080087c0      0x230 C:/ST/STM32CubeIDE_2.0.0/STM32CubeIDE/plugins/com.st.stm32cube.ide.mcu.externaltools.gnu-tools-for-stm32.13.3.rel1.win32_1.0.100.202509120712/tools/bin/../lib/gcc/arm-none-eabi/13.3.1/../../../../arm-none-eabi/lib/thumb/v7e-m+fp/hard\libc_nano.a(libc_a-nano-vfprintf.o)
                0x080087c0                _vfprintf_r
                0x080087c0                _vfiprintf_r
 .text._printf_common
                0x080089f0       0xda C:/ST/STM32CubeIDE_2.0.0/STM32CubeIDE/plugins/com.st.stm32cube.ide.mcu.externaltools.gnu-tools-for-stm32.13.3.rel1.win32_1.0.100.202509120712/tools/bin/../lib/gcc/arm-none-eabi/13.3.1/../../../../arm-none-eabi/lib/thumb/v7e-m+fp/hard\libc_nano.a(libc_a-nano-vfprintf_i.o)
                0x080089f0                _printf_common
 *fill*         0x08008aca        0x2 
 .text._printf_i
                0x08008acc      0x23c C:/ST/STM32CubeIDE_2.0.0/STM32CubeIDE/plugins/com.st.stm32cube.ide.mcu.externaltools.gnu-tools-for-stm32.13.3.rel1.win32_1.0.100.202509120712/tools/bin/../lib/gcc/arm-none-eabi/13.3.1/../../../../arm-none-eabi/lib/thumb/v7e-m+fp/hard\libc_nano.a(libc_a-nano-vfprintf_i.o)
                0x08008acc                _printf_i
 .text.__sflush_r
                0x08008d08      0x108 C:/ST/STM32CubeIDE_2.0.0/STM32CubeIDE/plugins/com.st.stm32cube.ide.mcu.externaltools.gnu-tools-for-stm32.13.3.rel1.win32_1.0.100.202509120712/tools/bin/../lib/gcc/arm-none-eabi/13.3.1/../../../../arm-none-eabi/lib/thumb/v7e-m+fp/hard\libc_nano.a(libc_a-fflush.o)
                0x08008d08                __sflush_r
 .text._fflush_r
                0x08008e10       0x50 C:/ST/STM32CubeIDE_2.0.0/STM32CubeIDE/plugins/com.st.stm32cube.ide.mcu.externaltools.gnu-tools-for-stm32.13.3.rel1.win32_1.0.100.202509120712/tools/bin/../lib/gcc/arm-none-eabi/13.3.1/../../../../arm-none-eabi/lib/thumb/v7e-m+fp/hard\libc_nano.a(libc_a-fflush.o)
                0x08008e10                _fflush_r
 .text.__swhatbuf_r
                0x08008e60       0x4c C:/ST/STM32CubeIDE_2.0.0/STM32CubeIDE/plugins/com.st.stm32cube.ide.mcu.externaltools.gnu-tools-for-stm32.13.3.rel1.win32_1.0.100.202509120712/tools/bin/../lib/gcc/arm-none-eabi/13.3.1/../../../../arm-none-eabi/lib/thumb/v7e-m+fp/hard\libc_nano.a(libc_a-makebuf.o)
                0x08008e60                __swhatbuf_r
 .text.__smakebuf_r
                0x08008eac       0x78 C:/ST/STM32CubeIDE_2.0.0/STM32CubeIDE/plugins/com.st.stm32cube.ide.mcu.externaltools.gnu-tools-for-stm32.13.3.rel1.win32_1.0.100.202509120712/tools/bin/../lib/gcc/arm-none-eabi/13.3.1/../../../../arm-none-eabi/lib/thumb/v7e-m+fp/hard\libc_nano.a(libc_a-makebuf.o)
                0x08008eac                __smakebuf_r
 .text._fstat_r
                0x08008f24       0x24 C:/ST/STM32CubeIDE_2.0.0/STM32CubeIDE/plugins/com.st.stm32cube.ide.mcu.externaltools.gnu-tools-for-stm32.13.3.rel1.win32_1.0.100.202509120712/tools/bin/../lib/gcc/arm-none-eabi/13.3.1/../../../../arm-none-eabi/lib/thumb/v7e-m+fp/hard\libc_nano.a(libc_a-fstatr.o)
                0x08008f24                _fstat_r
 .text._isatty_r
                0x08008f48       0x20 C:/ST/STM32CubeIDE_2.0.0/STM32CubeIDE/plugins/com.st.stm32cube.ide.mcu.externaltools.gnu-tools-for-stm32.13.3.rel1.win32_1.0.100.202509120712/tools/bin/../lib/gcc/arm-none-eabi/13.3.1/../../../../arm-none-eabi/lib/thumb/v7e-m+fp/hard\libc_nano.a(libc_a-isattyr.o)
                0x08008f48                _isatty_r
 .text._sbrk_r  0x08008f68       0x20 C:/ST/STM32CubeIDE_2.0.0/STM32CubeIDE/plugins/com.st.stm32cube.ide.mcu.externaltools.gnu-tools-for-stm32.13.3.rel1.win32_1.0.100.202509120712/tools/bin/../lib/gcc/arm-none-eabi/13.3.1/../../../../arm-none-eabi/lib/thumb/v7e-m+fp/hard\libc_nano.a(libc_a-sbrkr.o)
                0x08008f68                _sbrk_r
 *(.glue_7)
 .glue_7        0x08008f88        0x0 linker stubs
 *(.glue_7t)
 .glue_7t       0x08008f88        0x0 linker stubs
 *(.eh_frame)
 .eh_frame      0x08008f88        0x0 C:/ST/STM32CubeIDE_2.0.0/STM32CubeIDE/plugins/com.st.stm32cube.ide.mcu.externaltools.gnu-tools-for-stm32.13.3.rel1.win32_1.0.100.202509120712/tools/bin/../lib/gcc/arm-none-eabi/13.3.1/thumb/v7e-m+fp/hard/crtbegin.o
 *(.init)
 .init          0x08008f88        0x4 C:/ST/STM32CubeIDE_2.0.0/STM32CubeIDE/plugins/com.st.stm32cube.ide.mcu.externaltools.gnu-tools-for-stm32.13.3.rel1.win32_1.0.100.202509120712/tools/bin/../lib/gcc/arm-none-eabi/13.3.1/thumb/v7e-m+fp/hard/crti.o
                0x08008f88                _init
 .init          0x08008f8c        0x8 C:/ST/STM32CubeIDE_2.0.0/STM32CubeIDE/plugins/com.st.stm32cube.ide.mcu.externaltools.gnu-tools-for-stm32.13.3.rel1.win32_1.0.100.202509120712/tools/bin/../lib/gcc/arm-none-eabi/13.3.1/thumb/v7e-m+fp/hard/crtn.o
 *(.fini)
 .fini          0x08008f94        0x4 C:/ST/STM32CubeIDE_2.0.0/STM32CubeIDE/plugins/com.st.stm32cube.ide.mcu.externaltools.gnu-tools-for-stm32.13.3.rel1.win32_1.0.100.202509120712/tools/bin/../lib/gcc/arm-none-eabi/13.3.1/thumb/v7e-m+fp/hard/crti.o
                0x08008f94                _fini
 .fini          0x08008f98        0x8 C:/ST/STM32CubeIDE_2.0.0/STM32CubeIDE/plugins/com.st.stm32cube.ide.mcu.externaltools.gnu-tools-for-stm32.13.3.rel1.win32_1.0.100.202509120712/tools/bin/../lib/gcc/arm-none-eabi/13.3.1/thumb/v7e-m+fp/hard/crtn.o
                0x08008fa0                        . = ALIGN (0x4)
                0x08008fa0                        _etext = .

.vfp11_veneer   0x08008fa0        0x0
 .vfp11_veneer  0x08008fa0        0x0 linker stubs

.v4_bx          0x08008fa0        0x0
 .v4_bx         0x08008fa0        0x0 linker stubs

.iplt           0x08008fa0        0x0
 .iplt          0x08008fa0        0x0 C:/ST/STM32CubeIDE_2.0.0/STM32CubeIDE/plugins/com.st.stm32cube.ide.mcu.externaltools.gnu-tools-for-stm32.13.3.rel1.win32_1.0.100.202509120712/tools/bin/../lib/gcc/arm-none-eabi/13.3.1/thumb/v7e-m+fp/hard/crtbegin.o

.rodata         0x08008fa0     0x183c
                0x08008fa0                        . = ALIGN (0x4)
 *(.rodata)
 .rodata        0x08008fa0      0x2d0 ./Core/Src/adf4158.o
 .rodata        0x08009270      0x36c ./Core/Src/fmcw_stream.o
 .rodata        0x080095dc       0xdb ./Core/Src/main.o
 *fill*         0x080096b7        0x1 
 .rodata        0x080096b8       0x64 ./Core/Src/pdet.o
 .rodata        0x0800971c      0xf76 ./Core/Src/usb_hs_debug.o
 *(.rodata*)
 *fill*         0x0800a692        0x2 
 .rodata.adf4158_registers
                0x0800a694       0x28 ./Core/Src/adf4158.o
 .rodata.adf4158_register_names
                0x0800a6bc       0x28 ./Core/Src/adf4158.o
 .rodata.AHBPrescTable
                0x0800a6e4       0x10 ./Core/Src/system_stm32f4xx.o
                0x0800a6e4                AHBPrescTable
 .rodata.usb_hs_debug_device_desc
                0x0800a6f4       0x12 ./Core/Src/usb_hs_debug.o
 *fill*         0x0800a706        0x2 
 .rodata.usb_hs_debug_device_qualifier_desc
                0x0800a708        0xa ./Core/Src/usb_hs_debug.o
 *fill*         0x0800a712        0x2 
 .rodata.usb_hs_debug_string_lang
                0x0800a714        0x4 ./Core/Src/usb_hs_debug.o
 .rodata.usb_hs_debug_string_manufacturer
                0x0800a718        0xc ./Core/Src/usb_hs_debug.o
 .rodata.usb_hs_debug_string_product
                0x0800a724       0x32 ./Core/Src/usb_hs_debug.o
 *fill*         0x0800a756        0x2 
 .rodata.usb_hs_debug_string_serial
                0x0800a758       0x14 ./Core/Src/usb_hs_debug.o
 .rodata.usb_hs_debug_ms_os_string
                0x0800a76c       0x12 ./Core/Src/usb_hs_debug.o
 *fill*         0x0800a77e        0x2 
 .rodata.usb_hs_debug_ms_compat_id_desc
                0x0800a780       0x28 ./Core/Src/usb_hs_debug.o
 .rodata._vfprintf_r.str1.1
                0x0800a7a8       0x33 C:/ST/STM32CubeIDE_2.0.0/STM32CubeIDE/plugins/com.st.stm32cube.ide.mcu.externaltools.gnu-tools-for-stm32.13.3.rel1.win32_1.0.100.202509120712/tools/bin/../lib/gcc/arm-none-eabi/13.3.1/../../../../arm-none-eabi/lib/thumb/v7e-m+fp/hard\libc_nano.a(libc_a-nano-vfprintf.o)
                                 0x11 (size before relaxing)
 .rodata._printf_i.str1.1
                0x0800a7db        0x0 C:/ST/STM32CubeIDE_2.0.0/STM32CubeIDE/plugins/com.st.stm32cube.ide.mcu.externaltools.gnu-tools-for-stm32.13.3.rel1.win32_1.0.100.202509120712/tools/bin/../lib/gcc/arm-none-eabi/13.3.1/../../../../arm-none-eabi/lib/thumb/v7e-m+fp/hard\libc_nano.a(libc_a-nano-vfprintf_i.o)
                                 0x22 (size before relaxing)
                0x0800a7dc                        . = ALIGN (0x4)
 *fill*         0x0800a7db        0x1 

.ARM.extab      0x0800a7dc        0x0
                0x0800a7dc                        . = ALIGN (0x4)
 *(.ARM.extab* .gnu.linkonce.armextab.*)
                0x0800a7dc                        . = ALIGN (0x4)

.ARM            0x0800a7dc        0x8
                0x0800a7dc                        . = ALIGN (0x4)
                0x0800a7dc                        __exidx_start = .
 *(.ARM.exidx*)
 .ARM.exidx     0x0800a7dc        0x8 C:/ST/STM32CubeIDE_2.0.0/STM32CubeIDE/plugins/com.st.stm32cube.ide.mcu.externaltools.gnu-tools-for-stm32.13.3.rel1.win32_1.0.100.202509120712/tools/bin/../lib/gcc/arm-none-eabi/13.3.1/../../../../arm-none-eabi/lib/thumb/v7e-m+fp/hard\libc_nano.a(libc_a-memchr.o)
 .ARM.exidx     0x0800a7e4        0x0 C:/ST/STM32CubeIDE_2.0.0/STM32CubeIDE/plugins/com.st.stm32cube.ide.mcu.externaltools.gnu-tools-for-stm32.13.3.rel1.win32_1.0.100.202509120712/tools/bin/../lib/gcc/arm-none-eabi/13.3.1/thumb/v7e-m+fp/hard\libgcc.a(_udivmoddi4.o)
                                  0x8 (size before relaxing)
                0x0800a7e4                        __exidx_end = .
                0x0800a7e4                        . = ALIGN (0x4)

.preinit_array  0x0800a7e4        0x0
                0x0800a7e4                        . = ALIGN (0x4)
                0x0800a7e4                        PROVIDE (__preinit_array_start = .)
 *(.preinit_array*)
                0x0800a7e4                        PROVIDE (__preinit_array_end = .)
                0x0800a7e4                        . = ALIGN (0x4)

.init_array     0x0800a7e4        0x4
                0x0800a7e4                        . = ALIGN (0x4)
                0x0800a7e4                        PROVIDE (__init_array_start = .)
 *(SORT_BY_NAME(.init_array.*))
 *(.init_array*)
 .init_array    0x0800a7e4        0x4 C:/ST/STM32CubeIDE_2.0.0/STM32CubeIDE/plugins/com.st.stm32cube.ide.mcu.externaltools.gnu-tools-for-stm32.13.3.rel1.win32_1.0.100.202509120712/tools/bin/../lib/gcc/arm-none-eabi/13.3.1/thumb/v7e-m+fp/hard/crtbegin.o
                0x0800a7e8                        PROVIDE (__init_array_end = .)
                0x0800a7e8                        . = ALIGN (0x4)

.fini_array     0x0800a7e8        0x4
                0x0800a7e8                        . = ALIGN (0x4)
                [!provide]                        PROVIDE (__fini_array_start = .)
 *(SORT_BY_NAME(.fini_array.*))
 *(.fini_array*)
 .fini_array    0x0800a7e8        0x4 C:/ST/STM32CubeIDE_2.0.0/STM32CubeIDE/plugins/com.st.stm32cube.ide.mcu.externaltools.gnu-tools-for-stm32.13.3.rel1.win32_1.0.100.202509120712/tools/bin/../lib/gcc/arm-none-eabi/13.3.1/thumb/v7e-m+fp/hard/crtbegin.o
                [!provide]                        PROVIDE (__fini_array_end = .)
                0x0800a7ec                        . = ALIGN (0x4)
                0x0800a7ec                        _sidata = LOADADDR (.data)

.rel.dyn        0x0800a7ec        0x0
 .rel.iplt      0x0800a7ec        0x0 C:/ST/STM32CubeIDE_2.0.0/STM32CubeIDE/plugins/com.st.stm32cube.ide.mcu.externaltools.gnu-tools-for-stm32.13.3.rel1.win32_1.0.100.202509120712/tools/bin/../lib/gcc/arm-none-eabi/13.3.1/thumb/v7e-m+fp/hard/crtbegin.o

.data           0x20000000       0x68 load address 0x0800a7ec
                0x20000000                        . = ALIGN (0x4)
                0x20000000                        _sdata = .
 *(.data)
 *(.data*)
 .data.SystemCoreClock
                0x20000000        0x4 ./Core/Src/system_stm32f4xx.o
                0x20000000                SystemCoreClock
 .data.uwTickPrio
                0x20000004        0x4 ./Drivers/STM32F4xx_HAL_Driver/Src/stm32f4xx_hal.o
                0x20000004                uwTickPrio
 .data.uwTickFreq
                0x20000008        0x1 ./Drivers/STM32F4xx_HAL_Driver/Src/stm32f4xx_hal.o
                0x20000008                uwTickFreq
 *fill*         0x20000009        0x3 
 .data.__sglue  0x2000000c        0xc C:/ST/STM32CubeIDE_2.0.0/STM32CubeIDE/plugins/com.st.stm32cube.ide.mcu.externaltools.gnu-tools-for-stm32.13.3.rel1.win32_1.0.100.202509120712/tools/bin/../lib/gcc/arm-none-eabi/13.3.1/../../../../arm-none-eabi/lib/thumb/v7e-m+fp/hard\libc_nano.a(libc_a-findfp.o)
                0x2000000c                __sglue
 .data._impure_ptr
                0x20000018        0x4 C:/ST/STM32CubeIDE_2.0.0/STM32CubeIDE/plugins/com.st.stm32cube.ide.mcu.externaltools.gnu-tools-for-stm32.13.3.rel1.win32_1.0.100.202509120712/tools/bin/../lib/gcc/arm-none-eabi/13.3.1/../../../../arm-none-eabi/lib/thumb/v7e-m+fp/hard\libc_nano.a(libc_a-impure.o)
                0x20000018                _impure_ptr
 .data._impure_data
                0x2000001c       0x4c C:/ST/STM32CubeIDE_2.0.0/STM32CubeIDE/plugins/com.st.stm32cube.ide.mcu.externaltools.gnu-tools-for-stm32.13.3.rel1.win32_1.0.100.202509120712/tools/bin/../lib/gcc/arm-none-eabi/13.3.1/../../../../arm-none-eabi/lib/thumb/v7e-m+fp/hard\libc_nano.a(libc_a-impure.o)
                0x2000001c                _impure_data
 *(.RamFunc)
 *(.RamFunc*)
                0x20000068                        . = ALIGN (0x4)
                0x20000068                        _edata = .
                0x0800a854                        _siccmram = LOADADDR (.ccmram)

.igot.plt       0x20000068        0x0 load address 0x0800a854
 .igot.plt      0x20000068        0x0 C:/ST/STM32CubeIDE_2.0.0/STM32CubeIDE/plugins/com.st.stm32cube.ide.mcu.externaltools.gnu-tools-for-stm32.13.3.rel1.win32_1.0.100.202509120712/tools/bin/../lib/gcc/arm-none-eabi/13.3.1/thumb/v7e-m+fp/hard/crtbegin.o

.ccmram         0x10000000        0x0 load address 0x0800a854
                0x10000000                        . = ALIGN (0x4)
                0x10000000                        _sccmram = .
 *(.ccmram)
 *(.ccmram*)
                0x10000000                        . = ALIGN (0x4)
                0x10000000                        _eccmram = .
                0x10000000                        . = ALIGN (0x4)

.bss            0x20000068    0x297f4
                0x20000068                        _sbss = .
                0x20000068                        __bss_start__ = _sbss
 *(.bss)
 .bss           0x20000068       0x1c C:/ST/STM32CubeIDE_2.0.0/STM32CubeIDE/plugins/com.st.stm32cube.ide.mcu.externaltools.gnu-tools-for-stm32.13.3.rel1.win32_1.0.100.202509120712/tools/bin/../lib/gcc/arm-none-eabi/13.3.1/thumb/v7e-m+fp/hard/crtbegin.o
 *(.bss*)
 .bss.hspi4     0x20000084       0x58 ./Core/Src/adf4158.o
 .bss.adf4158_failure_stage
                0x200000dc        0x4 ./Core/Src/adf4158.o
                0x200000dc                adf4158_failure_stage
 .bss.adf4158_failure_status
                0x200000e0        0x4 ./Core/Src/adf4158.o
                0x200000e0                adf4158_failure_status
 .bss.fmcw_stream_frames
                0x200000e4    0x28000 ./Core/Src/fmcw_stream.o
 .bss.fmcw_stream_dma_frame
                0x200280e4        0x2 ./Core/Src/fmcw_stream.o
 *fill*         0x200280e6        0x2 
 .bss.fmcw_stream_free_queue
                0x200280e8        0x8 ./Core/Src/fmcw_stream.o
 .bss.fmcw_stream_ready_queue
                0x200280f0        0x8 ./Core/Src/fmcw_stream.o
 .bss.fmcw_stream_free_head
                0x200280f8        0x1 ./Core/Src/fmcw_stream.o
 .bss.fmcw_stream_free_tail
                0x200280f9        0x1 ./Core/Src/fmcw_stream.o
 .bss.fmcw_stream_free_count
                0x200280fa        0x1 ./Core/Src/fmcw_stream.o
 .bss.fmcw_stream_ready_head
                0x200280fb        0x1 ./Core/Src/fmcw_stream.o
 .bss.fmcw_stream_ready_tail
                0x200280fc        0x1 ./Core/Src/fmcw_stream.o
 .bss.fmcw_stream_ready_count
                0x200280fd        0x1 ./Core/Src/fmcw_stream.o
 .bss.fmcw_stream_initialized
                0x200280fe        0x1 ./Core/Src/fmcw_stream.o
 .bss.fmcw_stream_align_armed
                0x200280ff        0x1 ./Core/Src/fmcw_stream.o
 .bss.fmcw_stream_running
                0x20028100        0x1 ./Core/Src/fmcw_stream.o
 *fill*         0x20028101        0x3 
 .bss.fmcw_stream_slope_seq
                0x20028104        0x4 ./Core/Src/fmcw_stream.o
 .bss.fmcw_stream_muxout_count
                0x20028108        0x4 ./Core/Src/fmcw_stream.o
 .bss.fmcw_stream_dropped_frames
                0x2002810c        0x4 ./Core/Src/fmcw_stream.o
 .bss.fmcw_stream_dma_errors
                0x20028110        0x4 ./Core/Src/fmcw_stream.o
 .bss.fmcw_stream_pending_flags
                0x20028114        0x4 ./Core/Src/fmcw_stream.o
 .bss.fmcw_stream_started_tick
                0x20028118        0x4 ./Core/Src/fmcw_stream.o
 .bss.fmcw_stream_first_dma_reported
                0x2002811c        0x1 ./Core/Src/fmcw_stream.o
 .bss.fmcw_stream_no_frame_reported
                0x2002811d        0x1 ./Core/Src/fmcw_stream.o
 *fill*         0x2002811e        0x2 
 .bss.fmcw_stream_last_report_tick
                0x20028120        0x4 ./Core/Src/fmcw_stream.o
 .bss.hdma_dcmi
                0x20028124       0x60 ./Core/Src/main.o
                0x20028124                hdma_dcmi
 .bss.hpcd_USB_OTG_HS
                0x20028184      0x4e4 ./Core/Src/main.o
                0x20028184                hpcd_USB_OTG_HS
 .bss.clock_failure_stage
                0x20028668        0x4 ./Core/Src/main.o
                0x20028668                clock_failure_stage
 .bss.clock_failure_status
                0x2002866c        0x4 ./Core/Src/main.o
                0x2002866c                clock_failure_status
 .bss.clock_failure_rcc_cr
                0x20028670        0x4 ./Core/Src/main.o
                0x20028670                clock_failure_rcc_cr
 .bss.clock_failure_rcc_pllcfgr
                0x20028674        0x4 ./Core/Src/main.o
                0x20028674                clock_failure_rcc_pllcfgr
 .bss.pdet_failure_stage
                0x20028678        0x4 ./Core/Src/pdet.o
                0x20028678                pdet_failure_stage
 .bss.pdet_failure_sr
                0x2002867c        0x4 ./Core/Src/pdet.o
                0x2002867c                pdet_failure_sr
 .bss.__sbrk_heap_end
                0x20028680        0x4 ./Core/Src/sysmem.o
 .bss.usb_hs_debug_pcd
                0x20028684        0x4 ./Core/Src/usb_hs_debug.o
 .bss.usb_hs_debug_configuration
                0x20028688        0x1 ./Core/Src/usb_hs_debug.o
 .bss.usb_hs_debug_pending_address
                0x20028689        0x1 ./Core/Src/usb_hs_debug.o
 .bss.usb_hs_debug_has_pending_address
                0x2002868a        0x1 ./Core/Src/usb_hs_debug.o
 .bss.usb_hs_debug_ep0_state
                0x2002868b        0x1 ./Core/Src/usb_hs_debug.o
 .bss.usb_hs_debug_tx_busy
                0x2002868c        0x1 ./Core/Src/usb_hs_debug.o
 .bss.usb_hs_debug_stream_enabled
                0x2002868d        0x1 ./Core/Src/usb_hs_debug.o
 *fill*         0x2002868e        0x2 
 .bss.usb_hs_debug_completed_transfers
                0x20028690        0x4 ./Core/Src/usb_hs_debug.o
 *fill*         0x20028694        0x4 
 .bss.usb_hs_debug_completed_bytes
                0x20028698        0x8 ./Core/Src/usb_hs_debug.o
 .bss.usb_hs_debug_stream_start_requested
                0x200286a0        0x1 ./Core/Src/usb_hs_debug.o
 .bss.usb_hs_debug_first_stream_tx_reported
                0x200286a1        0x1 ./Core/Src/usb_hs_debug.o
 *fill*         0x200286a2        0x2 
 .bss.usb_hs_debug_current_tx_len
                0x200286a4        0x4 ./Core/Src/usb_hs_debug.o
 .bss.usb_hs_debug_current_tx_data
                0x200286a8        0x4 ./Core/Src/usb_hs_debug.o
 .bss.usb_hs_debug_next_tx
                0x200286ac        0x4 ./Core/Src/usb_hs_debug.o
 .bss.usb_hs_debug_tx_done
                0x200286b0        0x4 ./Core/Src/usb_hs_debug.o
 .bss.usb_hs_debug_tx_buffer
                0x200286b4     0x1000 ./Core/Src/usb_hs_debug.o
 .bss.usb_hs_debug_ep0_buffer
                0x200296b4       0x40 ./Core/Src/usb_hs_debug.o
 .bss.usb_hs_debug_sequence
                0x200296f4        0x4 ./Core/Src/usb_hs_debug.o
 .bss.usb_hs_debug_last_report_tick
                0x200296f8        0x4 ./Core/Src/usb_hs_debug.o
 *fill*         0x200296fc        0x4 
 .bss.usb_hs_debug_last_report_bytes
                0x20029700        0x8 ./Core/Src/usb_hs_debug.o
 .bss.usb_hs_debug_setup_print_count
                0x20029708        0x1 ./Core/Src/usb_hs_debug.o
 .bss.usb_hs_debug_ep0_print_count
                0x20029709        0x1 ./Core/Src/usb_hs_debug.o
 .bss.usb_hs_debug_phy_clock_ready
                0x2002970a        0x1 ./Core/Src/usb_hs_debug.o
 .bss.usb_hs_debug_usb_started
                0x2002970b        0x1 ./Core/Src/usb_hs_debug.o
 .bss.uwTick    0x2002970c        0x4 ./Drivers/STM32F4xx_HAL_Driver/Src/stm32f4xx_hal.o
                0x2002970c                uwTick
 .bss.__sf      0x20029710      0x138 C:/ST/STM32CubeIDE_2.0.0/STM32CubeIDE/plugins/com.st.stm32cube.ide.mcu.externaltools.gnu-tools-for-stm32.13.3.rel1.win32_1.0.100.202509120712/tools/bin/../lib/gcc/arm-none-eabi/13.3.1/../../../../arm-none-eabi/lib/thumb/v7e-m+fp/hard\libc_nano.a(libc_a-findfp.o)
                0x20029710                __sf
 .bss.__stdio_exit_handler
                0x20029848        0x4 C:/ST/STM32CubeIDE_2.0.0/STM32CubeIDE/plugins/com.st.stm32cube.ide.mcu.externaltools.gnu-tools-for-stm32.13.3.rel1.win32_1.0.100.202509120712/tools/bin/../lib/gcc/arm-none-eabi/13.3.1/../../../../arm-none-eabi/lib/thumb/v7e-m+fp/hard\libc_nano.a(libc_a-findfp.o)
                0x20029848                __stdio_exit_handler
 .bss.errno     0x2002984c        0x4 C:/ST/STM32CubeIDE_2.0.0/STM32CubeIDE/plugins/com.st.stm32cube.ide.mcu.externaltools.gnu-tools-for-stm32.13.3.rel1.win32_1.0.100.202509120712/tools/bin/../lib/gcc/arm-none-eabi/13.3.1/../../../../arm-none-eabi/lib/thumb/v7e-m+fp/hard\libc_nano.a(libc_a-reent.o)
                0x2002984c                errno
 .bss.__lock___malloc_recursive_mutex
                0x20029850        0x1 C:/ST/STM32CubeIDE_2.0.0/STM32CubeIDE/plugins/com.st.stm32cube.ide.mcu.externaltools.gnu-tools-for-stm32.13.3.rel1.win32_1.0.100.202509120712/tools/bin/../lib/gcc/arm-none-eabi/13.3.1/../../../../arm-none-eabi/lib/thumb/v7e-m+fp/hard\libc_nano.a(libc_a-lock.o)
                0x20029850                __lock___malloc_recursive_mutex
 .bss.__lock___sfp_recursive_mutex
                0x20029851        0x1 C:/ST/STM32CubeIDE_2.0.0/STM32CubeIDE/plugins/com.st.stm32cube.ide.mcu.externaltools.gnu-tools-for-stm32.13.3.rel1.win32_1.0.100.202509120712/tools/bin/../lib/gcc/arm-none-eabi/13.3.1/../../../../arm-none-eabi/lib/thumb/v7e-m+fp/hard\libc_nano.a(libc_a-lock.o)
                0x20029851                __lock___sfp_recursive_mutex
 *fill*         0x20029852        0x2 
 .bss.__malloc_sbrk_start
                0x20029854        0x4 C:/ST/STM32CubeIDE_2.0.0/STM32CubeIDE/plugins/com.st.stm32cube.ide.mcu.externaltools.gnu-tools-for-stm32.13.3.rel1.win32_1.0.100.202509120712/tools/bin/../lib/gcc/arm-none-eabi/13.3.1/../../../../arm-none-eabi/lib/thumb/v7e-m+fp/hard\libc_nano.a(libc_a-mallocr.o)
                0x20029854                __malloc_sbrk_start
 .bss.__malloc_free_list
                0x20029858        0x4 C:/ST/STM32CubeIDE_2.0.0/STM32CubeIDE/plugins/com.st.stm32cube.ide.mcu.externaltools.gnu-tools-for-stm32.13.3.rel1.win32_1.0.100.202509120712/tools/bin/../lib/gcc/arm-none-eabi/13.3.1/../../../../arm-none-eabi/lib/thumb/v7e-m+fp/hard\libc_nano.a(libc_a-mallocr.o)
                0x20029858                __malloc_free_list
 *(COMMON)
                0x2002985c                        . = ALIGN (0x4)
                0x2002985c                        _ebss = .
                0x2002985c                        __bss_end__ = _ebss

._user_heap_stack
                0x2002985c     0x1204
                0x20029860                        . = ALIGN (0x8)
 *fill*         0x2002985c        0x4 
                [!provide]                        PROVIDE (end = .)
                0x20029860                        PROVIDE (_end = .)
                0x20029a60                        . = (. + _Min_Heap_Size)
 *fill*         0x20029860      0x200 
                0x2002aa60                        . = (. + _Min_Stack_Size)
 *fill*         0x20029a60     0x1000 
                0x2002aa60                        . = ALIGN (0x8)

/DISCARD/
 libc.a(*)
 libm.a(*)
 libgcc.a(*)

.ARM.attributes
                0x00000000       0x30
 *(.ARM.attributes)
 .ARM.attributes
                0x00000000       0x22 C:/ST/STM32CubeIDE_2.0.0/STM32CubeIDE/plugins/com.st.stm32cube.ide.mcu.externaltools.gnu-tools-for-stm32.13.3.rel1.win32_1.0.100.202509120712/tools/bin/../lib/gcc/arm-none-eabi/13.3.1/thumb/v7e-m+fp/hard/crti.o
 .ARM.attributes
                0x00000022       0x34 C:/ST/STM32CubeIDE_2.0.0/STM32CubeIDE/plugins/com.st.stm32cube.ide.mcu.externaltools.gnu-tools-for-stm32.13.3.rel1.win32_1.0.100.202509120712/tools/bin/../lib/gcc/arm-none-eabi/13.3.1/thumb/v7e-m+fp/hard/crtbegin.o
 .ARM.attributes
                0x00000056       0x34 ./Core/Src/adf4158.o
 .ARM.attributes
                0x0000008a       0x34 ./Core/Src/fmcw_stream.o
 .ARM.attributes
                0x000000be       0x34 ./Core/Src/main.o
 .ARM.attributes
                0x000000f2       0x34 ./Core/Src/pdet.o
 .ARM.attributes
                0x00000126       0x34 ./Core/Src/stm32f4xx_hal_msp.o
 .ARM.attributes
                0x0000015a       0x34 ./Core/Src/stm32f4xx_it.o
 .ARM.attributes
                0x0000018e       0x34 ./Core/Src/syscalls.o
 .ARM.attributes
                0x000001c2       0x34 ./Core/Src/sysmem.o
 .ARM.attributes
                0x000001f6       0x34 ./Core/Src/system_stm32f4xx.o
 .ARM.attributes
                0x0000022a       0x34 ./Core/Src/usb_hs_debug.o
 .ARM.attributes
                0x0000025e       0x21 ./Core/Startup/startup_stm32f429vetx.o
 .ARM.attributes
                0x0000027f       0x34 ./Drivers/STM32F4xx_HAL_Driver/Src/stm32f4xx_hal.o
 .ARM.attributes
                0x000002b3       0x34 ./Drivers/STM32F4xx_HAL_Driver/Src/stm32f4xx_hal_cortex.o
 .ARM.attributes
                0x000002e7       0x34 ./Drivers/STM32F4xx_HAL_Driver/Src/stm32f4xx_hal_dma.o
 .ARM.attributes
                0x0000031b       0x34 ./Drivers/STM32F4xx_HAL_Driver/Src/stm32f4xx_hal_gpio.o
 .ARM.attributes
                0x0000034f       0x34 ./Drivers/STM32F4xx_HAL_Driver/Src/stm32f4xx_hal_pcd.o
 .ARM.attributes
                0x00000383       0x34 ./Drivers/STM32F4xx_HAL_Driver/Src/stm32f4xx_hal_pcd_ex.o
 .ARM.attributes
                0x000003b7       0x34 ./Drivers/STM32F4xx_HAL_Driver/Src/stm32f4xx_hal_rcc.o
 .ARM.attributes
                0x000003eb       0x34 ./Drivers/STM32F4xx_HAL_Driver/Src/stm32f4xx_hal_spi.o
 .ARM.attributes
                0x0000041f       0x34 ./Drivers/STM32F4xx_HAL_Driver/Src/stm32f4xx_ll_usb.o
 .ARM.attributes
                0x00000453       0x34 C:/ST/STM32CubeIDE_2.0.0/STM32CubeIDE/plugins/com.st.stm32cube.ide.mcu.externaltools.gnu-tools-for-stm32.13.3.rel1.win32_1.0.100.202509120712/tools/bin/../lib/gcc/arm-none-eabi/13.3.1/../../../../arm-none-eabi/lib/thumb/v7e-m+fp/hard\libc_nano.a(libc_a-findfp.o)
 .ARM.attributes
                0x00000487       0x34 C:/ST/STM32CubeIDE_2.0.0/STM32CubeIDE/plugins/com.st.stm32cube.ide.mcu.externaltools.gnu-tools-for-stm32.13.3.rel1.win32_1.0.100.202509120712/tools/bin/../lib/gcc/arm-none-eabi/13.3.1/../../../../arm-none-eabi/lib/thumb/v7e-m+fp/hard\libc_nano.a(libc_a-fwalk.o)
 .ARM.attributes
                0x000004bb       0x34 C:/ST/STM32CubeIDE_2.0.0/STM32CubeIDE/plugins/com.st.stm32cube.ide.mcu.externaltools.gnu-tools-for-stm32.13.3.rel1.win32_1.0.100.202509120712/tools/bin/../lib/gcc/arm-none-eabi/13.3.1/../../../../arm-none-eabi/lib/thumb/v7e-m+fp/hard\libc_nano.a(libc_a-printf.o)
 .ARM.attributes
                0x000004ef       0x34 C:/ST/STM32CubeIDE_2.0.0/STM32CubeIDE/plugins/com.st.stm32cube.ide.mcu.externaltools.gnu-tools-for-stm32.13.3.rel1.win32_1.0.100.202509120712/tools/bin/../lib/gcc/arm-none-eabi/13.3.1/../../../../arm-none-eabi/lib/thumb/v7e-m+fp/hard\libc_nano.a(libc_a-puts.o)
 .ARM.attributes
                0x00000523       0x34 C:/ST/STM32CubeIDE_2.0.0/STM32CubeIDE/plugins/com.st.stm32cube.ide.mcu.externaltools.gnu-tools-for-stm32.13.3.rel1.win32_1.0.100.202509120712/tools/bin/../lib/gcc/arm-none-eabi/13.3.1/../../../../arm-none-eabi/lib/thumb/v7e-m+fp/hard\libc_nano.a(libc_a-stdio.o)
 .ARM.attributes
                0x00000557       0x34 C:/ST/STM32CubeIDE_2.0.0/STM32CubeIDE/plugins/com.st.stm32cube.ide.mcu.externaltools.gnu-tools-for-stm32.13.3.rel1.win32_1.0.100.202509120712/tools/bin/../lib/gcc/arm-none-eabi/13.3.1/../../../../arm-none-eabi/lib/thumb/v7e-m+fp/hard\libc_nano.a(libc_a-wbuf.o)
 .ARM.attributes
                0x0000058b       0x34 C:/ST/STM32CubeIDE_2.0.0/STM32CubeIDE/plugins/com.st.stm32cube.ide.mcu.externaltools.gnu-tools-for-stm32.13.3.rel1.win32_1.0.100.202509120712/tools/bin/../lib/gcc/arm-none-eabi/13.3.1/../../../../arm-none-eabi/lib/thumb/v7e-m+fp/hard\libc_nano.a(libc_a-wsetup.o)
 .ARM.attributes
                0x000005bf       0x34 C:/ST/STM32CubeIDE_2.0.0/STM32CubeIDE/plugins/com.st.stm32cube.ide.mcu.externaltools.gnu-tools-for-stm32.13.3.rel1.win32_1.0.100.202509120712/tools/bin/../lib/gcc/arm-none-eabi/13.3.1/../../../../arm-none-eabi/lib/thumb/v7e-m+fp/hard\libc_nano.a(libc_a-memset.o)
 .ARM.attributes
                0x000005f3       0x34 C:/ST/STM32CubeIDE_2.0.0/STM32CubeIDE/plugins/com.st.stm32cube.ide.mcu.externaltools.gnu-tools-for-stm32.13.3.rel1.win32_1.0.100.202509120712/tools/bin/../lib/gcc/arm-none-eabi/13.3.1/../../../../arm-none-eabi/lib/thumb/v7e-m+fp/hard\libc_nano.a(libc_a-closer.o)
 .ARM.attributes
                0x00000627       0x34 C:/ST/STM32CubeIDE_2.0.0/STM32CubeIDE/plugins/com.st.stm32cube.ide.mcu.externaltools.gnu-tools-for-stm32.13.3.rel1.win32_1.0.100.202509120712/tools/bin/../lib/gcc/arm-none-eabi/13.3.1/../../../../arm-none-eabi/lib/thumb/v7e-m+fp/hard\libc_nano.a(libc_a-reent.o)
 .ARM.attributes
                0x0000065b       0x34 C:/ST/STM32CubeIDE_2.0.0/STM32CubeIDE/plugins/com.st.stm32cube.ide.mcu.externaltools.gnu-tools-for-stm32.13.3.rel1.win32_1.0.100.202509120712/tools/bin/../lib/gcc/arm-none-eabi/13.3.1/../../../../arm-none-eabi/lib/thumb/v7e-m+fp/hard\libc_nano.a(libc_a-impure.o)
 .ARM.attributes
                0x0000068f       0x34 C:/ST/STM32CubeIDE_2.0.0/STM32CubeIDE/plugins/com.st.stm32cube.ide.mcu.externaltools.gnu-tools-for-stm32.13.3.rel1.win32_1.0.100.202509120712/tools/bin/../lib/gcc/arm-none-eabi/13.3.1/../../../../arm-none-eabi/lib/thumb/v7e-m+fp/hard\libc_nano.a(libc_a-lseekr.o)
 .ARM.attributes
                0x000006c3       0x34 C:/ST/STM32CubeIDE_2.0.0/STM32CubeIDE/plugins/com.st.stm32cube.ide.mcu.externaltools.gnu-tools-for-stm32.13.3.rel1.win32_1.0.100.202509120712/tools/bin/../lib/gcc/arm-none-eabi/13.3.1/../../../../arm-none-eabi/lib/thumb/v7e-m+fp/hard\libc_nano.a(libc_a-readr.o)
 .ARM.attributes
                0x000006f7       0x34 C:/ST/STM32CubeIDE_2.0.0/STM32CubeIDE/plugins/com.st.stm32cube.ide.mcu.externaltools.gnu-tools-for-stm32.13.3.rel1.win32_1.0.100.202509120712/tools/bin/../lib/gcc/arm-none-eabi/13.3.1/../../../../arm-none-eabi/lib/thumb/v7e-m+fp/hard\libc_nano.a(libc_a-writer.o)
 .ARM.attributes
                0x0000072b       0x34 C:/ST/STM32CubeIDE_2.0.0/STM32CubeIDE/plugins/com.st.stm32cube.ide.mcu.externaltools.gnu-tools-for-stm32.13.3.rel1.win32_1.0.100.202509120712/tools/bin/../lib/gcc/arm-none-eabi/13.3.1/../../../../arm-none-eabi/lib/thumb/v7e-m+fp/hard\libc_nano.a(libc_a-errno.o)
 .ARM.attributes
                0x0000075f       0x34 C:/ST/STM32CubeIDE_2.0.0/STM32CubeIDE/plugins/com.st.stm32cube.ide.mcu.externaltools.gnu-tools-for-stm32.13.3.rel1.win32_1.0.100.202509120712/tools/bin/../lib/gcc/arm-none-eabi/13.3.1/../../../../arm-none-eabi/lib/thumb/v7e-m+fp/hard\libc_nano.a(libc_a-init.o)
 .ARM.attributes
                0x00000793       0x34 C:/ST/STM32CubeIDE_2.0.0/STM32CubeIDE/plugins/com.st.stm32cube.ide.mcu.externaltools.gnu-tools-for-stm32.13.3.rel1.win32_1.0.100.202509120712/tools/bin/../lib/gcc/arm-none-eabi/13.3.1/../../../../arm-none-eabi/lib/thumb/v7e-m+fp/hard\libc_nano.a(libc_a-lock.o)
 .ARM.attributes
                0x000007c7       0x34 C:/ST/STM32CubeIDE_2.0.0/STM32CubeIDE/plugins/com.st.stm32cube.ide.mcu.externaltools.gnu-tools-for-stm32.13.3.rel1.win32_1.0.100.202509120712/tools/bin/../lib/gcc/arm-none-eabi/13.3.1/../../../../arm-none-eabi/lib/thumb/v7e-m+fp/hard\libc_nano.a(libc_a-freer.o)
 .ARM.attributes
                0x000007fb       0x34 C:/ST/STM32CubeIDE_2.0.0/STM32CubeIDE/plugins/com.st.stm32cube.ide.mcu.externaltools.gnu-tools-for-stm32.13.3.rel1.win32_1.0.100.202509120712/tools/bin/../lib/gcc/arm-none-eabi/13.3.1/../../../../arm-none-eabi/lib/thumb/v7e-m+fp/hard\libc_nano.a(libc_a-mallocr.o)
 .ARM.attributes
                0x0000082f       0x34 C:/ST/STM32CubeIDE_2.0.0/STM32CubeIDE/plugins/com.st.stm32cube.ide.mcu.externaltools.gnu-tools-for-stm32.13.3.rel1.win32_1.0.100.202509120712/tools/bin/../lib/gcc/arm-none-eabi/13.3.1/../../../../arm-none-eabi/lib/thumb/v7e-m+fp/hard\libc_nano.a(libc_a-mlock.o)
 .ARM.attributes
                0x00000863       0x34 C:/ST/STM32CubeIDE_2.0.0/STM32CubeIDE/plugins/com.st.stm32cube.ide.mcu.externaltools.gnu-tools-for-stm32.13.3.rel1.win32_1.0.100.202509120712/tools/bin/../lib/gcc/arm-none-eabi/13.3.1/../../../../arm-none-eabi/lib/thumb/v7e-m+fp/hard\libc_nano.a(libc_a-nano-vfprintf.o)
 .ARM.attributes
                0x00000897       0x34 C:/ST/STM32CubeIDE_2.0.0/STM32CubeIDE/plugins/com.st.stm32cube.ide.mcu.externaltools.gnu-tools-for-stm32.13.3.rel1.win32_1.0.100.202509120712/tools/bin/../lib/gcc/arm-none-eabi/13.3.1/../../../../arm-none-eabi/lib/thumb/v7e-m+fp/hard\libc_nano.a(libc_a-nano-vfprintf_i.o)
 .ARM.attributes
                0x000008cb       0x34 C:/ST/STM32CubeIDE_2.0.0/STM32CubeIDE/plugins/com.st.stm32cube.ide.mcu.externaltools.gnu-tools-for-stm32.13.3.rel1.win32_1.0.100.202509120712/tools/bin/../lib/gcc/arm-none-eabi/13.3.1/../../../../arm-none-eabi/lib/thumb/v7e-m+fp/hard\libc_nano.a(libc_a-fflush.o)
 .ARM.attributes
                0x000008ff       0x34 C:/ST/STM32CubeIDE_2.0.0/STM32CubeIDE/plugins/com.st.stm32cube.ide.mcu.externaltools.gnu-tools-for-stm32.13.3.rel1.win32_1.0.100.202509120712/tools/bin/../lib/gcc/arm-none-eabi/13.3.1/../../../../arm-none-eabi/lib/thumb/v7e-m+fp/hard\libc_nano.a(libc_a-makebuf.o)
 .ARM.attributes
                0x00000933       0x34 C:/ST/STM32CubeIDE_2.0.0/STM32CubeIDE/plugins/com.st.stm32cube.ide.mcu.externaltools.gnu-tools-for-stm32.13.3.rel1.win32_1.0.100.202509120712/tools/bin/../lib/gcc/arm-none-eabi/13.3.1/../../../../arm-none-eabi/lib/thumb/v7e-m+fp/hard\libc_nano.a(libc_a-fstatr.o)
 .ARM.attributes
                0x00000967       0x34 C:/ST/STM32CubeIDE_2.0.0/STM32CubeIDE/plugins/com.st.stm32cube.ide.mcu.externaltools.gnu-tools-for-stm32.13.3.rel1.win32_1.0.100.202509120712/tools/bin/../lib/gcc/arm-none-eabi/13.3.1/../../../../arm-none-eabi/lib/thumb/v7e-m+fp/hard\libc_nano.a(libc_a-isattyr.o)
 .ARM.attributes
                0x0000099b       0x34 C:/ST/STM32CubeIDE_2.0.0/STM32CubeIDE/plugins/com.st.stm32cube.ide.mcu.externaltools.gnu-tools-for-stm32.13.3.rel1.win32_1.0.100.202509120712/tools/bin/../lib/gcc/arm-none-eabi/13.3.1/../../../../arm-none-eabi/lib/thumb/v7e-m+fp/hard\libc_nano.a(libc_a-sbrkr.o)
 .ARM.attributes
                0x000009cf       0x1c C:/ST/STM32CubeIDE_2.0.0/STM32CubeIDE/plugins/com.st.stm32cube.ide.mcu.externaltools.gnu-tools-for-stm32.13.3.rel1.win32_1.0.100.202509120712/tools/bin/../lib/gcc/arm-none-eabi/13.3.1/../../../../arm-none-eabi/lib/thumb/v7e-m+fp/hard\libc_nano.a(libc_a-memchr.o)
 .ARM.attributes
                0x000009eb       0x22 C:/ST/STM32CubeIDE_2.0.0/STM32CubeIDE/plugins/com.st.stm32cube.ide.mcu.externaltools.gnu-tools-for-stm32.13.3.rel1.win32_1.0.100.202509120712/tools/bin/../lib/gcc/arm-none-eabi/13.3.1/thumb/v7e-m+fp/hard\libgcc.a(_aeabi_uldivmod.o)
 .ARM.attributes
                0x00000a0d       0x34 C:/ST/STM32CubeIDE_2.0.0/STM32CubeIDE/plugins/com.st.stm32cube.ide.mcu.externaltools.gnu-tools-for-stm32.13.3.rel1.win32_1.0.100.202509120712/tools/bin/../lib/gcc/arm-none-eabi/13.3.1/thumb/v7e-m+fp/hard\libgcc.a(_udivmoddi4.o)
 .ARM.attributes
                0x00000a41       0x22 C:/ST/STM32CubeIDE_2.0.0/STM32CubeIDE/plugins/com.st.stm32cube.ide.mcu.externaltools.gnu-tools-for-stm32.13.3.rel1.win32_1.0.100.202509120712/tools/bin/../lib/gcc/arm-none-eabi/13.3.1/thumb/v7e-m+fp/hard\libgcc.a(_dvmd_tls.o)
 .ARM.attributes
                0x00000a63       0x22 C:/ST/STM32CubeIDE_2.0.0/STM32CubeIDE/plugins/com.st.stm32cube.ide.mcu.externaltools.gnu-tools-for-stm32.13.3.rel1.win32_1.0.100.202509120712/tools/bin/../lib/gcc/arm-none-eabi/13.3.1/thumb/v7e-m+fp/hard/crtn.o
OUTPUT(FMCWRadarFirmware.elf elf32-littlearm)
LOAD linker stubs
LOAD C:/ST/STM32CubeIDE_2.0.0/STM32CubeIDE/plugins/com.st.stm32cube.ide.mcu.externaltools.gnu-tools-for-stm32.13.3.rel1.win32_1.0.100.202509120712/tools/bin/../lib/gcc/arm-none-eabi/13.3.1/../../../../arm-none-eabi/lib/thumb/v7e-m+fp/hard\libc.a
LOAD C:/ST/STM32CubeIDE_2.0.0/STM32CubeIDE/plugins/com.st.stm32cube.ide.mcu.externaltools.gnu-tools-for-stm32.13.3.rel1.win32_1.0.100.202509120712/tools/bin/../lib/gcc/arm-none-eabi/13.3.1/../../../../arm-none-eabi/lib/thumb/v7e-m+fp/hard\libm.a
LOAD C:/ST/STM32CubeIDE_2.0.0/STM32CubeIDE/plugins/com.st.stm32cube.ide.mcu.externaltools.gnu-tools-for-stm32.13.3.rel1.win32_1.0.100.202509120712/tools/bin/../lib/gcc/arm-none-eabi/13.3.1/thumb/v7e-m+fp/hard\libgcc.a

.debug_info     0x00000000     0xfa95
 .debug_info    0x00000000      0xb72 ./Core/Src/adf4158.o
 .debug_info    0x00000b72     0x121e ./Core/Src/fmcw_stream.o
 .debug_info    0x00001d90     0x182f ./Core/Src/main.o
 .debug_info    0x000035bf      0x5c7 ./Core/Src/pdet.o
 .debug_info    0x00003b86      0xf28 ./Core/Src/stm32f4xx_hal_msp.o
 .debug_info    0x00004aae      0x925 ./Core/Src/stm32f4xx_it.o
 .debug_info    0x000053d3      0x6a3 ./Core/Src/syscalls.o
 .debug_info    0x00005a76      0x168 ./Core/Src/sysmem.o
 .debug_info    0x00005bde      0x52e ./Core/Src/system_stm32f4xx.o
 .debug_info    0x0000610c     0x1e2f ./Core/Src/usb_hs_debug.o
 .debug_info    0x00007f3b       0x30 ./Core/Startup/startup_stm32f429vetx.o
 .debug_info    0x00007f6b      0x9ba ./Drivers/STM32F4xx_HAL_Driver/Src/stm32f4xx_hal.o
 .debug_info    0x00008925      0xdc2 ./Drivers/STM32F4xx_HAL_Driver/Src/stm32f4xx_hal_cortex.o
 .debug_info    0x000096e7      0x8e7 ./Drivers/STM32F4xx_HAL_Driver/Src/stm32f4xx_hal_dma.o
 .debug_info    0x00009fce      0x6db ./Drivers/STM32F4xx_HAL_Driver/Src/stm32f4xx_hal_gpio.o
 .debug_info    0x0000a6a9     0x156f ./Drivers/STM32F4xx_HAL_Driver/Src/stm32f4xx_hal_pcd.o
 .debug_info    0x0000bc18      0x6ea ./Drivers/STM32F4xx_HAL_Driver/Src/stm32f4xx_hal_pcd_ex.o
 .debug_info    0x0000c302      0x8db ./Drivers/STM32F4xx_HAL_Driver/Src/stm32f4xx_hal_rcc.o
 .debug_info    0x0000cbdd     0x1525 ./Drivers/STM32F4xx_HAL_Driver/Src/stm32f4xx_hal_spi.o
 .debug_info    0x0000e102     0x1993 ./Drivers/STM32F4xx_HAL_Driver/Src/stm32f4xx_ll_usb.o

.debug_abbrev   0x00000000     0x2d02
 .debug_abbrev  0x00000000      0x23b ./Core/Src/adf4158.o
 .debug_abbrev  0x0000023b      0x394 ./Core/Src/fmcw_stream.o
 .debug_abbrev  0x000005cf      0x3b7 ./Core/Src/main.o
 .debug_abbrev  0x00000986      0x1db ./Core/Src/pdet.o
 .debug_abbrev  0x00000b61      0x266 ./Core/Src/stm32f4xx_hal_msp.o
 .debug_abbrev  0x00000dc7      0x1f4 ./Core/Src/stm32f4xx_it.o
 .debug_abbrev  0x00000fbb      0x1b6 ./Core/Src/syscalls.o
 .debug_abbrev  0x00001171       0xbc ./Core/Src/sysmem.o
 .debug_abbrev  0x0000122d      0x11a ./Core/Src/system_stm32f4xx.o
 .debug_abbrev  0x00001347      0x3b7 ./Core/Src/usb_hs_debug.o
 .debug_abbrev  0x000016fe       0x24 ./Core/Startup/startup_stm32f429vetx.o
 .debug_abbrev  0x00001722      0x214 ./Drivers/STM32F4xx_HAL_Driver/Src/stm32f4xx_hal.o
 .debug_abbrev  0x00001936      0x31d ./Drivers/STM32F4xx_HAL_Driver/Src/stm32f4xx_hal_cortex.o
 .debug_abbrev  0x00001c53      0x264 ./Drivers/STM32F4xx_HAL_Driver/Src/stm32f4xx_hal_dma.o
 .debug_abbrev  0x00001eb7      0x1d4 ./Drivers/STM32F4xx_HAL_Driver/Src/stm32f4xx_hal_gpio.o
 .debug_abbrev  0x0000208b      0x2b9 ./Drivers/STM32F4xx_HAL_Driver/Src/stm32f4xx_hal_pcd.o
 .debug_abbrev  0x00002344      0x1da ./Drivers/STM32F4xx_HAL_Driver/Src/stm32f4xx_hal_pcd_ex.o
 .debug_abbrev  0x0000251e      0x2b7 ./Drivers/STM32F4xx_HAL_Driver/Src/stm32f4xx_hal_rcc.o
 .debug_abbrev  0x000027d5      0x27a ./Drivers/STM32F4xx_HAL_Driver/Src/stm32f4xx_hal_spi.o
 .debug_abbrev  0x00002a4f      0x2b3 ./Drivers/STM32F4xx_HAL_Driver/Src/stm32f4xx_ll_usb.o

.debug_aranges  0x00000000      0xdd0
 .debug_aranges
                0x00000000       0x48 ./Core/Src/adf4158.o
 .debug_aranges
                0x00000048       0xf0 ./Core/Src/fmcw_stream.o
 .debug_aranges
                0x00000138       0x68 ./Core/Src/main.o
 .debug_aranges
                0x000001a0       0x30 ./Core/Src/pdet.o
 .debug_aranges
                0x000001d0       0x40 ./Core/Src/stm32f4xx_hal_msp.o
 .debug_aranges
                0x00000210       0x78 ./Core/Src/stm32f4xx_it.o
 .debug_aranges
                0x00000288       0xa8 ./Core/Src/syscalls.o
 .debug_aranges
                0x00000330       0x20 ./Core/Src/sysmem.o
 .debug_aranges