Archive member included to satisfy reference by file (symbol)

C:/ST/STM32CubeIDE_2.0.0/STM32CubeIDE/plugins/com.st.stm32cube.ide.mcu.externaltools.gnu-tools-for-stm32.13.3.rel1.win32_1.0.100.202509120712/tools/bin/../lib/gcc/arm-none-eabi/13.3.1/thumb/v7e-m+fp/hard\libgcc.a(_aeabi_uldivmod.o)
                              CMakeFiles/fmcw_radar_f429.elf.dir/Core/Src/fmcw_time.c.obj (__aeabi_uldivmod)
C:/ST/STM32CubeIDE_2.0.0/STM32CubeIDE/plugins/com.st.stm32cube.ide.mcu.externaltools.gnu-tools-for-stm32.13.3.rel1.win32_1.0.100.202509120712/tools/bin/../lib/gcc/arm-none-eabi/13.3.1/thumb/v7e-m+fp/hard\libgcc.a(_udivmoddi4.o)
                              C:/ST/STM32CubeIDE_2.0.0/STM32CubeIDE/plugins/com.st.stm32cube.ide.mcu.externaltools.gnu-tools-for-stm32.13.3.rel1.win32_1.0.100.202509120712/tools/bin/../lib/gcc/arm-none-eabi/13.3.1/thumb/v7e-m+fp/hard\libgcc.a(_aeabi_uldivmod.o) (__udivmoddi4)
C:/ST/STM32CubeIDE_2.0.0/STM32CubeIDE/plugins/com.st.stm32cube.ide.mcu.externaltools.gnu-tools-for-stm32.13.3.rel1.win32_1.0.100.202509120712/tools/bin/../lib/gcc/arm-none-eabi/13.3.1/thumb/v7e-m+fp/hard\libgcc.a(_dvmd_tls.o)
                              C:/ST/STM32CubeIDE_2.0.0/STM32CubeIDE/plugins/com.st.stm32cube.ide.mcu.externaltools.gnu-tools-for-stm32.13.3.rel1.win32_1.0.100.202509120712/tools/bin/../lib/gcc/arm-none-eabi/13.3.1/thumb/v7e-m+fp/hard\libgcc.a(_aeabi_uldivmod.o) (__aeabi_ldiv0)
C:/ST/STM32CubeIDE_2.0.0/STM32CubeIDE/plugins/com.st.stm32cube.ide.mcu.externaltools.gnu-tools-for-stm32.13.3.rel1.win32_1.0.100.202509120712/tools/bin/../lib/gcc/arm-none-eabi/13.3.1/../../../../arm-none-eabi/lib/thumb/v7e-m+fp/hard\libc_nano.a(libc_a-exit.o)
                              C:/ST/STM32CubeIDE_2.0.0/STM32CubeIDE/plugins/com.st.stm32cube.ide.mcu.externaltools.gnu-tools-for-stm32.13.3.rel1.win32_1.0.100.202509120712/tools/bin/../lib/gcc/arm-none-eabi/13.3.1/../../../../arm-none-eabi/lib/thumb/v7e-m+fp/hard/crt0.o (exit)
C:/ST/STM32CubeIDE_2.0.0/STM32CubeIDE/plugins/com.st.stm32cube.ide.mcu.externaltools.gnu-tools-for-stm32.13.3.rel1.win32_1.0.100.202509120712/tools/bin/../lib/gcc/arm-none-eabi/13.3.1/../../../../arm-none-eabi/lib/thumb/v7e-m+fp/hard\libc_nano.a(libc_a-findfp.o)
                              C:/ST/STM32CubeIDE_2.0.0/STM32CubeIDE/plugins/com.st.stm32cube.ide.mcu.externaltools.gnu-tools-for-stm32.13.3.rel1.win32_1.0.100.202509120712/tools/bin/../lib/gcc/arm-none-eabi/13.3.1/../../../../arm-none-eabi/lib/thumb/v7e-m+fp/hard\libc_nano.a(libc_a-exit.o) (__stdio_exit_handler)
C:/ST/STM32CubeIDE_2.0.0/STM32CubeIDE/plugins/com.st.stm32cube.ide.mcu.externaltools.gnu-tools-for-stm32.13.3.rel1.win32_1.0.100.202509120712/tools/bin/../lib/gcc/arm-none-eabi/13.3.1/../../../../arm-none-eabi/lib/thumb/v7e-m+fp/hard\libc_nano.a(libc_a-fwalk.o)
                              C:/ST/STM32CubeIDE_2.0.0/STM32CubeIDE/plugins/com.st.stm32cube.ide.mcu.externaltools.gnu-tools-for-stm32.13.3.rel1.win32_1.0.100.202509120712/tools/bin/../lib/gcc/arm-none-eabi/13.3.1/../../../../arm-none-eabi/lib/thumb/v7e-m+fp/hard\libc_nano.a(libc_a-findfp.o) (_fwalk_sglue)
C:/ST/STM32CubeIDE_2.0.0/STM32CubeIDE/plugins/com.st.stm32cube.ide.mcu.externaltools.gnu-tools-for-stm32.13.3.rel1.win32_1.0.100.202509120712/tools/bin/../lib/gcc/arm-none-eabi/13.3.1/../../../../arm-none-eabi/lib/thumb/v7e-m+fp/hard\libc_nano.a(libc_a-stdio.o)
                              C:/ST/STM32CubeIDE_2.0.0/STM32CubeIDE/plugins/com.st.stm32cube.ide.mcu.externaltools.gnu-tools-for-stm32.13.3.rel1.win32_1.0.100.202509120712/tools/bin/../lib/gcc/arm-none-eabi/13.3.1/../../../../arm-none-eabi/lib/thumb/v7e-m+fp/hard\libc_nano.a(libc_a-findfp.o) (__sread)
C:/ST/STM32CubeIDE_2.0.0/STM32CubeIDE/plugins/com.st.stm32cube.ide.mcu.externaltools.gnu-tools-for-stm32.13.3.rel1.win32_1.0.100.202509120712/tools/bin/../lib/gcc/arm-none-eabi/13.3.1/../../../../arm-none-eabi/lib/thumb/v7e-m+fp/hard\libc_nano.a(libc_a-memset.o)
                              C:/ST/STM32CubeIDE_2.0.0/STM32CubeIDE/plugins/com.st.stm32cube.ide.mcu.externaltools.gnu-tools-for-stm32.13.3.rel1.win32_1.0.100.202509120712/tools/bin/../lib/gcc/arm-none-eabi/13.3.1/../../../../arm-none-eabi/lib/thumb/v7e-m+fp/hard/crt0.o (memset)
C:/ST/STM32CubeIDE_2.0.0/STM32CubeIDE/plugins/com.st.stm32cube.ide.mcu.externaltools.gnu-tools-for-stm32.13.3.rel1.win32_1.0.100.202509120712/tools/bin/../lib/gcc/arm-none-eabi/13.3.1/../../../../arm-none-eabi/lib/thumb/v7e-m+fp/hard\libc_nano.a(libc_a-closer.o)
                              C:/ST/STM32CubeIDE_2.0.0/STM32CubeIDE/plugins/com.st.stm32cube.ide.mcu.externaltools.gnu-tools-for-stm32.13.3.rel1.win32_1.0.100.202509120712/tools/bin/../lib/gcc/arm-none-eabi/13.3.1/../../../../arm-none-eabi/lib/thumb/v7e-m+fp/hard\libc_nano.a(libc_a-stdio.o) (_close_r)
[...]
Memory Configuration

Name             Origin             Length             Attributes
FLASH            0x08000000         0x00080000         xr
RAM              0x20000000         0x00030000         xrw
CCMRAM           0x10000000         0x00010000         xrw
*default*        0x00000000         0xffffffff

Linker script and memory map

LOAD C:/ST/STM32CubeIDE_2.0.0/STM32CubeIDE/plugins/com.st.stm32cube.ide.mcu.externaltools.gnu-tools-for-stm32.13.3.rel1.win32_1.0.100.202509120712/tools/bin/../lib/gcc/arm-none-eabi/13.3.1/thumb/v7e-m+fp/hard/crti.o
LOAD C:/ST/STM32CubeIDE_2.0.0/STM32CubeIDE/plugins/com.st.stm32cube.ide.mcu.externaltools.gnu-tools-for-stm32.13.3.rel1.win32_1.0.100.202509120712/tools/bin/../lib/gcc/arm-none-eabi/13.3.1/thumb/v7e-m+fp/hard/crtbegin.o
LOAD C:/ST/STM32CubeIDE_2.0.0/STM32CubeIDE/plugins/com.st.stm32cube.ide.mcu.externaltools.gnu-tools-for-stm32.13.3.rel1.win32_1.0.100.202509120712/tools/bin/../lib/gcc/arm-none-eabi/13.3.1/../../../../arm-none-eabi/lib/thumb/v7e-m+fp/hard/crt0.o
LOAD CMakeFiles/fmcw_radar_f429.elf.dir/startup/startup_stm32f429xx.s.obj
LOAD CMakeFiles/fmcw_radar_f429.elf.dir/Core/Src/main.c.obj
LOAD CMakeFiles/fmcw_radar_f429.elf.dir/Core/Src/fmcw_adf4158.c.obj
LOAD CMakeFiles/fmcw_radar_f429.elf.dir/Core/Src/fmcw_capture.c.obj
LOAD CMakeFiles/fmcw_radar_f429.elf.dir/Core/Src/fmcw_frame.c.obj
LOAD CMakeFiles/fmcw_radar_f429.elf.dir/Core/Src/fmcw_hardware.c.obj
LOAD CMakeFiles/fmcw_radar_f429.elf.dir/Core/Src/fmcw_queue.c.obj
LOAD CMakeFiles/fmcw_radar_f429.elf.dir/Core/Src/fmcw_time.c.obj
LOAD CMakeFiles/fmcw_radar_f429.elf.dir/Core/Src/stm32f4xx_it.c.obj
LOAD CMakeFiles/fmcw_radar_f429.elf.dir/Core/Src/syscalls.c.obj
LOAD CMakeFiles/fmcw_radar_f429.elf.dir/Core/Src/usbd_conf.c.obj
LOAD CMakeFiles/fmcw_radar_f429.elf.dir/Core/Src/usbd_desc.c.obj
LOAD CMakeFiles/fmcw_radar_f429.elf.dir/Core/Src/usbd_vendor_stream.c.obj
LOAD CMakeFiles/fmcw_radar_f429.elf.dir/Core/Src/usb_stream.c.obj
LOAD CMakeFiles/fmcw_radar_f429.elf.dir/C_/Users/karun/STM32Cube/Repository/STM32Cube_FW_F4_V1.28.3/Drivers/STM32F4xx_HAL_Driver/Src/stm32f4xx_hal.c.obj
LOAD CMakeFiles/fmcw_radar_f429.elf.dir/C_/Users/karun/STM32Cube/Repository/STM32Cube_FW_F4_V1.28.3/Drivers/STM32F4xx_HAL_Driver/Src/stm32f4xx_hal_cortex.c.obj
LOAD CMakeFiles/fmcw_radar_f429.elf.dir/C_/Users/karun/STM32Cube/Repository/STM32Cube_FW_F4_V1.28.3/Drivers/STM32F4xx_HAL_Driver/Src/stm32f4xx_hal_dma.c.obj
LOAD CMakeFiles/fmcw_radar_f429.elf.dir/C_/Users/karun/STM32Cube/Repository/STM32Cube_FW_F4_V1.28.3/Drivers/STM32F4xx_HAL_Driver/Src/stm32f4xx_hal_flash.c.obj
LOAD CMakeFiles/fmcw_radar_f429.elf.dir/C_/Users/karun/STM32Cube/Repository/STM32Cube_FW_F4_V1.28.3/Drivers/STM32F4xx_HAL_Driver/Src/stm32f4xx_hal_flash_ex.c.obj
LOAD CMakeFiles/fmcw_radar_f429.elf.dir/C_/Users/karun/STM32Cube/Repository/STM32Cube_FW_F4_V1.28.3/Drivers/STM32F4xx_HAL_Driver/Src/stm32f4xx_hal_gpio.c.obj
LOAD CMakeFiles/fmcw_radar_f429.elf.dir/C_/Users/karun/STM32Cube/Repository/STM32Cube_FW_F4_V1.28.3/Drivers/STM32F4xx_HAL_Driver/Src/stm32f4xx_hal_pcd.c.obj
LOAD CMakeFiles/fmcw_radar_f429.elf.dir/C_/Users/karun/STM32Cube/Repository/STM32Cube_FW_F4_V1.28.3/Drivers/STM32F4xx_HAL_Driver/Src/stm32f4xx_hal_pcd_ex.c.obj
LOAD CMakeFiles/fmcw_radar_f429.elf.dir/C_/Users/karun/STM32Cube/Repository/STM32Cube_FW_F4_V1.28.3/Drivers/STM32F4xx_HAL_Driver/Src/stm32f4xx_hal_pwr.c.obj
LOAD CMakeFiles/fmcw_radar_f429.elf.dir/C_/Users/karun/STM32Cube/Repository/STM32Cube_FW_F4_V1.28.3/Drivers/STM32F4xx_HAL_Driver/Src/stm32f4xx_hal_pwr_ex.c.obj
LOAD CMakeFiles/fmcw_radar_f429.elf.dir/C_/Users/karun/STM32Cube/Repository/STM32Cube_FW_F4_V1.28.3/Drivers/STM32F4xx_HAL_Driver/Src/stm32f4xx_hal_rcc.c.obj
LOAD CMakeFiles/fmcw_radar_f429.elf.dir/C_/Users/karun/STM32Cube/Repository/STM32Cube_FW_F4_V1.28.3/Drivers/STM32F4xx_HAL_Driver/Src/stm32f4xx_hal_rcc_ex.c.obj
LOAD CMakeFiles/fmcw_radar_f429.elf.dir/C_/Users/karun/STM32Cube/Repository/STM32Cube_FW_F4_V1.28.3/Drivers/STM32F4xx_HAL_Driver/Src/stm32f4xx_hal_spi.c.obj
LOAD CMakeFiles/fmcw_radar_f429.elf.dir/C_/Users/karun/STM32Cube/Repository/STM32Cube_FW_F4_V1.28.3/Drivers/STM32F4xx_HAL_Driver/Src/stm32f4xx_ll_usb.c.obj
LOAD CMakeFiles/fmcw_radar_f429.elf.dir/C_/Users/karun/STM32Cube/Repository/STM32Cube_FW_F4_V1.28.3/Drivers/CMSIS/Device/ST/STM32F4xx/Source/Templates/system_stm32f4xx.c.obj
LOAD CMakeFiles/fmcw_radar_f429.elf.dir/C_/Users/karun/STM32Cube/Repository/STM32Cube_FW_F4_V1.28.3/Middlewares/ST/STM32_USB_Device_Library/Core/Src/usbd_core.c.obj
LOAD CMakeFiles/fmcw_radar_f429.elf.dir/C_/Users/karun/STM32Cube/Repository/STM32Cube_FW_F4_V1.28.3/Middlewares/ST/STM32_USB_Device_Library/Core/Src/usbd_ctlreq.c.obj
LOAD CMakeFiles/fmcw_radar_f429.elf.dir/C_/Users/karun/STM32Cube/Repository/STM32Cube_FW_F4_V1.28.3/Middlewares/ST/STM32_USB_Device_Library/Core/Src/usbd_ioreq.c.obj
START GROUP
LOAD C:/ST/STM32CubeIDE_2.0.0/STM32CubeIDE/plugins/com.st.stm32cube.ide.mcu.externaltools.gnu-tools-for-stm32.13.3.rel1.win32_1.0.100.202509120712/tools/bin/../lib/gcc/arm-none-eabi/13.3.1/thumb/v7e-m+fp/hard\libgcc.a
LOAD C:/ST/STM32CubeIDE_2.0.0/STM32CubeIDE/plugins/com.st.stm32cube.ide.mcu.externaltools.gnu-tools-for-stm32.13.3.rel1.win32_1.0.100.202509120712/tools/bin/../lib/gcc/arm-none-eabi/13.3.1/../../../../arm-none-eabi/lib/thumb/v7e-m+fp/hard\libc_nano.a
END GROUP
START GROUP
LOAD C:/ST/STM32CubeIDE_2.0.0/STM32CubeIDE/plugins/com.st.stm32cube.ide.mcu.externaltools.gnu-tools-for-stm32.13.3.rel1.win32_1.0.100.202509120712/tools/bin/../lib/gcc/arm-none-eabi/13.3.1/thumb/v7e-m+fp/hard\libgcc.a
LOAD C:/ST/STM32CubeIDE_2.0.0/STM32CubeIDE/plugins/com.st.stm32cube.ide.mcu.externaltools.gnu-tools-for-stm32.13.3.rel1.win32_1.0.100.202509120712/tools/bin/../lib/gcc/arm-none-eabi/13.3.1/../../../../arm-none-eabi/lib/thumb/v7e-m+fp/hard\libc_nano.a
LOAD C:/ST/STM32CubeIDE_2.0.0/STM32CubeIDE/plugins/com.st.stm32cube.ide.mcu.externaltools.gnu-tools-for-stm32.13.3.rel1.win32_1.0.100.202509120712/tools/bin/../lib/gcc/arm-none-eabi/13.3.1/../../../../arm-none-eabi/lib/thumb/v7e-m+fp/hard\libnosys.a
END GROUP
START GROUP
LOAD C:/ST/STM32CubeIDE_2.0.0/STM32CubeIDE/plugins/com.st.stm32cube.ide.mcu.externaltools.gnu-tools-for-stm32.13.3.rel1.win32_1.0.100.202509120712/tools/bin/../lib/gcc/arm-none-eabi/13.3.1/thumb/v7e-m+fp/hard\libgcc.a
LOAD C:/ST/STM32CubeIDE_2.0.0/STM32CubeIDE/plugins/com.st.stm32cube.ide.mcu.externaltools.gnu-tools-for-stm32.13.3.rel1.win32_1.0.100.202509120712/tools/bin/../lib/gcc/arm-none-eabi/13.3.1/../../../../arm-none-eabi/lib/thumb/v7e-m+fp/hard\libc_nano.a
LOAD C:/ST/STM32CubeIDE_2.0.0/STM32CubeIDE/plugins/com.st.stm32cube.ide.mcu.externaltools.gnu-tools-for-stm32.13.3.rel1.win32_1.0.100.202509120712/tools/bin/../lib/gcc/arm-none-eabi/13.3.1/../../../../arm-none-eabi/lib/thumb/v7e-m+fp/hard\libnosys.a
END GROUP
LOAD C:/ST/STM32CubeIDE_2.0.0/STM32CubeIDE/plugins/com.st.stm32cube.ide.mcu.externaltools.gnu-tools-for-stm32.13.3.rel1.win32_1.0.100.202509120712/tools/bin/../lib/gcc/arm-none-eabi/13.3.1/thumb/v7e-m+fp/hard/crtend.o
LOAD C:/ST/STM32CubeIDE_2.0.0/STM32CubeIDE/plugins/com.st.stm32cube.ide.mcu.externaltools.gnu-tools-for-stm32.13.3.rel1.win32_1.0.100.202509120712/tools/bin/../lib/gcc/arm-none-eabi/13.3.1/thumb/v7e-m+fp/hard/crtn.o
                0x10010000                        _estack = (ORIGIN (CCMRAM) + LENGTH (CCMRAM))

.isr_vector     0x08000000      0x1ac
                0x08000000                        . = ALIGN (0x4)
 *(.isr_vector)
 .isr_vector    0x08000000      0x1ac CMakeFiles/fmcw_radar_f429.elf.dir/startup/startup_stm32f429xx.s.obj
                0x08000000                g_pfnVectors
                0x080001ac                        . = ALIGN (0x4)

.text           0x080001ac     0x6f88
                0x080001ac                        . = ALIGN (0x4)
 *(.text)
 .text          0x080001ac       0x40 C:/ST/STM32CubeIDE_2.0.0/STM32CubeIDE/plugins/com.st.stm32cube.ide.mcu.externaltools.gnu-tools-for-stm32.13.3.rel1.win32_1.0.100.202509120712/tools/bin/../lib/gcc/arm-none-eabi/13.3.1/thumb/v7e-m+fp/hard/crtbegin.o
 .text          0x080001ec       0x30 C:/ST/STM32CubeIDE_2.0.0/STM32CubeIDE/plugins/com.st.stm32cube.ide.mcu.externaltools.gnu-tools-for-stm32.13.3.rel1.win32_1.0.100.202509120712/tools/bin/../lib/gcc/arm-none-eabi/13.3.1/thumb/v7e-m+fp/hard\libgcc.a(_aeabi_uldivmod.o)
                0x080001ec                __aeabi_uldivmod
 .text          0x0800021c      0x2f8 C:/ST/STM32CubeIDE_2.0.0/STM32CubeIDE/plugins/com.st.stm32cube.ide.mcu.externaltools.gnu-tools-for-stm32.13.3.rel1.win32_1.0.100.202509120712/tools/bin/../lib/gcc/arm-none-eabi/13.3.1/thumb/v7e-m+fp/hard\libgcc.a(_udivmoddi4.o)
                0x0800021c                __udivmoddi4
 .text          0x08000514        0x4 C:/ST/STM32CubeIDE_2.0.0/STM32CubeIDE/plugins/com.st.stm32cube.ide.mcu.externaltools.gnu-tools-for-stm32.13.3.rel1.win32_1.0.100.202509120712/tools/bin/../lib/gcc/arm-none-eabi/13.3.1/thumb/v7e-m+fp/hard\libgcc.a(_dvmd_tls.o)
                0x08000514                __aeabi_idiv0
                0x08000514                __aeabi_ldiv0
 *(.text*)
 .text.Reset_Handler
                0x08000518       0x54 CMakeFiles/fmcw_radar_f429.elf.dir/startup/startup_stm32f429xx.s.obj
                0x08000518                Reset_Handler
 .text.Default_Handler
                0x0800056c        0x2 CMakeFiles/fmcw_radar_f429.elf.dir/startup/startup_stm32f429xx.s.obj
                0x0800056c                RTC_Alarm_IRQHandler
                0x0800056c                HASH_RNG_IRQHandler
                0x0800056c                EXTI2_IRQHandler
                0x0800056c                TIM8_CC_IRQHandler
                0x0800056c                DebugMon_Handler
                0x0800056c                UART8_IRQHandler
                0x0800056c                SPI4_IRQHandler
                0x0800056c                TIM1_CC_IRQHandler
                0x0800056c                DMA2_Stream5_IRQHandler
                0x0800056c                HardFault_Handler
                0x0800056c                DMA1_Stream5_IRQHandler
                0x0800056c                PVD_IRQHandler
                0x0800056c                SDIO_IRQHandler
                0x0800056c                TAMP_STAMP_IRQHandler
                0x0800056c                PendSV_Handler
                0x0800056c                NMI_Handler
                0x0800056c                CAN2_RX1_IRQHandler
                0x0800056c                EXTI3_IRQHandler
                0x0800056c                TIM8_TRG_COM_TIM14_IRQHandler
                0x0800056c                TIM1_UP_TIM10_IRQHandler
                0x0800056c                TIM8_UP_TIM13_IRQHandler
                0x0800056c                I2C3_ER_IRQHandler
                0x0800056c                EXTI0_IRQHandler
                0x0800056c                I2C2_EV_IRQHandler
                0x0800056c                DMA1_Stream2_IRQHandler
                0x0800056c                CAN1_RX0_IRQHandler
                0x0800056c                FPU_IRQHandler
                0x0800056c                OTG_HS_WKUP_IRQHandler
                0x0800056c                UsageFault_Handler
                0x0800056c                LTDC_ER_IRQHandler
                0x0800056c                CAN2_SCE_IRQHandler
                0x0800056c                DMA2_Stream2_IRQHandler
                0x0800056c                SPI1_IRQHandler
                0x0800056c                TIM6_DAC_IRQHandler
                0x0800056c                CAN2_RX0_IRQHandler
                0x0800056c                DMA2_Stream3_IRQHandler
                0x0800056c                USART6_IRQHandler
                0x0800056c                USART3_IRQHandler
                0x0800056c                CRYP_IRQHandler
                0x0800056c                CAN1_RX1_IRQHandler
                0x0800056c                UART5_IRQHandler
                0x0800056c                DMA2_Stream0_IRQHandler
                0x0800056c                TIM4_IRQHandler
                0x0800056c                I2C1_EV_IRQHandler
                0x0800056c                DMA1_Stream6_IRQHandler
                0x0800056c                DMA1_Stream1_IRQHandler
                0x0800056c                UART4_IRQHandler
                0x0800056c                TIM3_IRQHandler
                0x0800056c                RCC_IRQHandler
                0x0800056c                TIM8_BRK_TIM12_IRQHandler
                0x0800056c                EXTI15_10_IRQHandler
                0x0800056c                ADC_IRQHandler
                0x0800056c                DMA1_Stream7_IRQHandler
                0x0800056c                SPI5_IRQHandler
                0x0800056c                TIM7_IRQHandler
                0x0800056c                CAN2_TX_IRQHandler
                0x0800056c                TIM5_IRQHandler
                0x0800056c                DMA2_Stream7_IRQHandler
                0x0800056c                I2C3_EV_IRQHandler
                0x0800056c                EXTI9_5_IRQHandler
                0x0800056c                RTC_WKUP_IRQHandler
                0x0800056c                LTDC_IRQHandler
                0x0800056c                ETH_WKUP_IRQHandler
                0x0800056c                SPI2_IRQHandler
                0x0800056c                OTG_HS_EP1_IN_IRQHandler
                0x0800056c                MemManage_Handler
                0x0800056c                DMA1_Stream0_IRQHandler
                0x0800056c                CAN1_TX_IRQHandler
                0x0800056c                SVC_Handler
                0x0800056c                EXTI4_IRQHandler
                0x0800056c                ETH_IRQHandler
                0x0800056c                OTG_HS_EP1_OUT_IRQHandler
                0x0800056c                WWDG_IRQHandler
                0x0800056c                SPI6_IRQHandler
                0x0800056c                TIM2_IRQHandler
                0x0800056c                OTG_FS_WKUP_IRQHandler
                0x0800056c                TIM1_TRG_COM_TIM11_IRQHandler
                0x0800056c                DMA2D_IRQHandler
                0x0800056c                EXTI1_IRQHandler
                0x0800056c                UART7_IRQHandler
                0x0800056c                USART2_IRQHandler
                0x0800056c                I2C2_ER_IRQHandler
                0x0800056c                CAN1_SCE_IRQHandler
                0x0800056c                FLASH_IRQHandler
                0x0800056c                DMA2_Stream4_IRQHandler
                0x0800056c                BusFault_Handler
                0x0800056c                USART1_IRQHandler
                0x0800056c                OTG_FS_IRQHandler
                0x0800056c                SPI3_IRQHandler
                0x0800056c                DMA1_Stream4_IRQHandler
                0x0800056c                I2C1_ER_IRQHandler
                0x0800056c                FMC_IRQHandler
                0x0800056c                DMA2_Stream6_IRQHandler
                0x0800056c                SAI1_IRQHandler
                0x0800056c                DMA1_Stream3_IRQHandler
 .text.main     0x0800056e       0x5e CMakeFiles/fmcw_radar_f429.elf.dir/Core/Src/main.c.obj
                0x0800056e                main
 .text.irq_save
                0x080005cc       0x22 CMakeFiles/fmcw_radar_f429.elf.dir/Core/Src/fmcw_capture.c.obj
 .text.irq_restore
                0x080005ee       0x20 CMakeFiles/fmcw_radar_f429.elf.dir/Core/Src/fmcw_capture.c.obj
 *fill*         0x0800060e        0x2 
 .text.take_pending_flags
                0x08000610       0x2c CMakeFiles/fmcw_radar_f429.elf.dir/Core/Src/fmcw_capture.c.obj
 .text.add_pending_flags
                0x0800063c       0x34 CMakeFiles/fmcw_radar_f429.elf.dir/Core/Src/fmcw_capture.c.obj
 .text.fmcw_capture_state_init
                0x08000670       0x88 CMakeFiles/fmcw_radar_f429.elf.dir/Core/Src/fmcw_capture.c.obj
                0x08000670                fmcw_capture_state_init
 .text.fmcw_capture_arm_dma
                0x080006f8       0x20 CMakeFiles/fmcw_radar_f429.elf.dir/Core/Src/fmcw_capture.c.obj
                0x080006f8                fmcw_capture_arm_dma
 .text.fmcw_capture_start_aligned
                0x08000718       0x30 CMakeFiles/fmcw_radar_f429.elf.dir/Core/Src/fmcw_capture.c.obj
                0x08000718                fmcw_capture_start_aligned
 .text.fmcw_capture_note_muxout
                0x08000748       0x28 CMakeFiles/fmcw_radar_f429.elf.dir/Core/Src/fmcw_capture.c.obj
                0x08000748                fmcw_capture_note_muxout
 .text.fmcw_capture_note_dma_error
                0x08000770       0x20 CMakeFiles/fmcw_radar_f429.elf.dir/Core/Src/fmcw_capture.c.obj
                0x08000770                fmcw_capture_note_dma_error
 .text.fmcw_capture_note_dcmi_error
                0x08000790       0x1a CMakeFiles/fmcw_radar_f429.elf.dir/Core/Src/fmcw_capture.c.obj
                0x08000790                fmcw_capture_note_dcmi_error
 *fill*         0x080007aa        0x2 
 .text.fmcw_capture_watchdog_poll
                0x080007ac       0x5c CMakeFiles/fmcw_radar_f429.elf.dir/Core/Src/fmcw_capture.c.obj
                0x080007ac                fmcw_capture_watchdog_poll
 .text.fmcw_capture_dma_tc_isr
                0x08000808      0x12c CMakeFiles/fmcw_radar_f429.elf.dir/Core/Src/fmcw_capture.c.obj
                0x08000808                fmcw_capture_dma_tc_isr
 .text.fmcw_capture_dma_error_isr
                0x08000934       0x16 CMakeFiles/fmcw_radar_f429.elf.dir/Core/Src/fmcw_capture.c.obj
                0x08000934                fmcw_capture_dma_error_isr
 *fill*         0x0800094a        0x2 
 .text.fmcw_capture_usb_dequeue
                0x0800094c       0x30 CMakeFiles/fmcw_radar_f429.elf.dir/Core/Src/fmcw_capture.c.obj
                0x0800094c                fmcw_capture_usb_dequeue
 .text.fmcw_capture_usb_requeue_front
                0x0800097c       0x6c CMakeFiles/fmcw_radar_f429.elf.dir/Core/Src/fmcw_capture.c.obj
                0x0800097c                fmcw_capture_usb_requeue_front
 .text.fmcw_capture_usb_release
                0x080009e8       0x4c CMakeFiles/fmcw_radar_f429.elf.dir/Core/Src/fmcw_capture.c.obj
                0x080009e8                fmcw_capture_usb_release
 .text.fmcw_capture_usb_queue_depth
                0x08000a34       0x2c CMakeFiles/fmcw_radar_f429.elf.dir/Core/Src/fmcw_capture.c.obj
                0x08000a34                fmcw_capture_usb_queue_depth
 .text.fmcw_capture_slot_base
                0x08000a60       0x28 CMakeFiles/fmcw_radar_f429.elf.dir/Core/Src/fmcw_capture.c.obj
                0x08000a60                fmcw_capture_slot_base
 .text.fmcw_capture_slot_payload
                0x08000a88       0x2c CMakeFiles/fmcw_radar_f429.elf.dir/Core/Src/fmcw_capture.c.obj
                0x08000a88                fmcw_capture_slot_payload
 .text.fmcw_frame_fill
                0x08000ab4      0x10a CMakeFiles/fmcw_radar_f429.elf.dir/Core/Src/fmcw_frame.c.obj
                0x08000ab4                fmcw_frame_fill
 .text.gpio_af  0x08000bbe       0x46 CMakeFiles/fmcw_radar_f429.elf.dir/Core/Src/fmcw_hardware.c.obj
 .text.gpio_output
                0x08000c04       0x50 CMakeFiles/fmcw_radar_f429.elf.dir/Core/Src/fmcw_hardware.c.obj
 .text.gpio_input
                0x08000c54       0x3c CMakeFiles/fmcw_radar_f429.elf.dir/Core/Src/fmcw_hardware.c.obj
 .text.gpio_analog
                0x08000c90       0x3a CMakeFiles/fmcw_radar_f429.elf.dir/Core/Src/fmcw_hardware.c.obj
 *fill*         0x08000cca        0x2 
 .text.fmcw_tx_set_enabled
                0x08000ccc       0x44 CMakeFiles/fmcw_radar_f429.elf.dir/Core/Src/fmcw_hardware.c.obj
 .text.HAL_MspInit
                0x08000d10       0x50 CMakeFiles/fmcw_radar_f429.elf.dir/Core/Src/fmcw_hardware.c.obj
                0x08000d10                HAL_MspInit
 .text.fmcw_clock_config
                0x08000d60       0xec CMakeFiles/fmcw_radar_f429.elf.dir/Core/Src/fmcw_hardware.c.obj
                0x08000d60                fmcw_clock_config
 .text.fmcw_gpio_init
                0x08000e4c      0x200 CMakeFiles/fmcw_radar_f429.elf.dir/Core/Src/fmcw_hardware.c.obj
                0x08000e4c                fmcw_gpio_init
 .text.fmcw_usb_phy_reset
                0x0800104c       0x80 CMakeFiles/fmcw_radar_f429.elf.dir/Core/Src/fmcw_hardware.c.obj
                0x0800104c                fmcw_usb_phy_reset
 .text.fmcw_tx_service
                0x080010cc       0x40 CMakeFiles/fmcw_radar_f429.elf.dir/Core/Src/fmcw_hardware.c.obj
                0x080010cc                fmcw_tx_service
 .text.fmcw_dcmi_init
                0x0800110c       0x70 CMakeFiles/fmcw_radar_f429.elf.dir/Core/Src/fmcw_hardware.c.obj
                0x0800110c                fmcw_dcmi_init
 .text.fmcw_dma2_stream1_init
                0x0800117c       0xa4 CMakeFiles/fmcw_radar_f429.elf.dir/Core/Src/fmcw_hardware.c.obj
                0x0800117c                fmcw_dma2_stream1_init
 .text.fmcw_tim9_init
                0x08001220       0x8c CMakeFiles/fmcw_radar_f429.elf.dir/Core/Src/fmcw_hardware.c.obj
                0x08001220                fmcw_tim9_init
 .text.fmcw_tim9_start
                0x080012ac       0x2c CMakeFiles/fmcw_radar_f429.elf.dir/Core/Src/fmcw_hardware.c.obj
                0x080012ac                fmcw_tim9_start
 .text.fmcw_nvic_init
                0x080012d8       0x48 CMakeFiles/fmcw_radar_f429.elf.dir/Core/Src/fmcw_hardware.c.obj
                0x080012d8                fmcw_nvic_init
 .text.fmcw_error_trap
                0x08001320       0x10 CMakeFiles/fmcw_radar_f429.elf.dir/Core/Src/fmcw_hardware.c.obj
                0x08001320                fmcw_error_trap
 .text.fmcw_queue_reset
                0x08001330       0x26 CMakeFiles/fmcw_radar_f429.elf.dir/Core/Src/fmcw_queue.c.obj
                0x08001330                fmcw_queue_reset
 .text.fmcw_queue_push
                0x08001356       0x50 CMakeFiles/fmcw_radar_f429.elf.dir/Core/Src/fmcw_queue.c.obj
                0x08001356                fmcw_queue_push
 .text.fmcw_queue_pop
                0x080013a6       0x50 CMakeFiles/fmcw_radar_f429.elf.dir/Core/Src/fmcw_queue.c.obj
                0x080013a6                fmcw_queue_pop
 .text.fmcw_queue_count
                0x080013f6       0x18 CMakeFiles/fmcw_radar_f429.elf.dir/Core/Src/fmcw_queue.c.obj
                0x080013f6                fmcw_queue_count
 *fill*         0x0800140e        0x2 
 .text.fmcw_time_init
                0x08001410       0x50 CMakeFiles/fmcw_radar_f429.elf.dir/Core/Src/fmcw_time.c.obj
                0x08001410                fmcw_time_init
 .text.fmcw_time_us
                0x08001460       0xac CMakeFiles/fmcw_radar_f429.elf.dir/Core/Src/fmcw_time.c.obj
                0x08001460                fmcw_time_us
 .text.SysTick_Handler
                0x0800150c        0xc CMakeFiles/fmcw_radar_f429.elf.dir/Core/Src/stm32f4xx_it.c.obj
                0x0800150c                SysTick_Handler
 .text.DMA2_Stream1_IRQHandler
                0x08001518       0x58 CMakeFiles/fmcw_radar_f429.elf.dir/Core/Src/stm32f4xx_it.c.obj
                0x08001518                DMA2_Stream1_IRQHandler
 .text.DCMI_IRQHandler
                0x08001570       0x58 CMakeFiles/fmcw_radar_f429.elf.dir/Core/Src/stm32f4xx_it.c.obj
                0x08001570                DCMI_IRQHandler
 .text.TIM1_BRK_TIM9_IRQHandler
                0x080015c8       0x78 CMakeFiles/fmcw_radar_f429.elf.dir/Core/Src/stm32f4xx_it.c.obj
                0x080015c8                TIM1_BRK_TIM9_IRQHandler
 .text.OTG_HS_IRQHandler
                0x08001640       0x14 CMakeFiles/fmcw_radar_f429.elf.dir/Core/Src/stm32f4xx_it.c.obj
                0x08001640                OTG_HS_IRQHandler
 .text.HAL_PCD_MspInit
                0x08001654       0x60 CMakeFiles/fmcw_radar_f429.elf.dir/Core/Src/usbd_conf.c.obj
                0x08001654                HAL_PCD_MspInit
 .text.USBD_LL_Init
                0x080016b4       0x98 CMakeFiles/fmcw_radar_f429.elf.dir/Core/Src/usbd_conf.c.obj
                0x080016b4                USBD_LL_Init
 .text.USBD_LL_Start
                0x0800174c       0x2c CMakeFiles/fmcw_radar_f429.elf.dir/Core/Src/usbd_conf.c.obj
                0x0800174c                USBD_LL_Start
 .text.USBD_LL_OpenEP
                0x08001778       0x42 CMakeFiles/fmcw_radar_f429.elf.dir/Core/Src/usbd_conf.c.obj
                0x08001778                USBD_LL_OpenEP
 .text.USBD_LL_CloseEP
                0x080017ba       0x34 CMakeFiles/fmcw_radar_f429.elf.dir/Core/Src/usbd_conf.c.obj
                0x080017ba                USBD_LL_CloseEP
 .text.USBD_LL_StallEP
                0x080017ee       0x34 CMakeFiles/fmcw_radar_f429.elf.dir/Core/Src/usbd_conf.c.obj
                0x080017ee                USBD_LL_StallEP
 .text.USBD_LL_ClearStallEP
                0x08001822       0x34 CMakeFiles/fmcw_radar_f429.elf.dir/Core/Src/usbd_conf.c.obj
                0x08001822                USBD_LL_ClearStallEP
 .text.USBD_LL_IsStallEP
                0x08001856       0x58 CMakeFiles/fmcw_radar_f429.elf.dir/Core/Src/usbd_conf.c.obj
                0x08001856                USBD_LL_IsStallEP
 .text.USBD_LL_SetUSBAddress
                0x080018ae       0x34 CMakeFiles/fmcw_radar_f429.elf.dir/Core/Src/usbd_conf.c.obj
                0x080018ae                USBD_LL_SetUSBAddress
 .text.USBD_LL_Transmit
                0x080018e2       0x38 CMakeFiles/fmcw_radar_f429.elf.dir/Core/Src/usbd_conf.c.obj
                0x080018e2                USBD_LL_Transmit
 .text.USBD_LL_PrepareReceive
                0x0800191a       0x38 CMakeFiles/fmcw_radar_f429.elf.dir/Core/Src/usbd_conf.c.obj
                0x0800191a                USBD_LL_PrepareReceive
 .text.HAL_PCD_SetupStageCallback
                0x08001952       0x24 CMakeFiles/fmcw_radar_f429.elf.dir/Core/Src/usbd_conf.c.obj
                0x08001952                HAL_PCD_SetupStageCallback
 .text.HAL_PCD_DataOutStageCallback
                0x08001976       0x36 CMakeFiles/fmcw_radar_f429.elf.dir/Core/Src/usbd_conf.c.obj
                0x08001976                HAL_PCD_DataOutStageCallback
 .text.HAL_PCD_DataInStageCallback
                0x080019ac       0x34 CMakeFiles/fmcw_radar_f429.elf.dir/Core/Src/usbd_conf.c.obj
                0x080019ac                HAL_PCD_DataInStageCallback
 .text.HAL_PCD_SOFCallback
                0x080019e0       0x1c CMakeFiles/fmcw_radar_f429.elf.dir/Core/Src/usbd_conf.c.obj
                0x080019e0                HAL_PCD_SOFCallback
 .text.HAL_PCD_ResetCallback
                0x080019fc       0x3c CMakeFiles/fmcw_radar_f429.elf.dir/Core/Src/usbd_conf.c.obj
                0x080019fc                HAL_PCD_ResetCallback
 .text.HAL_PCD_SuspendCallback
                0x08001a38       0x1c CMakeFiles/fmcw_radar_f429.elf.dir/Core/Src/usbd_conf.c.obj
                0x08001a38                HAL_PCD_SuspendCallback
 .text.HAL_PCD_ResumeCallback
                0x08001a54       0x1c CMakeFiles/fmcw_radar_f429.elf.dir/Core/Src/usbd_conf.c.obj
                0x08001a54                HAL_PCD_ResumeCallback
 .text.HAL_PCD_ISOOUTIncompleteCallback
                0x08001a70       0x24 CMakeFiles/fmcw_radar_f429.elf.dir/Core/Src/usbd_conf.c.obj
                0x08001a70                HAL_PCD_ISOOUTIncompleteCallback
 .text.HAL_PCD_ISOINIncompleteCallback
                0x08001a94       0x24 CMakeFiles/fmcw_radar_f429.elf.dir/Core/Src/usbd_conf.c.obj
                0x08001a94                HAL_PCD_ISOINIncompleteCallback
 .text.HAL_PCD_ConnectCallback
                0x08001ab8       0x1c CMakeFiles/fmcw_radar_f429.elf.dir/Core/Src/usbd_conf.c.obj
                0x08001ab8                HAL_PCD_ConnectCallback
 .text.HAL_PCD_DisconnectCallback
                0x08001ad4       0x22 CMakeFiles/fmcw_radar_f429.elf.dir/Core/Src/usbd_conf.c.obj
                0x08001ad4                HAL_PCD_DisconnectCallback
 .text.int_to_unicode
                0x08001af6       0x6e CMakeFiles/fmcw_radar_f429.elf.dir/Core/Src/usbd_desc.c.obj
 .text.device_descriptor
                0x08001b64       0x24 CMakeFiles/fmcw_radar_f429.elf.dir/Core/Src/usbd_desc.c.obj
 .text.lang_id_descriptor
                0x08001b88       0x24 CMakeFiles/fmcw_radar_f429.elf.dir/Core/Src/usbd_desc.c.obj
 .text.manufacturer_descriptor
                0x08001bac       0x28 CMakeFiles/fmcw_radar_f429.elf.dir/Core/Src/usbd_desc.c.obj
 .text.product_descriptor
                0x08001bd4       0x40 CMakeFiles/fmcw_radar_f429.elf.dir/Core/Src/usbd_desc.c.obj
 .text.serial_descriptor
                0x08001c14       0x58 CMakeFiles/fmcw_radar_f429.elf.dir/Core/Src/usbd_desc.c.obj
 .text.config_descriptor
                0x08001c6c       0x28 CMakeFiles/fmcw_radar_f429.elf.dir/Core/Src/usbd_desc.c.obj
 .text.interface_descriptor
                0x08001c94       0x28 CMakeFiles/fmcw_radar_f429.elf.dir/Core/Src/usbd_desc.c.obj
 .text.init     0x08001cbc       0x42 CMakeFiles/fmcw_radar_f429.elf.dir/Core/Src/usbd_vendor_stream.c.obj
 .text.deinit   0x08001cfe       0x2c CMakeFiles/fmcw_radar_f429.elf.dir/Core/Src/usbd_vendor_stream.c.obj
 *fill*         0x08001d2a        0x2 
 .text.setup    0x08001d2c       0x7c CMakeFiles/fmcw_radar_f429.elf.dir/Core/Src/usbd_vendor_stream.c.obj
 .text.data_in  0x08001da8       0x1e CMakeFiles/fmcw_radar_f429.elf.dir/Core/Src/usbd_vendor_stream.c.obj
 *fill*         0x08001dc6        0x2 
 .text.get_hs_config_descriptor
                0x08001dc8       0x20 CMakeFiles/fmcw_radar_f429.elf.dir/Core/Src/usbd_vendor_stream.c.obj
 .text.get_fs_config_descriptor
                0x08001de8       0x20 CMakeFiles/fmcw_radar_f429.elf.dir/Core/Src/usbd_vendor_stream.c.obj
 .text.get_other_speed_config_descriptor
                0x08001e08       0x20 CMakeFiles/fmcw_radar_f429.elf.dir/Core/Src/usbd_vendor_stream.c.obj
 .text.get_device_qualifier_descriptor
                0x08001e28       0x20 CMakeFiles/fmcw_radar_f429.elf.dir/Core/Src/usbd_vendor_stream.c.obj
 .text.usb_stream_init
                0x08001e48       0x5c CMakeFiles/fmcw_radar_f429.elf.dir/Core/Src/usb_stream.c.obj
                0x08001e48                usb_stream_init
 .text.usb_stream_ready
                0x08001ea4       0x18 CMakeFiles/fmcw_radar_f429.elf.dir/Core/Src/usb_stream.c.obj
                0x08001ea4                usb_stream_ready
 .text.usb_stream_class_configured
                0x08001ebc       0x40 CMakeFiles/fmcw_radar_f429.elf.dir/Core/Src/usb_stream.c.obj
                0x08001ebc                usb_stream_class_configured
 .text.usb_stream_poll
                0x08001efc       0x94 CMakeFiles/fmcw_radar_f429.elf.dir/Core/Src/usb_stream.c.obj
                0x08001efc                usb_stream_poll
 .text.usb_stream_ep_in_complete
                0x08001f90       0x44 CMakeFiles/fmcw_radar_f429.elf.dir/Core/Src/usb_stream.c.obj
                0x08001f90                usb_stream_ep_in_complete
 .text.HAL_Init
                0x08001fd4       0x44 CMakeFiles/fmcw_radar_f429.elf.dir/C_/Users/karun/STM32Cube/Repository/STM32Cube_FW_F4_V1.28.3/Drivers/STM32F4xx_HAL_Driver/Src/stm32f4xx_hal.c.obj
                0x08001fd4                HAL_Init
 .text.HAL_InitTick
                0x08002018       0x60 CMakeFiles/fmcw_radar_f429.elf.dir/C_/Users/karun/STM32Cube/Repository/STM32Cube_FW_F4_V1.28.3/Drivers/STM32F4xx_HAL_Driver/Src/stm32f4xx_hal.c.obj
                0x08002018                HAL_InitTick
 .text.HAL_IncTick
                0x08002078       0x28 CMakeFiles/fmcw_radar_f429.elf.dir/C_/Users/karun/STM32Cube/Repository/STM32Cube_FW_F4_V1.28.3/Drivers/STM32F4xx_HAL_Driver/Src/stm32f4xx_hal.c.obj
                0x08002078                HAL_IncTick
 .text.HAL_GetTick
                0x080020a0       0x18 CMakeFiles/fmcw_radar_f429.elf.dir/C_/Users/karun/STM32Cube/Repository/STM32Cube_FW_F4_V1.28.3/Drivers/STM32F4xx_HAL_Driver/Src/stm32f4xx_hal.c.obj
                0x080020a0                HAL_GetTick
 .text.HAL_Delay
                0x080020b8       0x48 CMakeFiles/fmcw_radar_f429.elf.dir/C_/Users/karun/STM32Cube/Repository/STM32Cube_FW_F4_V1.28.3/Drivers/STM32F4xx_HAL_Driver/Src/stm32f4xx_hal.c.obj
                0x080020b8                HAL_Delay
 .text.HAL_GetUIDw0
                0x08002100       0x18 CMakeFiles/fmcw_radar_f429.elf.dir/C_/Users/karun/STM32Cube/Repository/STM32Cube_FW_F4_V1.28.3/Drivers/STM32F4xx_HAL_Driver/Src/stm32f4xx_hal.c.obj
                0x08002100                HAL_GetUIDw0
 .text.HAL_GetUIDw1
                0x08002118       0x18 CMakeFiles/fmcw_radar_f429.elf.dir/C_/Users/karun/STM32Cube/Repository/STM32Cube_FW_F4_V1.28.3/Drivers/STM32F4xx_HAL_Driver/Src/stm32f4xx_hal.c.obj
                0x08002118                HAL_GetUIDw1
 .text.__NVIC_SetPriorityGrouping
                0x08002130       0x48 CMakeFiles/fmcw_radar_f429.elf.dir/C_/Users/karun/STM32Cube/Repository/STM32Cube_FW_F4_V1.28.3/Drivers/STM32F4xx_HAL_Driver/Src/stm32f4xx_hal_cortex.c.obj
 .text.__NVIC_GetPriorityGrouping
                0x08002178       0x1c CMakeFiles/fmcw_radar_f429.elf.dir/C_/Users/karun/STM32Cube/Repository/STM32Cube_FW_F4_V1.28.3/Drivers/STM32F4xx_HAL_Driver/Src/stm32f4xx_hal_cortex.c.obj
 .text.__NVIC_EnableIRQ
                0x08002194       0x3c CMakeFiles/fmcw_radar_f429.elf.dir/C_/Users/karun/STM32Cube/Repository/STM32Cube_FW_F4_V1.28.3/Drivers/STM32F4xx_HAL_Driver/Src/stm32f4xx_hal_cortex.c.obj
 .text.__NVIC_SetPriority
                0x080021d0       0x54 CMakeFiles/fmcw_radar_f429.elf.dir/C_/Users/karun/STM32Cube/Repository/STM32Cube_FW_F4_V1.28.3/Drivers/STM32F4xx_HAL_Driver/Src/stm32f4xx_hal_cortex.c.obj
 .text.NVIC_EncodePriority
                0x08002224       0x66 CMakeFiles/fmcw_radar_f429.elf.dir/C_/Users/karun/STM32Cube/Repository/STM32Cube_FW_F4_V1.28.3/Drivers/STM32F4xx_HAL_Driver/Src/stm32f4xx_hal_cortex.c.obj
 *fill*         0x0800228a        0x2 
 .text.SysTick_Config
                0x0800228c       0x44 CMakeFiles/fmcw_radar_f429.elf.dir/C_/Users/karun/STM32Cube/Repository/STM32Cube_FW_F4_V1.28.3/Drivers/STM32F4xx_HAL_Driver/Src/stm32f4xx_hal_cortex.c.obj
 .text.HAL_NVIC_SetPriorityGrouping
                0x080022d0       0x16 CMakeFiles/fmcw_radar_f429.elf.dir/C_/Users/karun/STM32Cube/Repository/STM32Cube_FW_F4_V1.28.3/Drivers/STM32F4xx_HAL_Driver/Src/stm32f4xx_hal_cortex.c.obj
                0x080022d0                HAL_NVIC_SetPriorityGrouping
 .text.HAL_NVIC_SetPriority
                0x080022e6       0x38 CMakeFiles/fmcw_radar_f429.elf.dir/C_/Users/karun/STM32Cube/Repository/STM32Cube_FW_F4_V1.28.3/Drivers/STM32F4xx_HAL_Driver/Src/stm32f4xx_hal_cortex.c.obj
                0x080022e6                HAL_NVIC_SetPriority
 .text.HAL_NVIC_EnableIRQ
                0x0800231e       0x1c CMakeFiles/fmcw_radar_f429.elf.dir/C_/Users/karun/STM32Cube/Repository/STM32Cube_FW_F4_V1.28.3/Drivers/STM32F4xx_HAL_Driver/Src/stm32f4xx_hal_cortex.c.obj
                0x0800231e                HAL_NVIC_EnableIRQ
 .text.HAL_SYSTICK_Config
                0x0800233a       0x18 CMakeFiles/fmcw_radar_f429.elf.dir/C_/Users/karun/STM32Cube/Repository/STM32Cube_FW_F4_V1.28.3/Drivers/STM32F4xx_HAL_Driver/Src/stm32f4xx_hal_cortex.c.obj
                0x0800233a                HAL_SYSTICK_Config
 *fill*         0x08002352        0x2 
 .text.HAL_GPIO_Init
                0x08002354      0x358 CMakeFiles/fmcw_radar_f429.elf.dir/C_/Users/karun/STM32Cube/Repository/STM32Cube_FW_F4_V1.28.3/Drivers/STM32F4xx_HAL_Driver/Src/stm32f4xx_hal_gpio.c.obj
                0x08002354                HAL_GPIO_Init
 .text.HAL_GPIO_ReadPin
                0x080026ac       0x30 CMakeFiles/fmcw_radar_f429.elf.dir/C_/Users/karun/STM32Cube/Repository/STM32Cube_FW_F4_V1.28.3/Drivers/STM32F4xx_HAL_Driver/Src/stm32f4xx_hal_gpio.c.obj
                0x080026ac                HAL_GPIO_ReadPin
 .text.HAL_GPIO_WritePin
                0x080026dc       0x32 CMakeFiles/fmcw_radar_f429.elf.dir/C_/Users/karun/STM32Cube/Repository/STM32Cube_FW_F4_V1.28.3/Drivers/STM32F4xx_HAL_Driver/Src/stm32f4xx_hal_gpio.c.obj
                0x080026dc                HAL_GPIO_WritePin
 .text.HAL_PCD_Init
                0x0800270e      0x21e CMakeFiles/fmcw_radar_f429.elf.dir/C_/Users/karun/STM32Cube/Repository/STM32Cube_FW_F4_V1.28.3/Drivers/STM32F4xx_HAL_Driver/Src/stm32f4xx_hal_pcd.c.obj
                0x0800270e                HAL_PCD_Init
 .text.HAL_PCD_Start
                0x0800292c       0x6a CMakeFiles/fmcw_radar_f429.elf.dir/C_/Users/karun/STM32Cube/Repository/STM32Cube_FW_F4_V1.28.3/Drivers/STM32F4xx_HAL_Driver/Src/stm32f4xx_hal_pcd.c.obj
                0x0800292c                HAL_PCD_Start
 .text.HAL_PCD_IRQHandler
                0x08002996      0x942 CMakeFiles/fmcw_radar_f429.elf.dir/C_/Users/karun/STM32Cube/Repository/STM32Cube_FW_F4_V1.28.3/Drivers/STM32F4xx_HAL_Driver/Src/stm32f4xx_hal_pcd.c.obj
                0x08002996                HAL_PCD_IRQHandler
 .text.HAL_PCD_SetAddress
                0x080032d8       0x48 CMakeFiles/fmcw_radar_f429.elf.dir/C_/Users/karun/STM32Cube/Repository/STM32Cube_FW_F4_V1.28.3/Drivers/STM32F4xx_HAL_Driver/Src/stm32f4xx_hal_pcd.c.obj
                0x080032d8                HAL_PCD_SetAddress
 .text.HAL_PCD_EP_Open
                0x08003320       0xd4 CMakeFiles/fmcw_radar_f429.elf.dir/C_/Users/karun/STM32Cube/Repository/STM32Cube_FW_F4_V1.28.3/Drivers/STM32F4xx_HAL_Driver/Src/stm32f4xx_hal_pcd.c.obj
                0x08003320                HAL_PCD_EP_Open
 .text.HAL_PCD_EP_Close
                0x080033f4       0x94 CMakeFiles/fmcw_radar_f429.elf.dir/C_/Users/karun/STM32Cube/Repository/STM32Cube_FW_F4_V1.28.3/Drivers/STM32F4xx_HAL_Driver/Src/stm32f4xx_hal_pcd.c.obj
                0x080033f4                HAL_PCD_EP_Close
 .text.HAL_PCD_EP_Receive
                0x08003488       0x76 CMakeFiles/fmcw_radar_f429.elf.dir/C_/Users/karun/STM32Cube/Repository/STM32Cube_FW_F4_V1.28.3/Drivers/STM32F4xx_HAL_Driver/Src/stm32f4xx_hal_pcd.c.obj
                0x08003488                HAL_PCD_EP_Receive
 .text.HAL_PCD_EP_Transmit
                0x080034fe       0x74 CMakeFiles/fmcw_radar_f429.elf.dir/C_/Users/karun/STM32Cube/Repository/STM32Cube_FW_F4_V1.28.3/Drivers/STM32F4xx_HAL_Driver/Src/stm32f4xx_hal_pcd.c.obj
                0x080034fe                HAL_PCD_EP_Transmit
 .text.HAL_PCD_EP_SetStall
                0x08003572       0xc6 CMakeFiles/fmcw_radar_f429.elf.dir/C_/Users/karun/STM32Cube/Repository/STM32Cube_FW_F4_V1.28.3/Drivers/STM32F4xx_HAL_Driver/Src/stm32f4xx_hal_pcd.c.obj
                0x08003572                HAL_PCD_EP_SetStall
 .text.HAL_PCD_EP_ClrStall
                0x08003638       0xac CMakeFiles/fmcw_radar_f429.elf.dir/C_/Users/karun/STM32Cube/Repository/STM32Cube_FW_F4_V1.28.3/Drivers/STM32F4xx_HAL_Driver/Src/stm32f4xx_hal_pcd.c.obj
                0x08003638                HAL_PCD_EP_ClrStall
 .text.HAL_PCD_EP_Abort
                0x080036e4       0x62 CMakeFiles/fmcw_radar_f429.elf.dir/C_/Users/karun/STM32Cube/Repository/STM32Cube_FW_F4_V1.28.3/Drivers/STM32F4xx_HAL_Driver/Src/stm32f4xx_hal_pcd.c.obj
                0x080036e4                HAL_PCD_EP_Abort
 .text.PCD_WriteEmptyTxFifo
                0x08003746      0x118 CMakeFiles/fmcw_radar_f429.elf.dir/C_/Users/karun/STM32Cube/Repository/STM32Cube_FW_F4_V1.28.3/Drivers/STM32F4xx_HAL_Driver/Src/stm32f4xx_hal_pcd.c.obj
 *fill*         0x0800385e        0x2 
 .text.PCD_EP_OutXfrComplete_int
                0x08003860      0x1d0 CMakeFiles/fmcw_radar_f429.elf.dir/C_/Users/karun/STM32Cube/Repository/STM32Cube_FW_F4_V1.28.3/Drivers/STM32F4xx_HAL_Driver/Src/stm32f4xx_hal_pcd.c.obj
 .text.PCD_EP_OutSetupPacket_int
                0x08003a30       0x8c CMakeFiles/fmcw_radar_f429.elf.dir/C_/Users/karun/STM32Cube/Repository/STM32Cube_FW_F4_V1.28.3/Drivers/STM32F4xx_HAL_Driver/Src/stm32f4xx_hal_pcd.c.obj
 .text.HAL_PCDEx_SetTxFiFo
                0x08003abc       0x8e CMakeFiles/fmcw_radar_f429.elf.dir/C_/Users/karun/STM32Cube/Repository/STM32Cube_FW_F4_V1.28.3/Drivers/STM32F4xx_HAL_Driver/Src/stm32f4xx_hal_pcd_ex.c.obj
                0x08003abc                HAL_PCDEx_SetTxFiFo
 .text.HAL_PCDEx_SetRxFiFo
                0x08003b4a       0x22 CMakeFiles/fmcw_radar_f429.elf.dir/C_/Users/karun/STM32Cube/Repository/STM32Cube_FW_F4_V1.28.3/Drivers/STM32F4xx_HAL_Driver/Src/stm32f4xx_hal_pcd_ex.c.obj
                0x08003b4a                HAL_PCDEx_SetRxFiFo
 .text.HAL_PCDEx_LPM_Callback
                0x08003b6c       0x18 CMakeFiles/fmcw_radar_f429.elf.dir/C_/Users/karun/STM32Cube/Repository/STM32Cube_FW_F4_V1.28.3/Drivers/STM32F4xx_HAL_Driver/Src/stm32f4xx_hal_pcd_ex.c.obj
                0x08003b6c                HAL_PCDEx_LPM_Callback
 .text.HAL_RCC_OscConfig
                0x08003b84      0x4f0 CMakeFiles/fmcw_radar_f429.elf.dir/C_/Users/karun/STM32Cube/Repository/STM32Cube_FW_F4_V1.28.3/Drivers/STM32F4xx_HAL_Driver/Src/stm32f4xx_hal_rcc.c.obj
                0x08003b84                HAL_RCC_OscConfig
 .text.HAL_RCC_ClockConfig
                0x08004074      0x1cc CMakeFiles/fmcw_radar_f429.elf.dir/C_/Users/karun/STM32Cube/Repository/STM32Cube_FW_F4_V1.28.3/Drivers/STM32F4xx_HAL_Driver/Src/stm32f4xx_hal_rcc.c.obj
                0x08004074                HAL_RCC_ClockConfig
 .text.HAL_RCC_MCOConfig
                0x08004240       0xd0 CMakeFiles/fmcw_radar_f429.elf.dir/C_/Users/karun/STM32Cube/Repository/STM32Cube_FW_F4_V1.28.3/Drivers/STM32F4xx_HAL_Driver/Src/stm32f4xx_hal_rcc.c.obj
                0x08004240                HAL_RCC_MCOConfig
 .text.HAL_RCC_GetSysClockFreq
                0x08004310      0x18c CMakeFiles/fmcw_radar_f429.elf.dir/C_/Users/karun/STM32Cube/Repository/STM32Cube_FW_F4_V1.28.3/Drivers/STM32F4xx_HAL_Driver/Src/stm32f4xx_hal_rcc.c.obj
                0x08004310                HAL_RCC_GetSysClockFreq
 .text.HAL_RCC_GetHCLKFreq
                0x0800449c       0x18 CMakeFiles/fmcw_radar_f429.elf.dir/C_/Users/karun/STM32Cube/Repository/STM32Cube_FW_F4_V1.28.3/Drivers/STM32F4xx_HAL_Driver/Src/stm32f4xx_hal_rcc.c.obj
                0x0800449c                HAL_RCC_GetHCLKFreq
 .text.USB_CoreInit
                0x080044b4       0xc8 CMakeFiles/fmcw_radar_f429.elf.dir/C_/Users/karun/STM32Cube/Repository/STM32Cube_FW_F4_V1.28.3/Drivers/STM32F4xx_HAL_Driver/Src/stm32f4xx_ll_usb.c.obj
                0x080044b4                USB_CoreInit
 .text.USB_SetTurnaroundTime
                0x0800457c      0x144 CMakeFiles/fmcw_radar_f429.elf.dir/C_/Users/karun/STM32Cube/Repository/STM32Cube_FW_F4_V1.28.3/Drivers/STM32F4xx_HAL_Driver/Src/stm32f4xx_ll_usb.c.obj
                0x0800457c                USB_SetTurnaroundTime
 .text.USB_EnableGlobalInt
                0x080046c0       0x22 CMakeFiles/fmcw_radar_f429.elf.dir/C_/Users/karun/STM32Cube/Repository/STM32Cube_FW_F4_V1.28.3/Drivers/STM32F4xx_HAL_Driver/Src/stm32f4xx_ll_usb.c.obj
                0x080046c0                USB_EnableGlobalInt
 .text.USB_DisableGlobalInt
                0x080046e2       0x22 CMakeFiles/fmcw_radar_f429.elf.dir/C_/Users/karun/STM32Cube/Repository/STM32Cube_FW_F4_V1.28.3/Drivers/STM32F4xx_HAL_Driver/Src/stm32f4xx_ll_usb.c.obj
                0x080046e2                USB_DisableGlobalInt
 .text.USB_SetCurrentMode
                0x08004704       0x98 CMakeFiles/fmcw_radar_f429.elf.dir/C_/Users/karun/STM32Cube/Repository/STM32Cube_FW_F4_V1.28.3/Drivers/STM32F4xx_HAL_Driver/Src/stm32f4xx_ll_usb.c.obj
                0x08004704                USB_SetCurrentMode
 .text.USB_DevInit
                0x0800479c      0x2c8 CMakeFiles/fmcw_radar_f429.elf.dir/C_/Users/karun/STM32Cube/Repository/STM32Cube_FW_F4_V1.28.3/Drivers/STM32F4xx_HAL_Driver/Src/stm32f4xx_ll_usb.c.obj
                0x0800479c                USB_DevInit
 .text.USB_FlushTxFifo
                0x08004a64       0x64 CMakeFiles/fmcw_radar_f429.elf.dir/C_/Users/karun/STM32Cube/Repository/STM32Cube_FW_F4_V1.28.3/Drivers/STM32F4xx_HAL_Driver/Src/stm32f4xx_ll_usb.c.obj
                0x08004a64                USB_FlushTxFifo
 .text.USB_FlushRxFifo
                0x08004ac8       0x5c CMakeFiles/fmcw_radar_f429.elf.dir/C_/Users/karun/STM32Cube/Repository/STM32Cube_FW_F4_V1.28.3/Drivers/STM32F4xx_HAL_Driver/Src/stm32f4xx_ll_usb.c.obj
                0x08004ac8                USB_FlushRxFifo
 .text.USB_SetDevSpeed
                0x08004b24       0x32 CMakeFiles/fmcw_radar_f429.elf.dir/C_/Users/karun/STM32Cube/Repository/STM32Cube_FW_F4_V1.28.3/Drivers/STM32F4xx_HAL_Driver/Src/stm32f4xx_ll_usb.c.obj
                0x08004b24                USB_SetDevSpeed
 .text.USB_GetDevSpeed
                0x08004b56       0x4a CMakeFiles/fmcw_radar_f429.elf.dir/C_/Users/karun/STM32Cube/Repository/STM32Cube_FW_F4_V1.28.3/Drivers/STM32F4xx_HAL_Driver/Src/stm32f4xx_ll_usb.c.obj
                0x08004b56                USB_GetDevSpeed
 .text.USB_ActivateEndpoint
                0x08004ba0      0x10e CMakeFiles/fmcw_radar_f429.elf.dir/C_/Users/karun/STM32Cube/Repository/STM32Cube_FW_F4_V1.28.3/Drivers/STM32F4xx_HAL_Driver/Src/stm32f4xx_ll_usb.c.obj
                0x08004ba0                USB_ActivateEndpoint
 *fill*         0x08004cae        0x2 
 .text.USB_DeactivateEndpoint
                0x08004cb0      0x1b8 CMakeFiles/fmcw_radar_f429.elf.dir/C_/Users/karun/STM32Cube/Repository/STM32Cube_FW_F4_V1.28.3/Drivers/STM32F4xx_HAL_Driver/Src/stm32f4xx_ll_usb.c.obj
                0x08004cb0                USB_DeactivateEndpoint
 .text.USB_EPStartXfer
                0x08004e68      0x53c CMakeFiles/fmcw_radar_f429.elf.dir/C_/Users/karun/STM32Cube/Repository/STM32Cube_FW_F4_V1.28.3/Drivers/STM32F4xx_HAL_Driver/Src/stm32f4xx_ll_usb.c.obj
                0x08004e68                USB_EPStartXfer
 .text.USB_EPStopXfer
                0x080053a4      0x154 CMakeFiles/fmcw_radar_f429.elf.dir/C_/Users/karun/STM32Cube/Repository/STM32Cube_FW_F4_V1.28.3/Drivers/STM32F4xx_HAL_Driver/Src/stm32f4xx_ll_usb.c.obj
                0x080053a4                USB_EPStopXfer
 .text.USB_WritePacket
                0x080054f8       0x7c CMakeFiles/fmcw_radar_f429.elf.dir/C_/Users/karun/STM32Cube/Repository/STM32Cube_FW_F4_V1.28.3/Drivers/STM32F4xx_HAL_Driver/Src/stm32f4xx_ll_usb.c.obj
                0x080054f8                USB_WritePacket
 .text.USB_ReadPacket
                0x08005574       0xb0 CMakeFiles/fmcw_radar_f429.elf.dir/C_/Users/karun/STM32Cube/Repository/STM32Cube_FW_F4_V1.28.3/Drivers/STM32F4xx_HAL_Driver/Src/stm32f4xx_ll_usb.c.obj
                0x08005574                USB_ReadPacket
 .text.USB_EPSetStall
                0x08005624       0xdc CMakeFiles/fmcw_radar_f429.elf.dir/C_/Users/karun/STM32Cube/Repository/STM32Cube_FW_F4_V1.28.3/Drivers/STM32F4xx_HAL_Driver/Src/stm32f4xx_ll_usb.c.obj
                0x08005624                USB_EPSetStall
 .text.USB_EPClearStall
                0x08005700       0xcc CMakeFiles/fmcw_radar_f429.elf.dir/C_/Users/karun/STM32Cube/Repository/STM32Cube_FW_F4_V1.28.3/Drivers/STM32F4xx_HAL_Driver/Src/stm32f4xx_ll_usb.c.obj
                0x08005700                USB_EPClearStall
 .text.USB_SetDevAddress
                0x080057cc       0x4c CMakeFiles/fmcw_radar_f429.elf.dir/C_/Users/karun/STM32Cube/Repository/STM32Cube_FW_F4_V1.28.3/Drivers/STM32F4xx_HAL_Driver/Src/stm32f4xx_ll_usb.c.obj
                0x080057cc                USB_SetDevAddress
 .text.USB_DevConnect
                0x08005818       0x42 CMakeFiles/fmcw_radar_f429.elf.dir/C_/Users/karun/STM32Cube/Repository/STM32Cube_FW_F4_V1.28.3/Drivers/STM32F4xx_HAL_Driver/Src/stm32f4xx_ll_usb.c.obj
                0x08005818                USB_DevConnect
 .text.USB_DevDisconnect
                0x0800585a       0x42 CMakeFiles/fmcw_radar_f429.elf.dir/C_/Users/karun/STM32Cube/Repository/STM32Cube_FW_F4_V1.28.3/Drivers/STM32F4xx_HAL_Driver/Src/stm32f4xx_ll_usb.c.obj
                0x0800585a                USB_DevDisconnect
 .text.USB_ReadInterrupts
                0x0800589c       0x26 CMakeFiles/fmcw_radar_f429.elf.dir/C_/Users/karun/STM32Cube/Repository/STM32Cube_FW_F4_V1.28.3/Drivers/STM32F4xx_HAL_Driver/Src/stm32f4xx_ll_usb.c.obj
                0x0800589c                USB_ReadInterrupts
 .text.USB_ReadDevAllOutEpInterrupt
                0x080058c2       0x34 CMakeFiles/fmcw_radar_f429.elf.dir/C_/Users/karun/STM32Cube/Repository/STM32Cube_FW_F4_V1.28.3/Drivers/STM32F4xx_HAL_Driver/Src/stm32f4xx_ll_usb.c.obj
                0x080058c2                USB_ReadDevAllOutEpInterrupt
 .text.USB_ReadDevAllInEpInterrupt
                0x080058f6       0x34 CMakeFiles/fmcw_radar_f429.elf.dir/C_/Users/karun/STM32Cube/Repository/STM32Cube_FW_F4_V1.28.3/Drivers/STM32F4xx_HAL_Driver/Src/stm32f4xx_ll_usb.c.obj
                0x080058f6                USB_ReadDevAllInEpInterrupt
 .text.USB_ReadDevOutEPInterrupt
                0x0800592a       0x3c CMakeFiles/fmcw_radar_f429.elf.dir/C_/Users/karun/STM32Cube/Repository/STM32Cube_FW_F4_V1.28.3/Drivers/STM32F4xx_HAL_Driver/Src/stm32f4xx_ll_usb.c.obj
                0x0800592a                USB_ReadDevOutEPInterrupt
 .text.USB_ReadDevInEPInterrupt
                0x08005966       0x5c CMakeFiles/fmcw_radar_f429.elf.dir/C_/Users/karun/STM32Cube/Repository/STM32Cube_FW_F4_V1.28.3/Drivers/STM32F4xx_HAL_Driver/Src/stm32f4xx_ll_usb.c.obj
                0x08005966                USB_ReadDevInEPInterrupt
 .text.USB_GetMode
                0x080059c2       0x1c CMakeFiles/fmcw_radar_f429.elf.dir/C_/Users/karun/STM32Cube/Repository/STM32Cube_FW_F4_V1.28.3/Drivers/STM32F4xx_HAL_Driver/Src/stm32f4xx_ll_usb.c.obj
                0x080059c2                USB_GetMode
 .text.USB_ActivateSetup
                0x080059de       0x46 CMakeFiles/fmcw_radar_f429.elf.dir/C_/Users/karun/STM32Cube/Repository/STM32Cube_FW_F4_V1.28.3/Drivers/STM32F4xx_HAL_Driver/Src/stm32f4xx_ll_usb.c.obj
                0x080059de                USB_ActivateSetup
 .text.USB_EP0_OutStart
                0x08005a24       0xbc CMakeFiles/fmcw_radar_f429.elf.dir/C_/Users/karun/STM32Cube/Repository/STM32Cube_FW_F4_V1.28.3/Drivers/STM32F4xx_HAL_Driver/Src/stm32f4xx_ll_usb.c.obj
                0x08005a24                USB_EP0_OutStart
 .text.USB_CoreReset
                0x08005ae0       0x70 CMakeFiles/fmcw_radar_f429.elf.dir/C_/Users/karun/STM32Cube/Repository/STM32Cube_FW_F4_V1.28.3/Drivers/STM32F4xx_HAL_Driver/Src/stm32f4xx_ll_usb.c.obj
 .text.SystemInit
                0x08005b50       0x24 CMakeFiles/fmcw_radar_f429.elf.dir/C_/Users/karun/STM32Cube/Repository/STM32Cube_FW_F4_V1.28.3/Drivers/CMSIS/Device/ST/STM32F4xx/Source/Templates/system_stm32f4xx.c.obj
                0x08005b50                SystemInit
 .text.USBD_Init
                0x08005b74       0x60 CMakeFiles/fmcw_radar_f429.elf.dir/C_/Users/karun/STM32Cube/Repository/STM32Cube_FW_F4_V1.28.3/Middlewares/ST/STM32_USB_Device_Library/Core/Src/usbd_core.c.obj
                0x08005b74                USBD_Init
 .text.USBD_RegisterClass
                0x08005bd4       0x6c CMakeFiles/fmcw_radar_f429.elf.dir/C_/Users/karun/STM32Cube/Repository/STM32Cube_FW_F4_V1.28.3/Middlewares/ST/STM32_USB_Device_Library/Core/Src/usbd_core.c.obj
                0x08005bd4                USBD_RegisterClass
 .text.USBD_Start
                0x08005c40       0x18 CMakeFiles/fmcw_radar_f429.elf.dir/C_/Users/karun/STM32Cube/Repository/STM32Cube_FW_F4_V1.28.3/Middlewares/ST/STM32_USB_Device_Library/Core/Src/usbd_core.c.obj
                0x08005c40                USBD_Start
 .text.USBD_RunTestMode
                0x08005c58       0x16 CMakeFiles/fmcw_radar_f429.elf.dir/C_/Users/karun/STM32Cube/Repository/STM32Cube_FW_F4_V1.28.3/Middlewares/ST/STM32_USB_Device_Library/Core/Src/usbd_core.c.obj
                0x08005c58                USBD_RunTestMode
 .text.USBD_SetClassConfig
                0x08005c6e       0x38 CMakeFiles/fmcw_radar_f429.elf.dir/C_/Users/karun/STM32Cube/Repository/STM32Cube_FW_F4_V1.28.3/Middlewares/ST/STM32_USB_Device_Library/Core/Src/usbd_core.c.obj
                0x08005c6e                USBD_SetClassConfig
 .text.USBD_ClrClassConfig
                0x08005ca6       0x34 CMakeFiles/fmcw_radar_f429.elf.dir/C_/Users/karun/STM32Cube/Repository/STM32Cube_FW_F4_V1.28.3/Middlewares/ST/STM32_USB_Device_Library/Core/Src/usbd_core.c.obj
                0x08005ca6                USBD_ClrClassConfig
 .text.USBD_LL_SetupStage
                0x08005cda       0xaa CMakeFiles/fmcw_radar_f429.elf.dir/C_/Users/karun/STM32Cube/Repository/STM32Cube_FW_F4_V1.28.3/Middlewares/ST/STM32_USB_Device_Library/Core/Src/usbd_core.c.obj
                0x08005cda                USBD_LL_SetupStage
 .text.USBD_LL_DataOutStage
                0x08005d84      0x178 CMakeFiles/fmcw_radar_f429.elf.dir/C_/Users/karun/STM32Cube/Repository/STM32Cube_FW_F4_V1.28.3/Middlewares/ST/STM32_USB_Device_Library/Core/Src/usbd_core.c.obj
                0x08005d84                USBD_LL_DataOutStage
 .text.USBD_LL_DataInStage
                0x08005efc      0x176 CMakeFiles/fmcw_radar_f429.elf.dir/C_/Users/karun/STM32Cube/Repository/STM32Cube_FW_F4_V1.28.3/Middlewares/ST/STM32_USB_Device_Library/Core/Src/usbd_core.c.obj
                0x08005efc                USBD_LL_DataInStage
 .text.USBD_LL_Reset
                0x08006072       0xa6 CMakeFiles/fmcw_radar_f429.elf.dir/C_/Users/karun/STM32Cube/Repository/STM32Cube_FW_F4_V1.28.3/Middlewares/ST/STM32_USB_Device_Library/Core/Src/usbd_core.c.obj
                0x08006072                USBD_LL_Reset
 .text.USBD_LL_SetSpeed
                0x08006118       0x20 CMakeFiles/fmcw_radar_f429.elf.dir/C_/Users/karun/STM32Cube/Repository/STM32Cube_FW_F4_V1.28.3/Middlewares/ST/STM32_USB_Device_Library/Core/Src/usbd_core.c.obj
                0x08006118                USBD_LL_SetSpeed
 .text.USBD_LL_Suspend
                0x08006138       0x38 CMakeFiles/fmcw_radar_f429.elf.dir/C_/Users/karun/STM32Cube/Repository/STM32Cube_FW_F4_V1.28.3/Middlewares/ST/STM32_USB_Device_Library/Core/Src/usbd_core.c.obj
                0x08006138                USBD_LL_Suspend
 .text.USBD_LL_Resume
                0x08006170       0x30 CMakeFiles/fmcw_radar_f429.elf.dir/C_/Users/karun/STM32Cube/Repository/STM32Cube_FW_F4_V1.28.3/Middlewares/ST/STM32_USB_Device_Library/Core/Src/usbd_core.c.obj
                0x08006170                USBD_LL_Resume
 .text.USBD_LL_SOF
                0x080061a0       0x40 CMakeFiles/fmcw_radar_f429.elf.dir/C_/Users/karun/STM32Cube/Repository/STM32Cube_FW_F4_V1.28.3/Middlewares/ST/STM32_USB_Device_Library/Core/Src/usbd_core.c.obj
                0x080061a0                USBD_LL_SOF
 .text.USBD_LL_IsoINIncomplete
                0x080061e0       0x64 CMakeFiles/fmcw_radar_f429.elf.dir/C_/Users/karun/STM32Cube/Repository/STM32Cube_FW_F4_V1.28.3/Middlewares/ST/STM32_USB_Device_Library/Core/Src/usbd_core.c.obj
                0x080061e0                USBD_LL_IsoINIncomplete
 .text.USBD_LL_IsoOUTIncomplete
                0x08006244       0x64 CMakeFiles/fmcw_radar_f429.elf.dir/C_/Users/karun/STM32Cube/Repository/STM32Cube_FW_F4_V1.28.3/Middlewares/ST/STM32_USB_Device_Library/Core/Src/usbd_core.c.obj
                0x08006244                USBD_LL_IsoOUTIncomplete
 .text.USBD_LL_DevConnected
                0x080062a8       0x16 CMakeFiles/fmcw_radar_f429.elf.dir/C_/Users/karun/STM32Cube/Repository/STM32Cube_FW_F4_V1.28.3/Middlewares/ST/STM32_USB_Device_Library/Core/Src/usbd_core.c.obj
                0x080062a8                USBD_LL_DevConnected
 .text.USBD_LL_DevDisconnected
                0x080062be       0x46 CMakeFiles/fmcw_radar_f429.elf.dir/C_/Users/karun/STM32Cube/Repository/STM32Cube_FW_F4_V1.28.3/Middlewares/ST/STM32_USB_Device_Library/Core/Src/usbd_core.c.obj
                0x080062be                USBD_LL_DevDisconnected
 .text.USBD_CoreFindIF
                0x08006304       0x1a CMakeFiles/fmcw_radar_f429.elf.dir/C_/Users/karun/STM32Cube/Repository/STM32Cube_FW_F4_V1.28.3/Middlewares/ST/STM32_USB_Device_Library/Core/Src/usbd_core.c.obj
                0x08006304                USBD_CoreFindIF
 .text.USBD_CoreFindEP
                0x0800631e       0x1a CMakeFiles/fmcw_radar_f429.elf.dir/C_/Users/karun/STM32Cube/Repository/STM32Cube_FW_F4_V1.28.3/Middlewares/ST/STM32_USB_Device_Library/Core/Src/usbd_core.c.obj
                0x0800631e                USBD_CoreFindEP
 .text.SWAPBYTE
                0x08006338       0x3e CMakeFiles/fmcw_radar_f429.elf.dir/C_/Users/karun/STM32Cube/Repository/STM32Cube_FW_F4_V1.28.3/Middlewares/ST/STM32_USB_Device_Library/Core/Src/usbd_ctlreq.c.obj
 *fill*         0x08006376        0x2 
 .text.USBD_StdDevReq
                0x08006378       0xe4 CMakeFiles/fmcw_radar_f429.elf.dir/C_/Users/karun/STM32Cube/Repository/STM32Cube_FW_F4_V1.28.3/Middlewares/ST/STM32_USB_Device_Library/Core/Src/usbd_ctlreq.c.obj
                0x08006378                USBD_StdDevReq
 .text.USBD_StdItfReq
                0x0800645c       0xd8 CMakeFiles/fmcw_radar_f429.elf.dir/C_/Users/karun/STM32Cube/Repository/STM32Cube_FW_F4_V1.28.3/Middlewares/ST/STM32_USB_Device_Library/Core/Src/usbd_ctlreq.c.obj
                0x0800645c                USBD_StdItfReq
 .text.USBD_StdEPReq
                0x08006534      0x33e CMakeFiles/fmcw_radar_f429.elf.dir/C_/Users/karun/STM32Cube/Repository/STM32Cube_FW_F4_V1.28.3/Middlewares/ST/STM32_USB_Device_Library/Core/Src/usbd_ctlreq.c.obj
                0x08006534                USBD_StdEPReq
 *fill*         0x08006872        0x2 
 .text.USBD_GetDescriptor
                0x08006874      0x2d4 CMakeFiles/fmcw_radar_f429.elf.dir/C_/Users/karun/STM32Cube/Repository/STM32Cube_FW_F4_V1.28.3/Middlewares/ST/STM32_USB_Device_Library/Core/Src/usbd_ctlreq.c.obj
 .text.USBD_SetAddress
                0x08006b48       0x88 CMakeFiles/fmcw_radar_f429.elf.dir/C_/Users/karun/STM32Cube/Repository/STM32Cube_FW_F4_V1.28.3/Middlewares/ST/STM32_USB_Device_Library/Core/Src/usbd_ctlreq.c.obj
 .text.USBD_SetConfig
                0x08006bd0      0x154 CMakeFiles/fmcw_radar_f429.elf.dir/C_/Users/karun/STM32Cube/Repository/STM32Cube_FW_F4_V1.28.3/Middlewares/ST/STM32_USB_Device_Library/Core/Src/usbd_ctlreq.c.obj
 .text.USBD_GetConfig
                0x08006d24       0x6c CMakeFiles/fmcw_radar_f429.elf.dir/C_/Users/karun/STM32Cube/Repository/STM32Cube_FW_F4_V1.28.3/Middlewares/ST/STM32_USB_Device_Library/Core/Src/usbd_ctlreq.c.obj
 .text.USBD_GetStatus
                0x08006d90       0x68 CMakeFiles/fmcw_radar_f429.elf.dir/C_/Users/karun/STM32Cube/Repository/STM32Cube_FW_F4_V1.28.3/Middlewares/ST/STM32_USB_Device_Library/Core/Src/usbd_ctlreq.c.obj
 .text.USBD_SetFeature
                0x08006df8       0x52 CMakeFiles/fmcw_radar_f429.elf.dir/C_/Users/karun/STM32Cube/Repository/STM32Cube_FW_F4_V1.28.3/Middlewares/ST/STM32_USB_Device_Library/Core/Src/usbd_ctlreq.c.obj
 .text.USBD_ClrFeature
                0x08006e4a       0x44 CMakeFiles/fmcw_radar_f429.elf.dir/C_/Users/karun/STM32Cube/Repository/STM32Cube_FW_F4_V1.28.3/Middlewares/ST/STM32_USB_Device_Library/Core/Src/usbd_ctlreq.c.obj
 .text.USBD_ParseSetupRequest
                0x08006e8e       0x74 CMakeFiles/fmcw_radar_f429.elf.dir/C_/Users/karun/STM32Cube/Repository/STM32Cube_FW_F4_V1.28.3/Middlewares/ST/STM32_USB_Device_Library/Core/Src/usbd_ctlreq.c.obj
                0x08006e8e                USBD_ParseSetupRequest
 .text.USBD_CtlError
                0x08006f02       0x22 CMakeFiles/fmcw_radar_f429.elf.dir/C_/Users/karun/STM32Cube/Repository/STM32Cube_FW_F4_V1.28.3/Middlewares/ST/STM32_USB_Device_Library/Core/Src/usbd_ctlreq.c.obj
                0x08006f02                USBD_CtlError
 .text.USBD_GetString
                0x08006f24       0xa0 CMakeFiles/fmcw_radar_f429.elf.dir/C_/Users/karun/STM32Cube/Repository/STM32Cube_FW_F4_V1.28.3/Middlewares/ST/STM32_USB_Device_Library/Core/Src/usbd_ctlreq.c.obj
                0x08006f24                USBD_GetString
 .text.USBD_GetLen
                0x08006fc4       0x34 CMakeFiles/fmcw_radar_f429.elf.dir/C_/Users/karun/STM32Cube/Repository/STM32Cube_FW_F4_V1.28.3/Middlewares/ST/STM32_USB_Device_Library/Core/Src/usbd_ctlreq.c.obj
 .text.USBD_CtlSendData
                0x08006ff8       0x3c CMakeFiles/fmcw_radar_f429.elf.dir/C_/Users/karun/STM32Cube/Repository/STM32Cube_FW_F4_V1.28.3/Middlewares/ST/STM32_USB_Device_Library/Core/Src/usbd_ioreq.c.obj
                0x08006ff8                USBD_CtlSendData
 .text.USBD_CtlContinueSendData
                0x08007034       0x22 CMakeFiles/fmcw_radar_f429.elf.dir/C_/Users/karun/STM32Cube/Repository/STM32Cube_FW_F4_V1.28.3/Middlewares/ST/STM32_USB_Device_Library/Core/Src/usbd_ioreq.c.obj
                0x08007034                USBD_CtlContinueSendData
 .text.USBD_CtlContinueRx
                0x08007056       0x22 CMakeFiles/fmcw_radar_f429.elf.dir/C_/Users/karun/STM32Cube/Repository/STM32Cube_FW_F4_V1.28.3/Middlewares/ST/STM32_USB_Device_Library/Core/Src/usbd_ioreq.c.obj
                0x08007056                USBD_CtlContinueRx
 .text.USBD_CtlSendStatus
                0x08007078       0x26 CMakeFiles/fmcw_radar_f429.elf.dir/C_/Users/karun/STM32Cube/Repository/STM32Cube_FW_F4_V1.28.3/Middlewares/ST/STM32_USB_Device_Library/Core/Src/usbd_ioreq.c.obj
                0x08007078                USBD_CtlSendStatus
 .text.USBD_CtlReceiveStatus
                0x0800709e       0x26 CMakeFiles/fmcw_radar_f429.elf.dir/C_/Users/karun/STM32Cube/Repository/STM32Cube_FW_F4_V1.28.3/Middlewares/ST/STM32_USB_Device_Library/Core/Src/usbd_ioreq.c.obj
                0x0800709e                USBD_CtlReceiveStatus
 .text.memset   0x080070c4       0x10 C:/ST/STM32CubeIDE_2.0.0/STM32CubeIDE/plugins/com.st.stm32cube.ide.mcu.externaltools.gnu-tools-for-stm32.13.3.rel1.win32_1.0.100.202509120712/tools/bin/../lib/gcc/arm-none-eabi/13.3.1/../../../../arm-none-eabi/lib/thumb/v7e-m+fp/hard\libc_nano.a(libc_a-memset.o)
                0x080070c4                memset
 .text.__libc_init_array
                0x080070d4       0x48 C:/ST/STM32CubeIDE_2.0.0/STM32CubeIDE/plugins/com.st.stm32cube.ide.mcu.externaltools.gnu-tools-for-stm32.13.3.rel1.win32_1.0.100.202509120712/tools/bin/../lib/gcc/arm-none-eabi/13.3.1/../../../../arm-none-eabi/lib/thumb/v7e-m+fp/hard\libc_nano.a(libc_a-init.o)
                0x080070d4                __libc_init_array
 *(.glue_7)
 .glue_7        0x0800711c        0x0 linker stubs
 *(.glue_7t)
 .glue_7t       0x0800711c        0x0 linker stubs
 *(.eh_frame)
 .eh_frame      0x0800711c        0x0 C:/ST/STM32CubeIDE_2.0.0/STM32CubeIDE/plugins/com.st.stm32cube.ide.mcu.externaltools.gnu-tools-for-stm32.13.3.rel1.win32_1.0.100.202509120712/tools/bin/../lib/gcc/arm-none-eabi/13.3.1/thumb/v7e-m+fp/hard/crtbegin.o
 *(.init)
 .init          0x0800711c        0x4 C:/ST/STM32CubeIDE_2.0.0/STM32CubeIDE/plugins/com.st.stm32cube.ide.mcu.externaltools.gnu-tools-for-stm32.13.3.rel1.win32_1.0.100.202509120712/tools/bin/../lib/gcc/arm-none-eabi/13.3.1/thumb/v7e-m+fp/hard/crti.o
                0x0800711c                _init
 .init          0x08007120        0x8 C:/ST/STM32CubeIDE_2.0.0/STM32CubeIDE/plugins/com.st.stm32cube.ide.mcu.externaltools.gnu-tools-for-stm32.13.3.rel1.win32_1.0.100.202509120712/tools/bin/../lib/gcc/arm-none-eabi/13.3.1/thumb/v7e-m+fp/hard/crtn.o
 *(.fini)
 .fini          0x08007128        0x4 C:/ST/STM32CubeIDE_2.0.0/STM32CubeIDE/plugins/com.st.stm32cube.ide.mcu.externaltools.gnu-tools-for-stm32.13.3.rel1.win32_1.0.100.202509120712/tools/bin/../lib/gcc/arm-none-eabi/13.3.1/thumb/v7e-m+fp/hard/crti.o
                0x08007128                _fini
 .fini          0x0800712c        0x8 C:/ST/STM32CubeIDE_2.0.0/STM32CubeIDE/plugins/com.st.stm32cube.ide.mcu.externaltools.gnu-tools-for-stm32.13.3.rel1.win32_1.0.100.202509120712/tools/bin/../lib/gcc/arm-none-eabi/13.3.1/thumb/v7e-m+fp/hard/crtn.o
                0x08007134                        . = ALIGN (0x4)
                0x08007134                        _etext = .

.vfp11_veneer   0x08007134        0x0
 .vfp11_veneer  0x08007134        0x0 linker stubs

.v4_bx          0x08007134        0x0
 .v4_bx         0x08007134        0x0 linker stubs

.iplt           0x08007134        0x0
 .iplt          0x08007134        0x0 C:/ST/STM32CubeIDE_2.0.0/STM32CubeIDE/plugins/com.st.stm32cube.ide.mcu.externaltools.gnu-tools-for-stm32.13.3.rel1.win32_1.0.100.202509120712/tools/bin/../lib/gcc/arm-none-eabi/13.3.1/thumb/v7e-m+fp/hard/crtbegin.o

.rodata         0x08007134       0x78
                0x08007134                        . = ALIGN (0x4)
 *(.rodata)
 .rodata        0x08007134       0x66 CMakeFiles/fmcw_radar_f429.elf.dir/Core/Src/usbd_desc.c.obj
 *(.rodata*)
 *fill*         0x0800719a        0x2 
 .rodata.AHBPrescTable
                0x0800719c       0x10 CMakeFiles/fmcw_radar_f429.elf.dir/C_/Users/karun/STM32Cube/Repository/STM32Cube_FW_F4_V1.28.3/Drivers/CMSIS/Device/ST/STM32F4xx/Source/Templates/system_stm32f4xx.c.obj
                0x0800719c                AHBPrescTable
                0x080071ac                        . = ALIGN (0x4)

.ARM.extab
 *(.ARM.extab* .gnu.linkonce.armextab.*)

.ARM            0x080071ac        0x8
                0x080071ac                        __exidx_start = .
 *(.ARM.exidx*)
 .ARM.exidx     0x080071ac        0x8 C:/ST/STM32CubeIDE_2.0.0/STM32CubeIDE/plugins/com.st.stm32cube.ide.mcu.externaltools.gnu-tools-for-stm32.13.3.rel1.win32_1.0.100.202509120712/tools/bin/../lib/gcc/arm-none-eabi/13.3.1/thumb/v7e-m+fp/hard\libgcc.a(_udivmoddi4.o)
                0x080071b4                        __exidx_end = .

.rel.dyn        0x080071b4        0x0
 .rel.iplt      0x080071b4        0x0 C:/ST/STM32CubeIDE_2.0.0/STM32CubeIDE/plugins/com.st.stm32cube.ide.mcu.externaltools.gnu-tools-for-stm32.13.3.rel1.win32_1.0.100.202509120712/tools/bin/../lib/gcc/arm-none-eabi/13.3.1/thumb/v7e-m+fp/hard/crtbegin.o

.preinit_array  0x080071b4        0x0
                0x080071b4                        PROVIDE (__preinit_array_start = .)
 *(.preinit_array*)
                0x080071b4                        PROVIDE (__preinit_array_end = .)

.init_array     0x080071b4        0x4
                0x080071b4                        PROVIDE (__init_array_start = .)
 *(SORT_BY_NAME(.init_array.*))
 *(.init_array*)
 .init_array    0x080071b4        0x4 C:/ST/STM32CubeIDE_2.0.0/STM32CubeIDE/plugins/com.st.stm32cube.ide.mcu.externaltools.gnu-tools-for-stm32.13.3.rel1.win32_1.0.100.202509120712/tools/bin/../lib/gcc/arm-none-eabi/13.3.1/thumb/v7e-m+fp/hard/crtbegin.o
                0x080071b8                        PROVIDE (__init_array_end = .)

.fini_array     0x080071b8        0x4
                [!provide]                        PROVIDE (__fini_array_start = .)
 *(SORT_BY_NAME(.fini_array.*))
 *(.fini_array*)
 .fini_array    0x080071b8        0x4 C:/ST/STM32CubeIDE_2.0.0/STM32CubeIDE/plugins/com.st.stm32cube.ide.mcu.externaltools.gnu-tools-for-stm32.13.3.rel1.win32_1.0.100.202509120712/tools/bin/../lib/gcc/arm-none-eabi/13.3.1/thumb/v7e-m+fp/hard/crtbegin.o
                [!provide]                        PROVIDE (__fini_array_end = .)
                0x080071bc                        _sidata = LOADADDR (.data)

.data           0x20000000       0xd8 load address 0x080071bc
                0x20000000                        . = ALIGN (0x4)
                0x20000000                        _sdata = .
 *(.data)
 *(.data*)
 .data.USBD_DeviceDesc
                0x20000000       0x12 CMakeFiles/fmcw_radar_f429.elf.dir/Core/Src/usbd_desc.c.obj
 *fill*         0x20000012        0x2 
 .data.USBD_LangIDDesc
                0x20000014        0x4 CMakeFiles/fmcw_radar_f429.elf.dir/Core/Src/usbd_desc.c.obj
 .data.HS_Desc  0x20000018       0x1c CMakeFiles/fmcw_radar_f429.elf.dir/Core/Src/usbd_desc.c.obj
                0x20000018                HS_Desc
 .data.USBD_VENDOR_STREAM
                0x20000034       0x38 CMakeFiles/fmcw_radar_f429.elf.dir/Core/Src/usbd_vendor_stream.c.obj
                0x20000034                USBD_VENDOR_STREAM
 .data.hs_config_desc
                0x2000006c       0x19 CMakeFiles/fmcw_radar_f429.elf.dir/Core/Src/usbd_vendor_stream.c.obj
 *fill*         0x20000085        0x3 
 .data.fs_config_desc
                0x20000088       0x19 CMakeFiles/fmcw_radar_f429.elf.dir/Core/Src/usbd_vendor_stream.c.obj
 *fill*         0x200000a1        0x3 
 .data.other_speed_config_desc
                0x200000a4       0x19 CMakeFiles/fmcw_radar_f429.elf.dir/Core/Src/usbd_vendor_stream.c.obj
 *fill*         0x200000bd        0x3 
 .data.device_qualifier_desc
                0x200000c0        0xa CMakeFiles/fmcw_radar_f429.elf.dir/Core/Src/usbd_vendor_stream.c.obj
 .data.s_current_slot
                0x200000ca        0x1 CMakeFiles/fmcw_radar_f429.elf.dir/Core/Src/usb_stream.c.obj
 *fill*         0x200000cb        0x1 
 .data.uwTickPrio
                0x200000cc        0x4 CMakeFiles/fmcw_radar_f429.elf.dir/C_/Users/karun/STM32Cube/Repository/STM32Cube_FW_F4_V1.28.3/Drivers/STM32F4xx_HAL_Driver/Src/stm32f4xx_hal.c.obj
                0x200000cc                uwTickPrio
 .data.uwTickFreq
                0x200000d0        0x1 CMakeFiles/fmcw_radar_f429.elf.dir/C_/Users/karun/STM32Cube/Repository/STM32Cube_FW_F4_V1.28.3/Drivers/STM32F4xx_HAL_Driver/Src/stm32f4xx_hal.c.obj
                0x200000d0                uwTickFreq
 *fill*         0x200000d1        0x3 
 .data.SystemCoreClock
                0x200000d4        0x4 CMakeFiles/fmcw_radar_f429.elf.dir/C_/Users/karun/STM32Cube/Repository/STM32Cube_FW_F4_V1.28.3/Drivers/CMSIS/Device/ST/STM32F4xx/Source/Templates/system_stm32f4xx.c.obj
                0x200000d4                SystemCoreClock
                0x200000d8                        . = ALIGN (0x4)
                0x200000d8                        _edata = .

.igot.plt       0x200000d8        0x0 load address 0x08007294
 .igot.plt      0x200000d8        0x0 C:/ST/STM32CubeIDE_2.0.0/STM32CubeIDE/plugins/com.st.stm32cube.ide.mcu.externaltools.gnu-tools-for-stm32.13.3.rel1.win32_1.0.100.202509120712/tools/bin/../lib/gcc/arm-none-eabi/13.3.1/thumb/v7e-m+fp/hard/crtbegin.o

.dma_pool       0x200000e0    0x13980 load address 0x08007294
                0x200000e0                        . = ALIGN (0x20)
 *(.dma_pool)
 .dma_pool      0x200000e0    0x13980 CMakeFiles/fmcw_radar_f429.elf.dir/Core/Src/fmcw_capture.c.obj
                0x200000e0                g_fmcw_adc_pool
                0x20013a60                        . = ALIGN (0x20)

.bss            0x20013a60      0x8a0 load address 0x08007294
                0x20013a60                        . = ALIGN (0x4)
                0x20013a60                        _sbss = .
 *(.bss)
 .bss           0x20013a60       0x1c C:/ST/STM32CubeIDE_2.0.0/STM32CubeIDE/plugins/com.st.stm32cube.ide.mcu.externaltools.gnu-tools-for-stm32.13.3.rel1.win32_1.0.100.202509120712/tools/bin/../lib/gcc/arm-none-eabi/13.3.1/thumb/v7e-m+fp/hard/crtbegin.o
 *(.bss*)
 .bss.s_free_q  0x20013a7c        0x7 CMakeFiles/fmcw_radar_f429.elf.dir/Core/Src/fmcw_capture.c.obj
 *fill*         0x20013a83        0x1 
 .bss.s_usb_tx_q
                0x20013a84        0x7 CMakeFiles/fmcw_radar_f429.elf.dir/Core/Src/fmcw_capture.c.obj
 *fill*         0x20013a8b        0x1 
 .bss.s_active_slot
                0x20013a8c        0x2 CMakeFiles/fmcw_radar_f429.elf.dir/Core/Src/fmcw_capture.c.obj
 *fill*         0x20013a8e        0x2 
 .bss.s_next_slope_seq
                0x20013a90        0x4 CMakeFiles/fmcw_radar_f429.elf.dir/Core/Src/fmcw_capture.c.obj
 .bss.s_muxout_count
                0x20013a94        0x4 CMakeFiles/fmcw_radar_f429.elf.dir/Core/Src/fmcw_capture.c.obj
 .bss.s_last_muxout_us
                0x20013a98        0x8 CMakeFiles/fmcw_radar_f429.elf.dir/Core/Src/fmcw_capture.c.obj
 .bss.s_flags_pending
                0x20013aa0        0x2 CMakeFiles/fmcw_radar_f429.elf.dir/Core/Src/fmcw_capture.c.obj
 .bss.s_aligned
                0x20013aa2        0x1 CMakeFiles/fmcw_radar_f429.elf.dir/Core/Src/fmcw_capture.c.obj
 .bss.s_tx_enabled
                0x20013aa3        0x1 CMakeFiles/fmcw_radar_f429.elf.dir/Core/Src/fmcw_hardware.c.obj
 .bss.s_last_cycles
                0x20013aa4        0x4 CMakeFiles/fmcw_radar_f429.elf.dir/Core/Src/fmcw_time.c.obj
 .bss.s_cycle_high
                0x20013aa8        0x8 CMakeFiles/fmcw_radar_f429.elf.dir/Core/Src/fmcw_time.c.obj
 .bss.hpcd_USB_OTG_HS
                0x20013ab0      0x4e4 CMakeFiles/fmcw_radar_f429.elf.dir/Core/Src/usbd_conf.c.obj
                0x20013ab0                hpcd_USB_OTG_HS
 .bss.USBD_StrDesc
                0x20013f94       0x80 CMakeFiles/fmcw_radar_f429.elf.dir/Core/Src/usbd_desc.c.obj
 .bss.interface_alt_setting.0
                0x20014014        0x1 CMakeFiles/fmcw_radar_f429.elf.dir/Core/Src/usbd_vendor_stream.c.obj
 *fill*         0x20014015        0x3 
 .bss.hUsbDeviceHS
                0x20014018      0x2dc CMakeFiles/fmcw_radar_f429.elf.dir/Core/Src/usb_stream.c.obj
                0x20014018                hUsbDeviceHS
 .bss.s_configured
                0x200142f4        0x1 CMakeFiles/fmcw_radar_f429.elf.dir/Core/Src/usb_stream.c.obj
 .bss.s_in_flight
                0x200142f5        0x1 CMakeFiles/fmcw_radar_f429.elf.dir/Core/Src/usb_stream.c.obj
 *fill*         0x200142f6        0x2 
 .bss.uwTick    0x200142f8        0x4 CMakeFiles/fmcw_radar_f429.elf.dir/C_/Users/karun/STM32Cube/Repository/STM32Cube_FW_F4_V1.28.3/Drivers/STM32F4xx_HAL_Driver/Src/stm32f4xx_hal.c.obj
                0x200142f8                uwTick
 .bss.cfgidx.0  0x200142fc        0x1 CMakeFiles/fmcw_radar_f429.elf.dir/C_/Users/karun/STM32Cube/Repository/STM32Cube_FW_F4_V1.28.3/Middlewares/ST/STM32_USB_Device_Library/Core/Src/usbd_ctlreq.c.obj
 *(COMMON)
                0x20014300                        . = ALIGN (0x4)
 *fill*         0x200142fd        0x3 
                0x20014300                        _ebss = .

.ccmram         0x10000000        0x0
                0x10000000                        . = ALIGN (0x4)
 *(.ccmram)
 *(.ccmram*)
                0x10000000                        . = ALIGN (0x4)

._user_heap_stack
                0x20014300     0x1000
                0x20014300                        . = ALIGN (0x8)
                [!provide]                        PROVIDE (end = .)
                0x20014300                        PROVIDE (_end = .)
                0x20015300                        . = (. + 0x1000)
 *fill*         0x20014300     0x1000 
                0x20015300                        . = ALIGN (0x8)
OUTPUT(fmcw_radar_f429.elf elf32-littlearm)
LOAD linker stubs

.ARM.attributes
                0x00000000       0x30
 .ARM.attributes
                0x00000000       0x22 C:/ST/STM32CubeIDE_2.0.0/STM32CubeIDE/plugins/com.st.stm32cube.ide.mcu.externaltools.gnu-tools-for-stm32.13.3.rel1.win32_1.0.100.202509120712/tools/bin/../lib/gcc/arm-none-eabi/13.3.1/thumb/v7e-m+fp/hard/crti.o
 .ARM.attributes
                0x00000022       0x34 C:/ST/STM32CubeIDE_2.0.0/STM32CubeIDE/plugins/com.st.stm32cube.ide.mcu.externaltools.gnu-tools-for-stm32.13.3.rel1.win32_1.0.100.202509120712/tools/bin/../lib/gcc/arm-none-eabi/13.3.1/thumb/v7e-m+fp/hard/crtbegin.o
 .ARM.attributes
                0x00000056       0x25 CMakeFiles/fmcw_radar_f429.elf.dir/startup/startup_stm32f429xx.s.obj
 .ARM.attributes
                0x0000007b       0x34 CMakeFiles/fmcw_radar_f429.elf.dir/Core/Src/main.c.obj
 .ARM.attributes
                0x000000af       0x34 CMakeFiles/fmcw_radar_f429.elf.dir/Core/Src/fmcw_capture.c.obj
 .ARM.attributes
                0x000000e3       0x34 CMakeFiles/fmcw_radar_f429.elf.dir/Core/Src/fmcw_frame.c.obj
 .ARM.attributes
                0x00000117       0x34 CMakeFiles/fmcw_radar_f429.elf.dir/Core/Src/fmcw_hardware.c.obj
 .ARM.attributes
                0x0000014b       0x34 CMakeFiles/fmcw_radar_f429.elf.dir/Core/Src/fmcw_queue.c.obj
 .ARM.attributes
                0x0000017f       0x34 CMakeFiles/fmcw_radar_f429.elf.dir/Core/Src/fmcw_time.c.obj
 .ARM.attributes
                0x000001b3       0x34 CMakeFiles/fmcw_radar_f429.elf.dir/Core/Src/stm32f4xx_it.c.obj
 .ARM.attributes
                0x000001e7       0x34 CMakeFiles/fmcw_radar_f429.elf.dir/Core/Src/usbd_conf.c.obj
 .ARM.attributes
                0x0000021b       0x34 CMakeFiles/fmcw_radar_f429.elf.dir/Core/Src/usbd_desc.c.obj
 .ARM.attributes
                0x0000024f       0x34 CMakeFiles/fmcw_radar_f429.elf.dir/Core/Src/usbd_vendor_stream.c.obj
 .ARM.attributes
                0x00000283       0x34 CMakeFiles/fmcw_radar_f429.elf.dir/Core/Src/usb_stream.c.obj
 .ARM.attributes
                0x000002b7       0x34 CMakeFiles/fmcw_radar_f429.elf.dir/C_/Users/karun/STM32Cube/Repository/STM32Cube_FW_F4_V1.28.3/Drivers/STM32F4xx_HAL_Driver/Src/stm32f4xx_hal.c.obj
 .ARM.attributes
                0x000002eb       0x34 CMakeFiles/fmcw_radar_f429.elf.dir/C_/Users/karun/STM32Cube/Repository/STM32Cube_FW_F4_V1.28.3/Drivers/STM32F4xx_HAL_Driver/Src/stm32f4xx_hal_cortex.c.obj
 .ARM.attributes
                0x0000031f       0x34 CMakeFiles/fmcw_radar_f429.elf.dir/C_/Users/karun/STM32Cube/Repository/STM32Cube_FW_F4_V1.28.3/Drivers/STM32F4xx_HAL_Driver/Src/stm32f4xx_hal_gpio.c.obj
 .ARM.attributes
                0x00000353       0x34 CMakeFiles/fmcw_radar_f429.elf.dir/C_/Users/karun/STM32Cube/Repository/STM32Cube_FW_F4_V1.28.3/Drivers/STM32F4xx_HAL_Driver/Src/stm32f4xx_hal_pcd.c.obj
 .ARM.attributes
                0x00000387       0x34 CMakeFiles/fmcw_radar_f429.elf.dir/C_/Users/karun/STM32Cube/Repository/STM32Cube_FW_F4_V1.28.3/Drivers/STM32F4xx_HAL_Driver/Src/stm32f4xx_hal_pcd_ex.c.obj
 .ARM.attributes
                0x000003bb       0x34 CMakeFiles/fmcw_radar_f429.elf.dir/C_/Users/karun/STM32Cube/Repository/STM32Cube_FW_F4_V1.28.3/Drivers/STM32F4xx_HAL_Driver/Src/stm32f4xx_hal_rcc.c.obj
 .ARM.attributes
                0x000003ef       0x34 CMakeFiles/fmcw_radar_f429.elf.dir/C_/Users/karun/STM32Cube/Repository/STM32Cube_FW_F4_V1.28.3/Drivers/STM32F4xx_HAL_Driver/Src/stm32f4xx_ll_usb.c.obj
 .ARM.attributes
                0x00000423       0x34 CMakeFiles/fmcw_radar_f429.elf.dir/C_/Users/karun/STM32Cube/Repository/STM32Cube_FW_F4_V1.28.3/Drivers/CMSIS/Device/ST/STM32F4xx/Source/Templates/system_stm32f4xx.c.obj
 .ARM.attributes
                0x00000457       0x34 CMakeFiles/fmcw_radar_f429.elf.dir/C_/Users/karun/STM32Cube/Repository/STM32Cube_FW_F4_V1.28.3/Middlewares/ST/STM32_USB_Device_Library/Core/Src/usbd_core.c.obj
 .ARM.attributes
                0x0000048b       0x34 CMakeFiles/fmcw_radar_f429.elf.dir/C_/Users/karun/STM32Cube/Repository/STM32Cube_FW_F4_V1.28.3/Middlewares/ST/STM32_USB_Device_Library/Core/Src/usbd_ctlreq.c.obj
 .ARM.attributes
                0x000004bf       0x34 CMakeFiles/fmcw_radar_f429.elf.dir/C_/Users/karun/STM32Cube/Repository/STM32Cube_FW_F4_V1.28.3/Middlewares/ST/STM32_USB_Device_Library/Core/Src/usbd_ioreq.c.obj
 .ARM.attributes
                0x000004f3       0x22 C:/ST/STM32CubeIDE_2.0.0/STM32CubeIDE/plugins/com.st.stm32cube.ide.mcu.externaltools.gnu-tools-for-stm32.13.3.rel1.win32_1.0.100.202509120712/tools/bin/../lib/gcc/arm-none-eabi/13.3.1/thumb/v7e-m+fp/hard\libgcc.a(_aeabi_uldivmod.o)
 .ARM.attributes
                0x00000515       0x34 C:/ST/STM32CubeIDE_2.0.0/STM32CubeIDE/plugins/com.st.stm32cube.ide.mcu.externaltools.gnu-tools-for-stm32.13.3.rel1.win32_1.0.100.202509120712/tools/bin/../lib/gcc/arm-none-eabi/13.3.1/thumb/v7e-m+fp/hard\libgcc.a(_udivmoddi4.o)
 .ARM.attributes
                0x00000549       0x22 C:/ST/STM32CubeIDE_2.0.0/STM32CubeIDE/plugins/com.st.stm32cube.ide.mcu.externaltools.gnu-tools-for-stm32.13.3.rel1.win32_1.0.100.202509120712/tools/bin/../lib/gcc/arm-none-eabi/13.3.1/thumb/v7e-m+fp/hard\libgcc.a(_dvmd_tls.o)
 .ARM.attributes
                0x0000056b       0x34 C:/ST/STM32CubeIDE_2.0.0/STM32CubeIDE/plugins/com.st.stm32cube.ide.mcu.externaltools.gnu-tools-for-stm32.13.3.rel1.win32_1.0.100.202509120712/tools/bin/../lib/gcc/arm-none-eabi/13.3.1/../../../../arm-none-eabi/lib/thumb/v7e-m+fp/hard\libc_nano.a(libc_a-memset.o)
 .ARM.attributes
                0x0000059f       0x34 C:/ST/STM32CubeIDE_2.0.0/STM32CubeIDE/plugins/com.st.stm32cube.ide.mcu.externaltools.gnu-tools-for-stm32.13.3.rel1.win32_1.0.100.202509120712/tools/bin/../lib/gcc/arm-none-eabi/13.3.1/../../../../arm-none-eabi/lib/thumb/v7e-m+fp/hard\libc_nano.a(libc_a-init.o)
 .ARM.attributes
                0x000005d3       0x22 C:/ST/STM32CubeIDE_2.0.0/STM32CubeIDE/plugins/com.st.stm32cube.ide.mcu.externaltools.gnu-tools-for-stm32.13.3.rel1.win32_1.0.100.202509120712/tools/bin/../lib/gcc/arm-none-eabi/13.3.1/thumb/v7e-m+fp/hard/crtn.o

.comment        0x00000000       0x43
 .comment       0x00000000       0x43 CMakeFiles/fmcw_radar_f429.elf.dir/Core/Src/main.c.obj
                                 0x44 (size before relaxing)
 .comment       0x00000043        0x0 CMakeFiles/fmcw_radar_f429.elf.dir/Core/Src/fmcw_capture.c.obj
                                 0x44 (size before relaxing)
 .comment       0x00000043        0x0 CMakeFiles/fmcw_radar_f429.elf.dir/Core/Src/fmcw_frame.c.obj
                                 0x44 (size before relaxing)
 .comment       0x00000043        0x0 CMakeFiles/fmcw_radar_f429.elf.dir/Core/Src/fmcw_hardware.c.obj
                                 0x44 (size before relaxing)
 .comment       0x00000043        0x0 CMakeFiles/fmcw_radar_f429.elf.dir/Core/Src/fmcw_queue.c.obj
                                 0x44 (size before relaxing)
 .comment       0x00000043        0x0 CMakeFiles/fmcw_radar_f429.elf.dir/Core/Src/fmcw_time.c.obj
                                 0x44 (size before relaxing)
 .comment       0x00000043        0x0 CMakeFiles/fmcw_radar_f429.elf.dir/Core/Src/stm32f4xx_it.c.obj
                                 0x44 (size before relaxing)
 .comment       0x00000043        0x0 CMakeFiles/fmcw_radar_f429.elf.dir/Core/Src/usbd_conf.c.obj
                                 0x44 (size before relaxing)
 .comment       0x00000043        0x0 CMakeFiles/fmcw_radar_f429.elf.dir/Core/Src/usbd_desc.c.obj
                                 0x44 (size before relaxing)
 .comment       0x00000043        0x0 CMakeFiles/fmcw_radar_f429.elf.dir/Core/Src/usbd_vendor_stream.c.obj
                                 0x44 (size before relaxing)
 .comment       0x00000043        0x0 CMakeFiles/fmcw_radar_f429.elf.dir/Core/Src/usb_stream.c.obj
                                 0x44 (size before relaxing)
 .comment       0x00000043        0x0 CMakeFiles/fmcw_radar_f429.elf.dir/C_/Users/karun/STM32Cube/Repository/STM32Cube_FW_F4_V1.28.3/Drivers/STM32F4xx_HAL_Driver/Src/stm32f4xx_hal.c.obj
                                 0x44 (size before relaxing)
 .comment       0x00000043        0x0 CMakeFiles/fmcw_radar_f429.elf.dir/C_/Users/karun/STM32Cube/Repository/STM32Cube_FW_F4_V1.28.3/Drivers/STM32F4xx_HAL_Driver/Src/stm32f4xx_hal_cortex.c.obj
                                 0x44 (size before relaxing)
 .comment       0x00000043        0x0 CMakeFiles/fmcw_radar_f429.elf.dir/C_/Users/karun/STM32Cube/Repository/STM32Cube_FW_F4_V1.28.3/Drivers/STM32F4xx_HAL_Driver/Src/stm32f4xx_hal_gpio.c.obj
                                 0x44 (size before relaxing)
 .comment       0x00000043        0x0 CMakeFiles/fmcw_radar_f429.elf.dir/C_/Users/karun/STM32Cube/Repository/STM32Cube_FW_F4_V1.28.3/Drivers/STM32F4xx_HAL_Driver/Src/stm32f4xx_hal_pcd.c.obj
                                 0x44 (size before relaxing)
 .comment       0x00000043        0x0 CMakeFiles/fmcw_radar_f429.elf.dir/C_/Users/karun/STM32Cube/Repository/STM32Cube_FW_F4_V1.28.3/Drivers/STM32F4xx_HAL_Driver/Src/stm32f4xx_hal_pcd_ex.c.obj
                                 0x44 (size before relaxing)
 .comment       0x00000043        0x0 CMakeFiles/fmcw_radar_f429.elf.dir/C_/Users/karun/STM32Cube/Repository/STM32Cube_FW_F4_V1.28.3/Drivers/STM32F4xx_HAL_Driver/Src/stm32f4xx_hal_rcc.c.obj
                                 0x44 (size before relaxing)
 .comment       0x00000043        0x0 CMakeFiles/fmcw_radar_f429.elf.dir/C_/Users/karun/STM32Cube/Repository/STM32Cube_FW_F4_V1.28.3/Drivers/STM32F4xx_HAL_Driver/Src/stm32f4xx_ll_usb.c.obj
                                 0x44 (size before relaxing)
 .comment       0x00000043        0x0 CMakeFiles/fmcw_radar_f429.elf.dir/C_/Users/karun/STM32Cube/Repository/STM32Cube_FW_F4_V1.28.3/Drivers/CMSIS/Device/ST/STM32F4xx/Source/Templates/system_stm32f4xx.c.obj
                                 0x44 (size before relaxing)
 .comment       0x00000043        0x0 CMakeFiles/fmcw_radar_f429.elf.dir/C_/Users/karun/STM32Cube/Repository/STM32Cube_FW_F4_V1.28.3/Middlewares/ST/STM32_USB_Device_Library/Core/Src/usbd_core.c.obj
                                 0x44 (size before relaxing)
 .comment       0x00000043        0x0 CMakeFiles/fmcw_radar_f429.elf.dir/C_/Users/karun/STM32Cube/Repository/STM32Cube_FW_F4_V1.28.3/Middlewares/ST/STM32_USB_Device_Library/Core/Src/usbd_ctlreq.c.obj
                                 0x44 (size before relaxing)
 .comment       0x00000043        0x0 CMakeFiles/fmcw_radar_f429.elf.dir/C_/Users/karun/STM32Cube/Repository/STM32Cube_FW_F4_V1.28.3/Middlewares/ST/STM32_USB_Device_Library/Core/Src/usbd_ioreq.c.obj
                                 0x44 (size before relaxing)

.debug_frame    0x00000000       0xac
 .debug_frame   0x00000000       0x2c C:/ST/STM32CubeIDE_2.0.0/STM32CubeIDE/plugins/com.st.stm32cube.ide.mcu.externaltools.gnu-tools-for-stm32.13.3.rel1.win32_1.0.100.202509120712/tools/bin/../lib/gcc/arm-none-eabi/13.3.1/thumb/v7e-m+fp/hard\libgcc.a(_aeabi_uldivmod.o)
 .debug_frame   0x0000002c       0x34 C:/ST/STM32CubeIDE_2.0.0/STM32CubeIDE/plugins/com.st.stm32cube.ide.mcu.externaltools.gnu-tools-for-stm32.13.3.rel1.win32_1.0.100.202509120712/tools/bin/../lib/gcc/arm-none-eabi/13.3.1/thumb/v7e-m+fp/hard\libgcc.a(_udivmoddi4.o)
 .debug_frame   0x00000060       0x20 C:/ST/STM32CubeIDE_2.0.0/STM32CubeIDE/plugins/com.st.stm32cube.ide.mcu.externaltools.gnu-tools-for-stm32.13.3.rel1.win32_1.0.100.202509120712/tools/bin/../lib/gcc/arm-none-eabi/13.3.1/../../../../arm-none-eabi/lib/thumb/v7e-m+fp/hard\libc_nano.a(libc_a-memset.o)
 .debug_frame   0x00000080       0x2c C:/ST/STM32CubeIDE_2.0.0/STM32CubeIDE/plugins/com.st.stm32cube.ide.mcu.externaltools.gnu-tools-for-stm32.13.3.rel1.win32_1.0.100.202509120712/tools/bin/../lib/gcc/arm-none-eabi/13.3.1/../../../../arm-none-eabi/lib/thumb/v7e-m+fp/hard\libc_nano.a(libc_a-init.o)
